WARNING: Using incubator modules: jdk.incubator.vector
WARNING: Using incubator modules: jdk.incubator.vector
[info] welcome to sbt 1.11.7 (Eclipse Adoptium Java 21.0.12.1)
[info] loading settings for project gale-build from plugins.sbt...
[info] loading project definition from /Users/bbuchsbaum/code/scala/gale/project
[info] loading settings for project root from build.sbt...
[info] loading settings for project ravel-build from plugins.sbt...
[info] loading project definition from /Users/bbuchsbaum/.sbt/1.0/staging/6c77ef03ad5f6b5be136/ravel/project
[info] loading settings for project root from build.sbt...
[info] resolving key references (31739 settings) ...
[info] set current project to gale (in build file:/Users/bbuchsbaum/code/scala/gale/)
[info] scalafmt: Formatting 7 Scala sources (/Users/bbuchsbaum/code/scala/gale/core/jvm)...
[info] scalafmt: Formatting 7 Scala sources (/Users/bbuchsbaum/code/scala/gale/core/js)...
[info] scalafmt: Formatting 1 Scala sources (/Users/bbuchsbaum/code/scala/gale/core/jvm)...
[info] scalafmt: Formatting 1 Scala sources (/Users/bbuchsbaum/code/scala/gale/core/js)...
[info] scalafmt: Reformatted 1 Scala sources
[info] scalafmt: Reformatted 1 Scala sources
[info] scalafmt: Reformatted 7 Scala sources
[info] scalafmt: Reformatted 7 Scala sources
[success] Total time: 2 s, completed Oct 7, 2026, 4:10:09 p.m.
[info] compiling 7 Scala sources to /Users/bbuchsbaum/code/scala/gale/core/jvm/target/scala-3.7.4/classes ...
[info] done compiling
[info] compiling 9 Scala sources to /Users/bbuchsbaum/code/scala/gale/core/jvm/target/scala-3.7.4/classes ...
[info] done compiling
[info] compiling 5 Scala sources to /Users/bbuchsbaum/code/scala/gale/core/jvm/target/scala-3.7.4/test-classes ...
[error] -- [E008] Not Found Error: /Users/bbuchsbaum/code/scala/gale/core/shared/src/test/scala/gale/optim/LevenbergMarquardtSuite.scala:19:93 
[error] 19 |    assertEqualsDouble(solved.solution.certificate.primalResidual, Math.abs(solved.residuals.sum), 1e-14)
[error]    |                                                                            ^^^^^^^^^^^^^^^^^^^^
[error]    |                           value sum is not a member of gale.linalg.DVec
[error] one error found
[error] (coreJVM / Test / compileIncremental) Compilation failed
[error] Total time: 7 s, completed Oct 7, 2026, 4:10:16 p.m.
