WARNING: Using incubator modules: jdk.incubator.vector
WARNING: Using incubator modules: jdk.incubator.vector
[info] welcome to sbt 1.11.7 (Eclipse Adoptium Java 21.0.12.1)
[info] loading settings for project gale-build from plugins.sbt...
[info] loading project definition from /Users/bbuchsbaum/code/scala/gale/project
[info] loading settings for project root from build.sbt...
[info] loading settings for project ravel-build from plugins.sbt...
[info] loading project definition from /Users/bbuchsbaum/.sbt/1.0/staging/6c77ef03ad5f6b5be136/ravel/project
[info] loading settings for project root from build.sbt...
[info] resolving key references (31739 settings) ...
[info] set current project to gale (in build file:/Users/bbuchsbaum/code/scala/gale/)
[info] scalafmt: Formatting 2 Scala sources (/Users/bbuchsbaum/code/scala/gale/core/jvm)...
[info] scalafmt: Formatting 2 Scala sources (/Users/bbuchsbaum/code/scala/gale/core/js)...
[info] scalafmt: Reformatted 2 Scala sources
[info] scalafmt: Reformatted 2 Scala sources
[success] Total time: 1 s, completed Oct 7, 2026, 4:11:32 p.m.
[info] compiling 6 Scala sources to /Users/bbuchsbaum/code/scala/gale/core/jvm/target/scala-3.7.4/test-classes ...
[info] done compiling
Test run gale.optim.LevenbergMarquardtSuite started
gale.optim.LevenbergMarquardtSuite: finished 0.05s
Test run gale.optim.LBFGSBSuite started
gale.optim.LBFGSBSuite: finished 0.05s
Test run gale.optim.LevenbergMarquardtSuite finished: 0 failed, 0 ignored, 10 total 0.059s
Test run gale.optim.LBFGSBSuite finished: 0 failed, 0 ignored, 8 total 0.059s
[info] Passed: Total 18, Failed 0, Errors 0, Passed 18
[success] Total time: 4 s, completed Oct 7, 2026, 4:11:36 p.m.
[info] compiling 7 Scala sources to /Users/bbuchsbaum/code/scala/gale/core/js/target/scala-3.7.4/classes ...
[info] done compiling
[info] compiling 9 Scala sources to /Users/bbuchsbaum/code/scala/gale/core/js/target/scala-3.7.4/classes ...
[info] done compiling
[info] compiling 6 Scala sources to /Users/bbuchsbaum/code/scala/gale/core/js/target/scala-3.7.4/test-classes ...
[info] done compiling
[info] Fast optimizing /Users/bbuchsbaum/code/scala/gale/core/js/target/scala-3.7.4/gale-core-test-fastopt
Test run gale.optim.LBFGSBSuite started
Test run gale.optim.LevenbergMarquardtSuite started
gale.optim.LevenbergMarquardtSuite: finished 0.015s
Test run gale.optim.LevenbergMarquardtSuite finished: 0 failed, 0 ignored, 10 total 0.015s
gale.optim.LBFGSBSuite: finished 0.017s
Test run gale.optim.LBFGSBSuite finished: 0 failed, 0 ignored, 8 total 0.017s
[info] Passed: Total 18, Failed 0, Errors 0, Passed 18
[success] Total time: 12 s, completed Oct 7, 2026, 4:11:48 p.m.
