WARNING: Using incubator modules: jdk.incubator.vector
WARNING: Using incubator modules: jdk.incubator.vector
[info] welcome to sbt 1.11.7 (Eclipse Adoptium Java 21.0.12.1)
[info] loading settings for project gale-build from plugins.sbt...
[info] loading project definition from /Users/bbuchsbaum/code/scala/gale/project
[info] loading settings for project root from build.sbt...
[info] loading settings for project ravel-build from plugins.sbt...
[info] loading project definition from /Users/bbuchsbaum/.sbt/1.0/staging/6c77ef03ad5f6b5be136/ravel/project
[info] loading settings for project root from build.sbt...
[info] resolving key references (31739 settings) ...
[info] set current project to gale (in build file:/Users/bbuchsbaum/code/scala/gale/)
[info] scalafmt: Formatting 2 Scala sources (/Users/bbuchsbaum/code/scala/gale/benchmarks/js)...
[info] scalafmt: Formatting 2 Scala sources (/Users/bbuchsbaum/code/scala/gale/core/jvm)...
[info] scalafmt: Formatting 2 Scala sources (/Users/bbuchsbaum/code/scala/gale/core/js)...
[info] scalafmt: Formatting 2 Scala sources (/Users/bbuchsbaum/code/scala/gale/core/jvm)...
[info] scalafmt: Formatting 2 Scala sources (/Users/bbuchsbaum/code/scala/gale/core/js)...
[info] scalafmt: Formatting 2 Scala sources (/Users/bbuchsbaum/code/scala/gale/benchmarks/jvm)...
[info] scalafmt: Reformatted 1 Scala sources
[info] scalafmt: Reformatted 1 Scala sources
[info] scalafmt: Reformatted 1 Scala sources
[info] scalafmt: Reformatted 1 Scala sources
[info] scalafmt: Reformatted 2 Scala sources
[info] scalafmt: Reformatted 2 Scala sources
[success] Total time: 1 s, completed Oct 7, 2026, 4:21:32 p.m.
[info] compiling 2 Scala sources to /Users/bbuchsbaum/code/scala/gale/core/jvm/target/scala-3.7.4/classes ...
[info] done compiling
[info] compiling 2 Scala sources to /Users/bbuchsbaum/code/scala/gale/core/jvm/target/scala-3.7.4/test-classes ...
[info] done compiling
Test run gale.optim.LBFGSBSuite started
gale.optim.LBFGSBSuite: finished 0.05s
Test run gale.optim.LevenbergMarquardtSuite started
gale.optim.LevenbergMarquardtSuite: finished 0.05s
Test run gale.optim.LBFGSBSuite finished: 0 failed, 0 ignored, 9 total 0.065s
Test run gale.optim.LevenbergMarquardtSuite finished: 0 failed, 0 ignored, 11 total 0.065s
[info] Passed: Total 20, Failed 0, Errors 0, Passed 20
[success] Total time: 5 s, completed Oct 7, 2026, 4:21:37 p.m.
[info] compiling 2 Scala sources to /Users/bbuchsbaum/code/scala/gale/core/js/target/scala-3.7.4/classes ...
[info] done compiling
[info] compiling 2 Scala sources to /Users/bbuchsbaum/code/scala/gale/core/js/target/scala-3.7.4/test-classes ...
[info] done compiling
[info] Fast optimizing /Users/bbuchsbaum/code/scala/gale/core/js/target/scala-3.7.4/gale-core-test-fastopt
Test run gale.optim.LBFGSBSuite started
gale.optim.LBFGSBSuite: finished 0.020s
Test run gale.optim.LBFGSBSuite finished: 0 failed, 0 ignored, 9 total 0.020s
Test run gale.optim.LevenbergMarquardtSuite started
gale.optim.LevenbergMarquardtSuite: finished 0.016s
Test run gale.optim.LevenbergMarquardtSuite finished: 0 failed, 0 ignored, 11 total 0.016s
[info] Passed: Total 20, Failed 0, Errors 0, Passed 20
[success] Total time: 7 s, completed Oct 7, 2026, 4:21:44 p.m.
[info] compiling 4 Scala sources to /Users/bbuchsbaum/code/scala/gale/benchmarks/jvm/target/scala-3.7.4/classes ...
[info] done compiling
[info] compiling 3 Scala sources to /Users/bbuchsbaum/code/scala/gale/benchmarks/jvm/target/scala-3.7.4/classes ...
[info] done compiling
[info] running gale.bench.OptimizationExtensionsBench 10 11
case_id	status	objective	residual	iterations	callbacks	residual_calls	jacobian_calls	median_ms	times_ms	x
lm-exp-64	Converged	1.4498148441043157E-24	9.269302095021265E-12	5	12	6	6	0.602417	0.697,0.709375,0.602417,0.625792,0.527834,0.564792,0.837583,0.541792,1.281,0.496959,0.492167	1.9999999999993632,0.34999999999982695
lm-exp-offset-256	Converged	0.006374346493784341	3.8252551007398466E-10	7	15	8	7	1.379292	1.505417,1.421667,1.641083,1.616625,1.379292,1.30575,1.369792,1.660666,1.286208,1.256667,1.248541	2.0002270760923384,0.3500430549244299,0.19999027784793652
lm-rosenbrock	Converged	4.881020994046851E-19	5.676098484273697E-10	19	37	20	17	0.268708	0.250167,0.245875,0.268708,0.263042,0.41675,0.228917,0.224833,0.330958,0.418041,0.339541,0.268875	0.9999999990121929,0.9999999980222849
lm-scaled-linear-8	Converged	2.1034236480619635E-29	4.04121180963557E-11	4	10	5	5	0.187208	0.184125,0.193958,0.187208,0.174417,0.174542,0.181458,0.193375,0.183334,0.224084,0.192166,0.200042	9999.999999999987,719.6856730011511,51.794746792312054,3.7275937203149363,0.2682695795279723,0.01930697728883251,0.001389495494373137,9.999999999999986E-5
lm-rank-deficient-3	Converged	0.0015846826474571777	9.480888955859523E-10	3	8	4	4	0.154375	0.255292,0.173458,0.239042,0.149875,0.15325,0.294708,0.14875,0.154792,0.154375,0.148583,0.145708	1.4999247214189442,0.7499623607094704,0.3999544886981504
box-diagonal-16	Converged	83.8233735324118	1.4932499681208355E-11	6	14	0	0	0.570333	0.724209,0.599459,1.167375,0.690083,0.563,0.570417,0.570333,0.547041,0.498917,0.558875,0.466958	0.41767137355616735,0.5,0.5,0.5,0.5,0.5,0.5,0.5,0.5,0.5,0.5,0.5,0.5,0.5,0.5,0.3621949599487823
box-diagonal-512	LineSearchFailed	3349.7635334262436	1.958835226375092E-6	222	274	0	0	132.173375	136.914416,138.47775,136.040292,136.98275,132.173375,130.049958,128.892375,141.156458,127.478792,126.233042,127.819292	0.41767043306117335,0.5,0.5,0.5,0.5,0.5,0.5,0.5,0.5,0.5,0.5,0.5,0.5,0.5,0.5,0.3621946923832709,0.1752568834085235,-0.017967567871473265,-0.2123395730763472,-0.4026666913582156,-0.5,-0.5,-0.5,-0.5,-0.5,-0.5,-0.5,-0.5,-0.5,-0.5,-0.5,-0.5,-0.5,-0.5,-0.5,-0.33330837530982715,-0.1429628430220586,0.048996516032874665,0.2374184468423356,0.4172800231339138,0.5,0.5,0.5,0.5,0.5,0.5,0.5,0.5,0.5,0.5,0.5,0.5,0.5,0.47776287306014137,0.3179419345110477,0.15302725928298763,-0.012145278398543543,-0.17278250552564062,-0.3242722765961217,-0.462316529340137,-0.5,-0.5,-0.5,-0.5,-0.5,-0.5,-0.5,-0.5,-0.5,-0.5,-0.46524542842692057,-0.33709998069739555,-0.19951185547448824,-0.056904668640935706,0.08616210243102722,0.22513015615187823,0.3555789474744291,0.47335781721890136,0.5,0.5,0.5,0.5,0.5,0.5,0.5,0.5,0.5,0.43824528078633496,0.31280803380758365,0.1744428144354125,0.0273264262303824,-0.12406697819719496,-0.2750976077230702,-0.42109747934506103,-0.5,-0.5,-0.5,-0.5,-0.5,-0.5,-0.5,-0.5,-0.5,-0.5,-0.5,-0.5,-0.4379395546395436,-0.2768462248850145,-0.10453348766952616,0.07430254300491265,0.25473501546020805,0.43174596594564457,0.5,0.5,0.5,0.5,0.5,0.5,0.5,0.5,0.5,0.5,0.5,0.5,0.5,0.5,0.43207335982043094,0.24337972228471372,0.04790839379612087,-0.14916522787782602,-0.34261681342704675,-0.5,-0.5,-0.5,-0.5,-0.5,-0.5,-0.5,-0.5,-0.5,-0.5,-0.5,-0.5,-0.5,-0.5,-0.5,-0.36604363387358224,-0.1829447208982461,0.001909397042176627,0.18345909526359302,0.35677955643540904,0.5,0.5,0.5,0.5,0.5,0.5,0.5,0.5,0.5,0.5,0.5,0.5,0.5,0.41373903841437426,0.26210405728059905,0.10639159498963394,-0.04867469857936662,-0.19843457628508998,-0.33842801569101766,-0.46452547610273665,-0.5,-0.5,-0.5,-0.5,-0.5,-0.5,-0.5,-0.5,-0.5,-0.4798174320104169,-0.3607265167073523,-0.22960436900619347,-0.09066432358070842,0.05164044380785435,0.19275061852553307,0.328137780567809,0.45344053279776825,0.5,0.5,0.5,0.5,0.5,0.5,0.5,0.5,0.5,0.5,0.41629673925365307,0.2790924802341602,0.1296563600874402,-0.027673967535631637,-0.1882829499531334,-0.3474113101025959,-0.5,-0.5,-0.5,-0.5,-0.5,-0.5,-0.5,-0.5,-0.5,-0.5,-0.5,-0.5,-0.5,-0.49498688618791464,-0.3261306787129663,-0.1457630318075931,0.04130017321910078,0.2300197820197421,0.4152746008764478,0.5,0.5,0.5,0.5,0.5,0.5,0.5,0.5,0.5,0.5,0.5,0.5,0.5,0.5,0.4965613317576897,0.30961167733510414,0.11541773184772296,-0.08085263340588124,-0.2739869979445413,-0.4588729242195192,-0.5,-0.5,-0.5,-0.5,-0.5,-0.5,-0.5,-0.5,-0.5,-0.5,-0.5,-0.5,-0.5,-0.5,-0.3705981584580599,-0.19652375625293578,-0.02087218089714429,0.15141547897844831,0.31554308968883593,0.4669956032861667,0.5,0.5,0.5,0.5,0.5,0.5,0.5,0.5,0.5,0.5,0.5,0.4637140190506526,0.3255854651089072,0.1801312352554487,0.03193231439592015,-0.11438077881554584,-0.2542658295434644,-0.3834037686510913,-0.4978266837145655,-0.5,-0.5,-0.5,-0.5,-0.5,-0.5,-0.5,-0.5,-0.5,-0.3949355359713076,-0.26826004097013423,-0.13097685206796525,0.012604666204192098,0.1579629790080002,0.3004995575623232,0.43567624534825916,0.5,0.5,0.5,0.5,0.5,0.5,0.5,0.5,0.5,0.5,0.5,0.425325088932628,0.2765699708236809,0.11590575994031974,-0.05216820661235214,-0.22288983709920798,-0.3913704646281851,-0.5,-0.5,-0.5,-0.5,-0.5,-0.5,-0.5,-0.5,-0.5,-0.5,-0.5,-0.5,-0.5,-0.5,-0.39105496279003044,-0.20558151799037053,-0.013017553186691115,0.18151957380640177,0.3728363051606761,0.5,0.5,0.5,0.5,0.5,0.5,0.5,0.5,0.5,0.5,0.5,0.5,0.5,0.5,0.5,0.3631319483773999,0.17352010805427168,-0.01852839818986421,-0.20785526014979142,-0.3894070569686608,-0.5,-0.5,-0.5,-0.5,-0.5,-0.5,-0.5,-0.5,-0.5,-0.5,-0.5,-0.5,-0.5,-0.5,-0.34386152434154654,-0.1794351662355435,-0.013979915593552592,0.14769471967002268,0.30093871080683254,0.44139561315078946,0.5,0.5,0.5,0.5,0.5,0.5,0.5,0.5,0.5,0.5,0.48450193160927646,0.35825262482479814,0.2218776514760829,0.07976649176631803,-0.06353398045323642,-0.20345602532377083,-0.3355480008857366,-0.4556077540582868,-0.5,-0.5,-0.5,-0.5,-0.5,-0.5,-0.5,-0.5,-0.5,-0.4567731310294159,-0.3337541622640149,-0.1971777188122102,-0.051161715053182795,0.09985840000269611,0.2512602474723288,0.39837102828685317,0.5,0.5,0.5,0.5,0.5,0.5,0.5,0.5,0.5,0.5,0.5,0.5,0.4622662999087668,0.30337103731050596,0.13253858567670468,-0.04558397028594531,-0.22609743671466528,-0.4039889019478609,-0.5,-0.5,-0.5,-0.5,-0.5,-0.5,-0.5,-0.5,-0.5,-0.5,-0.5,-0.5,-0.5,-0.5,-0.46116503988399293,-0.2740177144584236,-0.07928265120123926,0.11788594917554768,0.3122619395985832,0.49869235886055496,0.5,0.5,0.5,0.5,0.5,0.5,0.5,0.5,0.5,0.5,0.5,0.5,0.5,0.5,0.39470589295123715,0.2123549820108666,0.027440240612750882,-0.1549705995478028,-0.3299218249249461,-0.49270894971340234,-0.5,-0.5,-0.5,-0.5,-0.5,-0.5,-0.5,-0.5,-0.5,-0.5,-0.5,-0.5,-0.43720168720259595,-0.28664912191966263,-0.13127009846978957,0.024214381686812288,0.17512475319252396,0.3169601735591219,0.4455301035264112,0.5,0.5,0.5,0.5,0.5,0.5,0.5,0.5,0.5,0.49741202471124063,0.3806035768133273,0.2511235356438515,0.11313510331164679,-0.028937895129646115,-0.17054393313684818,-0.30714048931593485,-0.434330607461499,-0.5,-0.5,-0.5,-0.5,-0.5,-0.5,-0.5,-0.5,-0.5,-0.5
box-rotated-32	LineSearchFailed	551.4038299911995	2.3194725606856537E-6	34	75	0	0	1.437583	1.462584,1.424959,1.436167,1.437583,1.462833,1.443917,1.395375,1.392833,1.434584,1.44625,1.452792	0.2902045106754125,0.5,0.5,-0.10053046335716662,0.5,0.5,0.5,0.5,0.5,0.5,0.5,0.5,-0.5,0.5,-0.1058206831222628,0.28905263600486814,0.5,-0.17527196097100378,0.5,-0.5,-0.5,-0.5,-0.5,-0.30666143551858643,0.01864094884106077,-0.5,0.02408030642838692,-0.5,-0.5,-0.5,-0.5,-0.3640096246021061
box-rosenbrock-2	Converged	0.03999999999999998	0.0	30	45	0	0	0.430084	0.411958,0.458958,0.432625,0.427292,0.430375,0.571417,0.454417,0.423667,0.412959,0.420666,0.430084	0.8,0.6400000000000001
box-logistic-1024-16	Converged	0.6549480488866976	4.488804505181632E-9	4	5	0	0	0.759791	1.4915,1.4925,1.384791,0.745583,0.739709,0.742,0.759791,0.732042,0.737333,2.630375,0.763041	0.07792485269025635,0.06778791094441443,0.1414979879430328,0.15,0.15,0.15,0.15,0.15,0.15,0.15,0.15,0.15,0.15,0.15,0.15,0.09740031035870081
[success] Total time: 7 s, completed Oct 7, 2026, 4:21:52 p.m.
