WARNING: Using incubator modules: jdk.incubator.vector
WARNING: Using incubator modules: jdk.incubator.vector
[info] welcome to sbt 1.11.7 (Eclipse Adoptium Java 21.0.12.1)
[info] loading settings for project gale-build from plugins.sbt...
[info] loading project definition from /Users/bbuchsbaum/code/scala/gale/project
[info] loading settings for project root from build.sbt...
[info] loading settings for project ravel-build from plugins.sbt...
[info] loading project definition from /Users/bbuchsbaum/.sbt/1.0/staging/6c77ef03ad5f6b5be136/ravel/project
[info] loading settings for project root from build.sbt...
[info] resolving key references (31739 settings) ...
[info] set current project to gale (in build file:/Users/bbuchsbaum/code/scala/gale/)
[info] compiling 3 Scala sources to /Users/bbuchsbaum/code/scala/gale/core/jvm/target/scala-3.7.4/classes ...
[info] done compiling
[info] compiling 7 Scala sources to /Users/bbuchsbaum/code/scala/gale/core/jvm/target/scala-3.7.4/classes ...
[info] done compiling
[info] compiling 1 Scala source to /Users/bbuchsbaum/code/scala/gale/core/jvm/target/scala-3.7.4/test-classes ...
[info] done compiling
Test run gale.optim.OptimizationNumericsSuite started
gale.optim.OptimizationNumericsSuite: finished 0.043s
Test run gale.optim.OptimizationNumericsSuite finished: 0 failed, 0 ignored, 2 total 0.06s
Test run gale.optim.StandardTermsSuite started
gale.optim.StandardTermsSuite: finished 0.068s
Test run gale.optim.StandardTermsSuite finished: 0 failed, 0 ignored, 7 total 0.08s
Test run gale.optim.DenseObjectivesSuite started
gale.optim.DenseObjectivesSuite: finished 0.074s
Test run gale.optim.DenseObjectivesSuite finished: 0 failed, 0 ignored, 4 total 0.084s
Test run gale.optim.LevenbergMarquardtSuite started
gale.optim.LevenbergMarquardtSuite: finished 0.088s
Test run gale.optim.LevenbergMarquardtSuite finished: 0 failed, 0 ignored, 12 total 0.098s
Test run gale.optim.LBFGSBSuite started
gale.optim.LBFGSBSuite: finished 0.098s
Test run gale.optim.LBFGSBSuite finished: 0 failed, 0 ignored, 12 total 0.108s
Test run gale.optim.OptimizationContractsSuite started
gale.optim.OptimizationContractsSuite: finished 0.103s
Test run gale.optim.OptimizationContractsSuite finished: 0 failed, 0 ignored, 7 total 0.113s
Test run gale.optim.SmoothOptimizationSuite started
gale.optim.SmoothOptimizationSuite: finished 0.106s
Test run gale.optim.SmoothOptimizationSuite finished: 0 failed, 0 ignored, 9 total 0.117s
Test run gale.optim.FirstOrderOptimizationSuite started
gale.optim.FirstOrderOptimizationSuite: finished 0.119s
Test run gale.optim.FirstOrderOptimizationSuite finished: 0 failed, 0 ignored, 16 total 0.129s
Test run gale.optim.AcceleratedProximalSuite started
gale.optim.AcceleratedProximalSuite: finished 0.125s
Test run gale.optim.AcceleratedProximalSuite finished: 0 failed, 0 ignored, 11 total 0.135s
Test run gale.optim.ConstrainedRayleighSuite started
gale.optim.ConstrainedRayleighSuite: finished 0.138s
Test run gale.optim.ConstrainedRayleighSuite finished: 0 failed, 0 ignored, 7 total 0.148s
[info] Passed: Total 87, Failed 0, Errors 0, Passed 87
[success] Total time: 8 s, completed Oct 7, 2026, 5:34:21 p.m.
[info] running gale.bench.OptimizationExtensionsBench 100 11
case_id	status	objective	residual	iterations	callbacks	residual_calls	jacobian_calls	median_ms	times_ms	x
lm-exp-64	Converged	1.449814844104315E-24	9.269302095021265E-12	5	12	6	6	0.261291	0.346625,0.837917,0.371917,0.259708,0.249042,0.257167,0.261291,0.309542,0.2635,0.244792,0.211334	1.9999999999993632,0.34999999999982695
lm-exp-offset-256	Converged	0.0063743464937843376	3.8251745922233266E-10	7	15	8	7	0.456042	0.438208,0.516125,0.529667,0.46475,0.457916,0.456042,0.405667,0.417542,0.503166,0.416625,0.396125	2.0002270760923384,0.3500430549244299,0.19999027784793655
lm-rosenbrock	Converged	4.881020994046851E-19	5.676098484273697E-10	19	37	20	17	0.126042	0.117416,0.129292,0.119875,0.131625,0.130625,0.122833,0.126875,0.127375,0.120125,0.126042,0.119375	0.9999999990121929,0.9999999980222849
lm-scaled-linear-8	Converged	2.1034236480619635E-29	4.04121180963557E-11	4	10	5	5	0.193125	0.202083,0.195334,0.255834,0.200458,0.198541,0.183458,0.180084,0.182042,0.184,0.193125,0.179959	9999.999999999987,719.6856730011511,51.794746792312054,3.7275937203149363,0.2682695795279723,0.01930697728883251,0.001389495494373137,9.999999999999986E-5
lm-rank-deficient-3	Converged	0.0015846826474571825	9.480745875867225E-10	3	8	4	4	0.05675	0.080417,0.057125,0.057334,0.05675,0.053625,0.054125,0.055,0.054667,0.05425,0.151584,0.065375	1.4999247214189417,0.7499623607094718,0.3999544886981505
box-diagonal-16	Converged	83.8233735324118	1.4932499681208355E-11	6	14	0	0	0.167125	0.173541,0.178333,0.210583,0.167125,0.171208,0.154334,0.181583,0.158625,0.15625,0.163458,0.154	0.41767137355616735,0.5,0.5,0.5,0.5,0.5,0.5,0.5,0.5,0.5,0.5,0.5,0.5,0.5,0.5,0.3621949599487823
box-diagonal-512	Converged	3349.7635334262427	9.133791454294751E-9	306	321	0	0	72.978458	72.786542,72.243542,73.976583,71.889167,72.374167,74.850708,72.978458,79.449833,72.77025,83.105833,85.279917	0.4176713689603114,0.5,0.5,0.5,0.5,0.5,0.5,0.5,0.5,0.5,0.5,0.5,0.5,0.5,0.5,0.3621949603637153,0.17525694833886976,-0.017967566640823104,-0.21233945530017578,-0.4026663791377543,-0.5,-0.5,-0.5,-0.5,-0.5,-0.5,-0.5,-0.5,-0.5,-0.5,-0.5,-0.5,-0.5,-0.5,-0.5,-0.3333082169600161,-0.14296284208430568,0.04899654485656955,0.23741872342125922,0.4172801338095623,0.5,0.5,0.5,0.5,0.5,0.5,0.5,0.5,0.5,0.5,0.5,0.5,0.5,0.4777628167632113,0.3179421101690633,0.15302736615214962,-0.012145281381664128,-0.17278247369420635,-0.3242722008904771,-0.4623165394851148,-0.5,-0.5,-0.5,-0.5,-0.5,-0.5,-0.5,-0.5,-0.5,-0.5,-0.4652454385780053,-0.3370999539074825,-0.19951185057600432,-0.05690468414997149,0.08616215009725976,0.22513027814178171,0.3555790097097393,0.47335779657703675,0.5,0.5,0.5,0.5,0.5,0.5,0.5,0.5,0.5,0.43824527719457995,0.31280803116964195,0.17444278561259235,0.027326415767254936,-0.12406691326913953,-0.2750975560079012,-0.4210974701680763,-0.5,-0.5,-0.5,-0.5,-0.5,-0.5,-0.5,-0.5,-0.5,-0.5,-0.5,-0.5,-0.4379395537698312,-0.2768462244721048,-0.10453346269057455,0.07430250161738684,0.25473495268138496,0.43174595381682623,0.5,0.5,0.5,0.5,0.5,0.5,0.5,0.5,0.5,0.5,0.5,0.5,0.5,0.5,0.4320733565313694,0.24337965452010463,0.04790835447406483,-0.14916520475657968,-0.3426168176984514,-0.5,-0.5,-0.5,-0.5,-0.5,-0.5,-0.5,-0.5,-0.5,-0.5,-0.5,-0.5,-0.5,-0.5,-0.5,-0.36604360449086026,-0.18294464001973632,0.0019093950843702735,0.18345908962548726,0.35677957409608385,0.5,0.5,0.5,0.5,0.5,0.5,0.5,0.5,0.5,0.5,0.5,0.5,0.5,0.4137390337958624,0.26210406871562975,0.10639159449328012,-0.04867467649360404,-0.19843455218647074,-0.3384280044739089,-0.46452547700627367,-0.5,-0.5,-0.5,-0.5,-0.5,-0.5,-0.5,-0.5,-0.5,-0.479817415171155,-0.360726522282474,-0.22960438279695888,-0.09066432888642155,0.05164042852853556,0.19275059621010382,0.32813776555967505,0.453440530177274,0.5,0.5,0.5,0.5,0.5,0.5,0.5,0.5,0.5,0.5,0.4162967376647803,0.27909247949013144,0.1296563536185513,-0.02767396314829373,-0.18828296173584594,-0.3474113312292876,-0.5,-0.5,-0.5,-0.5,-0.5,-0.5,-0.5,-0.5,-0.5,-0.5,-0.5,-0.5,-0.5,-0.49498686546017817,-0.32613067647656896,-0.14576302250761644,0.041300173241339465,0.23001981567864557,0.4152746374850468,0.5,0.5,0.5,0.5,0.5,0.5,0.5,0.5,0.5,0.5,0.5,0.5,0.5,0.5,0.4965613635806438,0.3096116657996052,0.11541773382312491,-0.08085265827021783,-0.2739869950566885,-0.4588729051108575,-0.5,-0.5,-0.5,-0.5,-0.5,-0.5,-0.5,-0.5,-0.5,-0.5,-0.5,-0.5,-0.5,-0.5,-0.3705981519941929,-0.1965237557068009,-0.020872188515239753,0.15141547565761349,0.31554308238692114,0.466995604333293,0.5,0.5,0.5,0.5,0.5,0.5,0.5,0.5,0.5,0.5,0.5,0.46371402802019535,0.3255854661547389,0.1801312353153118,0.03193231651215109,-0.1143807766627078,-0.25426582358675026,-0.3834037668620194,-0.4978266910481306,-0.5,-0.5,-0.5,-0.5,-0.5,-0.5,-0.5,-0.5,-0.5,-0.39493554712537193,-0.268260044671397,-0.13097684328298662,0.012604655894926287,0.15796298164647163,0.3004995650989224,0.4356762486075401,0.5,0.5,0.5,0.5,0.5,0.5,0.5,0.5,0.5,0.5,0.5,0.4253250890673544,0.2765699718757116,0.11590576501479496,-0.05216821086151409,-0.22288983250120042,-0.39137045969882006,-0.5,-0.5,-0.5,-0.5,-0.5,-0.5,-0.5,-0.5,-0.5,-0.5,-0.5,-0.5,-0.5,-0.5,-0.39105496353441677,-0.20558151716272996,-0.013017553016693948,0.18151957375548072,0.3728363062720225,0.5,0.5,0.5,0.5,0.5,0.5,0.5,0.5,0.5,0.5,0.5,0.5,0.5,0.5,0.5,0.3631319478208652,0.17352010820252128,-0.018528398595960487,-0.20785525680722725,-0.3894070587926077,-0.5,-0.5,-0.5,-0.5,-0.5,-0.5,-0.5,-0.5,-0.5,-0.5,-0.5,-0.5,-0.5,-0.5,-0.34386152984688667,-0.1794351659996757,-0.013979903168047982,0.14769471420276245,0.3009387109378125,0.44139560723306787,0.5,0.5,0.5,0.5,0.5,0.5,0.5,0.5,0.5,0.5,0.4845019334835384,0.35825262726771784,0.221877652559973,0.07976649196674576,-0.06353398081082308,-0.20345602584790878,-0.3355480012420981,-0.45560775417342103,-0.5,-0.5,-0.5,-0.5,-0.5,-0.5,-0.5,-0.5,-0.5,-0.45677313102960126,-0.3337541622641583,-0.1971777188122884,-0.05116171505322162,0.09985840000273573,0.25126024747237485,0.3983710282868822,0.5,0.5,0.5,0.5,0.5,0.5,0.5,0.5,0.5,0.5,0.5,0.5,0.46226629990876716,0.30337103731050785,0.13253858567670734,-0.04558397028594774,-0.22609743671466628,-0.4039889019478611,-0.5,-0.5,-0.5,-0.5,-0.5,-0.5,-0.5,-0.5,-0.5,-0.5,-0.5,-0.5,-0.5,-0.5,-0.46116503988399293,-0.2740177144584236,-0.07928265120123922,0.11788594917554762,0.3122619395985832,0.49869235886055496,0.5,0.5,0.5,0.5,0.5,0.5,0.5,0.5,0.5,0.5,0.5,0.5,0.5,0.5,0.39470589295123654,0.21235498201092093,0.027440240612817843,-0.15497059954764364,-0.32992182492487065,-0.4927089497138486,-0.5,-0.5,-0.5,-0.5,-0.5,-0.5,-0.5,-0.5,-0.5,-0.5,-0.5,-0.5,-0.43720168874351495,-0.2866491219242582,-0.13127009844435486,0.02421438239612066,0.17512475340995778,0.3169601734292789,0.4455301021176636,0.5,0.5,0.5,0.5,0.5,0.5,0.5,0.5,0.5,0.4974120271799832,0.3806035768137398,0.2511235380077372,0.11313510477025703,-0.02893789591506799,-0.1705439308853763,-0.3071404896157527,-0.43433060664855644,-0.5,-0.5,-0.5,-0.5,-0.5,-0.5,-0.5,-0.5,-0.5,-0.5
box-rotated-32	LineSearchFailed	551.4038299911994	1.0638593161971244E-6	38	133	0	0	1.091583	1.194375,1.073333,1.117292,1.165875,1.091583,1.108625,1.097625,1.04875,1.062166,1.033792,1.01975	0.29020450877148213,0.5,0.5,-0.1005304769921475,0.5,0.5,0.5,0.5,0.5,0.5,0.5,0.5,-0.5,0.5,-0.10582067717903043,0.2890526360980232,0.5,-0.17527195115897906,0.5,-0.5,-0.5,-0.5,-0.5,-0.30666144027648334,0.018640936651175576,-0.5,0.024080304226626336,-0.5,-0.5,-0.5,-0.5,-0.36400963213232784
box-rosenbrock-2	Converged	0.03999999999999998	0.0	30	45	0	0	0.280958	0.330042,0.293875,0.277041,0.317875,0.297542,0.278875,0.280958,0.281166,0.253583,0.262875,0.264208	0.8,0.6400000000000001
box-logistic-1024-16	Converged	0.6549480488866976	4.4888045121205256E-9	4	5	0	0	0.659041	0.656834,0.70275,0.704208,0.641833,0.723375,0.656583,0.659041,0.660125,0.644167,0.61375,0.789583	0.07792485269025638,0.06778791094441444,0.14149798794303273,0.15,0.15,0.15,0.15,0.15,0.15,0.15,0.15,0.15,0.15,0.15,0.15,0.09740031035870081
[success] Total time: 11 s, completed Oct 7, 2026, 5:34:32 p.m.
