WARNING: Using incubator modules: jdk.incubator.vector
WARNING: Using incubator modules: jdk.incubator.vector
[info] welcome to sbt 1.11.7 (Eclipse Adoptium Java 21.0.12.1)
[info] loading settings for project gale-build from plugins.sbt...
[info] loading project definition from /Users/bbuchsbaum/code/scala/gale/project
[info] loading settings for project root from build.sbt...
[info] loading settings for project ravel-build from plugins.sbt...
[info] loading project definition from /Users/bbuchsbaum/.sbt/1.0/staging/6c77ef03ad5f6b5be136/ravel/project
[info] loading settings for project root from build.sbt...
[info] resolving key references (31739 settings) ...
[info] set current project to gale (in build file:/Users/bbuchsbaum/code/scala/gale/)
[info] scalafmt: Formatting 5 Scala sources (/Users/bbuchsbaum/code/scala/gale/benchmarks/js)...
[info] scalafmt: Formatting 15 Scala sources (/Users/bbuchsbaum/code/scala/gale/core/jvm)...
[info] scalafmt: Formatting 15 Scala sources (/Users/bbuchsbaum/code/scala/gale/core/js)...
[info] scalafmt: Formatting 20 Scala sources (/Users/bbuchsbaum/code/scala/gale/core/jvm)...
[info] scalafmt: Formatting 20 Scala sources (/Users/bbuchsbaum/code/scala/gale/core/js)...
[info] scalafmt: Formatting 6 Scala sources (/Users/bbuchsbaum/code/scala/gale/benchmarks/jvm)...
[info] scalafmt: Reformatted 1 Scala sources
[info] scalafmt: Reformatted 1 Scala sources
[info] scalafmt: Reformatted 2 Scala sources
[info] scalafmt: Reformatted 2 Scala sources
[info] scalafmt: Reformatted 1 Scala sources
[success] Total time: 4 s, completed Oct 7, 2026, 9:23:58 p.m.
[info] compiling 2 Scala sources to /Users/bbuchsbaum/code/scala/gale/core/jvm/target/scala-3.7.4/classes ...
[info] done compiling
[info] compiling 2 Scala sources to /Users/bbuchsbaum/code/scala/gale/core/jvm/target/scala-3.7.4/test-classes ...
[info] done compiling
Test run gale.optim.CMAESReferenceSuite started
gale.optim.CMAESReferenceSuite: finished 0.075s
Test run gale.optim.CMAESReferenceSuite finished: 0 failed, 0 ignored, 2 total 0.089s
Test run gale.optim.CMAESSuite started
gale.optim.CMAESSuite: finished 0.136s
Test run gale.optim.CMAESSuite finished: 0 failed, 0 ignored, 13 total 0.146s
[info] Passed: Total 15, Failed 0, Errors 0, Passed 15
[success] Total time: 7 s, completed Oct 7, 2026, 9:24:05 p.m.
[info] compiling 2 Scala sources to /Users/bbuchsbaum/code/scala/gale/core/js/target/scala-3.7.4/classes ...
[info] done compiling
[info] compiling 2 Scala sources to /Users/bbuchsbaum/code/scala/gale/core/js/target/scala-3.7.4/test-classes ...
[info] done compiling
[info] Fast optimizing /Users/bbuchsbaum/code/scala/gale/core/js/target/scala-3.7.4/gale-core-test-fastopt
Test run gale.optim.CMAESReferenceSuite started
Test run gale.optim.CMAESSuite started
gale.optim.CMAESReferenceSuite: finished 0.011s
Test run gale.optim.CMAESReferenceSuite finished: 0 failed, 0 ignored, 2 total 0.011s
gale.optim.CMAESSuite: finished 0.063s
Test run gale.optim.CMAESSuite finished: 0 failed, 0 ignored, 13 total 0.063s
[info] Passed: Total 15, Failed 0, Errors 0, Passed 15
[success] Total time: 12 s, completed Oct 7, 2026, 9:24:16 p.m.
