WARNING: Using incubator modules: jdk.incubator.vector
WARNING: Using incubator modules: jdk.incubator.vector
[info] welcome to sbt 1.11.7 (Eclipse Adoptium Java 21.0.12.1)
[info] loading settings for project gale-build from plugins.sbt...
[info] loading project definition from /Users/bbuchsbaum/code/scala/gale/project
[info] loading settings for project root from build.sbt...
[info] loading settings for project ravel-build from plugins.sbt...
[info] loading project definition from /Users/bbuchsbaum/.sbt/1.0/staging/6c77ef03ad5f6b5be136/ravel/project
[info] loading settings for project root from build.sbt...
[info] resolving key references (31739 settings) ...
[info] set current project to gale (in build file:/Users/bbuchsbaum/code/scala/gale/)
[info] compiling 1 Scala source to /Users/bbuchsbaum/code/scala/gale/core/jvm/target/scala-3.7.4/classes ...
[info] done compiling
[info] running gale.bench.CMAESBench 1 3 1
case_id	seed	repeat	observed	clean	status	evaluations	generations	sampled	rejected	ms	x
sphere-8	1	0	9.709817535440896E-9	9.709817535440896E-9	TargetReached	1140	114	1140	0	13.85025	-5.5604913051819025E-5,-1.475731747765195E-5,3.0364879822496365E-5,-1.6468266418154806E-5,5.623586831738216E-6,2.2910524914048272E-5,-6.76698129095442E-5,8.436976676885924E-6
sphere-8	2	0	3.1860866681480278E-9	3.1860866681480278E-9	TargetReached	1100	110	1100	0	8.167375	1.4395571214355212E-5,1.3160537409317313E-5,-2.64743913063431E-5,-7.628493481402028E-6,5.162523390018224E-6,4.071207090155359E-5,2.07980768704001E-6,1.8923984251752168E-5
sphere-8	3	0	8.110155822185923E-9	8.110155822185923E-9	TargetReached	1160	116	1160	0	7.833375	7.48781813305451E-5,1.9304216594950146E-5,6.317505793266483E-6,-2.5577678176792473E-5,1.2380679457837016E-5,3.5528351568494914E-5,-7.573390368538211E-7,4.529233122575707E-6
rotated-ellipsoid-8	1	0	5.050960817470202E-9	5.050960817470202E-9	TargetReached	3260	326	3260	0	18.123625	-9.42613828882885E-6,2.2789334750178215E-5,1.8588711142113552E-6,1.1329849982665155E-6,-3.8061835393087933E-6,-2.7302650662637932E-6,-4.011564641279402E-6,-3.649330671525406E-6
rotated-ellipsoid-8	2	0	7.604216525398588E-9	7.604216525398588E-9	TargetReached	3070	307	3070	0	23.073791	8.609525428433969E-6,2.5219430174230855E-5,1.21711816628279E-5,-6.853176869361254E-6,-3.5170511167103433E-6,-6.023756400878425E-6,-7.015553854947734E-6,-7.502676662992593E-6
rotated-ellipsoid-8	3	0	9.457799029175371E-9	9.457799029175371E-9	TargetReached	2700	270	2700	0	13.58475	-3.8439119823975485E-5,-2.163040225647045E-8,-6.031931473451912E-6,5.913543416787513E-6,2.6924148855617543E-6,2.125109396169975E-6,9.771441410938998E-7,3.6350799070976995E-7
rosenbrock-4	1	0	8.098492687861117E-9	8.098492687861117E-9	TargetReached	1360	170	1360	0	3.224125	1.0000187448246372,1.0000346191033487,1.0000663893041823,1.0001305367089044
rosenbrock-4	2	0	8.218504018544201E-9	8.218504018544201E-9	TargetReached	1848	231	1848	0	4.340083	1.0000113381834086,1.0000286182589297,1.0000563743854771,1.000110542990887
rosenbrock-4	3	0	3.7014286104300163	3.7014286104300163	EvaluationLimit	15000	1875	15000	0	32.64225	-0.7756592230955183,0.6130933604608226,0.38206284092478304,0.14597201456698888
nonsmooth-8	1	0	9.886676756459617E-9	9.886676756459617E-9	TargetReached	3410	341	3410	0	10.339625	1.6856671919702955E-9,7.862905382677711E-10,-9.600711029832487E-10,-1.3737738072183038E-10,-4.523435155414715E-11,2.690997796027097E-10,-8.94222666133174E-11,9.149741930456199E-11
nonsmooth-8	2	0	9.979246335558855E-9	9.979246335558855E-9	TargetReached	3160	316	3160	0	9.051292	-2.984681132860357E-9,-1.5794682495936385E-10,-2.643494451297974E-10,2.9633586768651463E-10,8.204093430505512E-11,-1.6465798649874378E-10,3.7514099224725045E-10,8.451752629947851E-11
nonsmooth-8	3	0	9.794450148218392E-9	9.794450148218392E-9	TargetReached	3560	356	3560	0	10.111333	-1.4004749536147157E-10,6.374241914385738E-11,9.602129333633982E-10,-6.086247758196785E-10,6.653077803038314E-11,-2.600932557869203E-10,-2.556481718218081E-10,-6.612866044677548E-11
rastrigin-4	1	0	1.989918114186581	1.989918114186581	EvaluationLimit	15000	1875	15000	0	38.491041	0.994958637654868,6.635416723598472E-11,-8.292668220733366E-10,0.9949586380970663
rastrigin-4	2	0	4.974790247647377	4.974790247647377	EvaluationLimit	15000	1875	15000	0	30.653042	1.9899122343554811,1.143587451225226E-9,2.7500243462297648E-11,0.9949586379335031
rastrigin-4	3	0	0.9949590570932904	0.9949590570932904	ConditionLimit	14432	1804	14432	0	27.693	0.9949586374581962,-8.720671817791888E-11,-8.476166897842336E-10,-2.86739685019528E-10
noisy-sphere-8	1	0	8.861745181596473E-10	8.907117879422758E-10	TargetReached	1290	129	1290	0	6.170209	-1.4891047806129976E-5,-4.406055160097172E-6,-5.826372797730876E-6,-1.006287838820374E-5,-1.3736509735750884E-5,5.15341852959416E-6,-1.7182282597299463E-5,1.9664084405557803E-6
noisy-sphere-8	2	0	7.566134645332725E-10	7.598996635188614E-10	TargetReached	1410	141	1410	0	6.582167	1.1091932709518806E-5,6.655552290541304E-6,-1.2406195379353022E-5,4.932894110703695E-6,1.2465308589845095E-6,1.153240707819629E-5,1.2743101807486838E-5,1.0834587764217717E-5
noisy-sphere-8	3	0	9.0905147315905E-10	9.303829675360295E-10	TargetReached	1390	139	1390	0	2.316	-5.333297346007545E-6,1.4694733269941815E-5,-1.5063499723887685E-6,-1.7857205024064405E-5,4.780433718423447E-6,-1.3541583937747758E-5,1.2552448012633725E-5,-1.031438985299988E-6
box-sphere-8	1	0	8.509435312491647E-9	8.509435312491647E-9	TargetReached	1050	105	1172	122	2.319875	0.6999361768358172,-0.600044190128938,0.7000179162540074,-0.5999678097760893,0.699994111811118,-0.5999715794301067,0.7000123481573544,-0.5999885460790056
box-sphere-8	2	0	6.752538374518208E-9	6.752538374518208E-9	TargetReached	1100	110	1280	180	2.468958	0.7000193408744033,-0.5999945258660021,0.6999606170161402,-0.5999817402548042,0.7000208448852838,-0.6000252412114223,0.6999612397145692,-0.6000434750201065
box-sphere-8	3	0	9.55626732108554E-9	9.55626732108554E-9	TargetReached	1060	106	1164	104	2.311375	0.7000285166730651,-0.5999350936028751,0.70003409622363,-0.6000087664031448,0.699987557964204,-0.6000387542037198,0.7000044440700881,-0.6000401793688486
box-boundary-4	1	0	4.000000007119392	4.000000007119392	TargetReached	1656	207	3383	1727	2.75225	0.999999999521873,0.9999999986581388,0.9999999984289611,0.9999999998313308
box-boundary-4	2	0	4.00000000952695	4.00000000952695	TargetReached	1448	181	3215	1767	2.410375	0.9999999966107269,0.9999999990716616,0.9999999999496517,0.9999999996044844
box-boundary-4	3	0	4.000000008429491	4.000000008429491	TargetReached	1416	177	2923	1507	2.275333	0.9999999981578109,0.9999999994846709,0.9999999999830287,0.9999999981597442
REF	7	1	1.4094976892371684,-1.9566436336191753,0.3810428074238546;0.9317211065701401,-1.9986504421520503,0.8778299175765765;0.8258160834213913,-1.6738869883561134,-0.013866697436654807;1.3120563553626194,-1.381316598067949,0.3406272230510226;1.0856945247559795,-2.089738665847981,0.34520112558333577;0.9515380148229527,-2.070139699902771,0.6347941508820877	10.224366838287626,11.939652857027454,6.286536644404444,6.001670588177268,10.38940325258132,11.088235803856719	1.1813249865317117,-1.5096716882522112,0.24291686017388808	0.3352696019824501	0.9581169244325932,0.2039005314426818,-0.08687705899350646,0.2039005314426818,1.407427364555064,-0.27085547919618386,-0.08687705899350646,-0.27085547919618386,1.0206478099453442
REF	7	2	1.3148155871029572,-1.7392060547457278,0.581089817265157;1.489442332941365,-1.8045168890448735,0.5587141615259377;1.5490581268796955,-0.8950980703697531,-0.1549203215883696;1.4859567970594973,-1.7861483195314283,0.1521406989068384;1.24667493212454,-1.4476505369029573,0.13306751586221402;1.73095659627704,-1.4636651735237645,0.07034555282106192	9.129076932734307,9.979646926012718,4.097983415775517,8.681306410512656,5.816410395489529,7.300636205774502	1.4772673697869179,-1.0969064349414035,-0.055309593855983885	0.4237360988768423	0.9524560964069805,0.2731986475915106,-0.13313300272435524,0.2731986475915106,1.4920822540313623,-0.3529019295485626,-0.13313300272435524,-0.3529019295485626,1.0212641001738676
REF	7	3	1.4536159831802864,-1.9164412865849836,-0.6010267263001248;2.1269968502952543,-1.2218057924964723,-0.3720047641894415;2.0914660552612876,-0.8686915598132678,-0.5322316969844822;2.2811306733772945,-1.1216862722542071,-0.7588744333381973;1.3778223886113623,-0.7481873341074234,-0.2169723572629928;1.1473372994122664,-2.345321084746659,0.3461288332212544	10.903426339320387,8.063284568640366,7.016562629591755,10.023478958047306,3.2062711236613053,12.79666553648555	1.6396298174260995,-0.8196048638773186,-0.31883834056929317	0.5057731975012892	0.8942985915889727,0.31592938599115106,-0.19704189512224307,0.31592938599115106,1.4594897268119364,-0.44057448487987244,-0.19704189512224307,-0.44057448487987244,1.0004634106973462
REF	7	4	2.189032599084846,-0.7072392947473738,-0.5918352036291563;1.4107625066609732,-0.48233812842493623,-0.9391883623694016;2.247720273491286,-0.5843233155136426,-0.08696183024493481;1.0633199305983279,-1.2692509708766846,-0.10854374498254016;1.3223915828992523,-0.8151348645313806,-0.30705077161148653;2.1512729023958865,-1.1847632574461484,-0.2256973522542226	7.19331419294474,5.983850110505767,5.765363341647648,4.399772307249784,3.454729898660811,7.639060232229905	1.321201394706525,-0.9262701373851596,-0.23330942638772634	0.4748025132187379	0.8276424949013819,0.2714924011479639,-0.16252839030848612,0.2714924011479639,1.2777126669557017,-0.39016991136458723,-0.16252839030848612,-0.39016991136458723,0.8719163261561375
REF	7	5	1.0826896126116163,-1.5442358430518863,-0.35617781486949707;1.4290477997099782,-1.7780997890967427,0.14746676749205562;1.8136132032667032,-0.9276526005381159,-0.3480177179706159;1.2946202986024387,-1.098577440609638,0.2715679404992035;0.45255883136003194,-0.1990774621681326,-0.011954576384920507;1.1837882491242815,-1.0400064559837172,0.2379808179641139	6.448996018410272,8.452441123885915,5.4947368737194715,4.3847830888142285,0.284644815314738,3.79112095461583	0.7266517915148004,-0.508890101338445,0.08139413123214667	0.5662697625504659	1.12535618409295,-0.05602096672151513,-0.29822092899484504,-0.05602096672151513,1.3139130971890316,-0.23249384190865127,-0.29822092899484504,-0.23249384190865127,0.8273494096878752
REF	7	6	1.0001648146683038,0.10073202098782597,-0.4378450281290893;0.3152811832878032,-0.4285349644990337,0.4650930314416105;-0.3297759848985339,-0.27171517278888757,-0.26033210983540345;1.111505647919036,-0.5774106770350511,-0.11038681120453231;1.828983651345033,-0.96808890759484,0.12293875953646187;0.8322914090065668,-1.0722279783016004,0.3565462995678596	1.787456611234518,1.3319327677139212,0.5275017001085984,1.9509919776156883,5.280029217289206,3.5005557193537467	-0.04196160318339803,-0.2871463393007146,-0.06781242616811575	0.7222829685369939	1.6942485809725985,-0.3271708678242239,-0.23474997116845278,-0.3271708678242239,1.2504881314912901,-0.20981292939441232,-0.23474997116845278,-0.20981292939441232,0.731321036318057
REF	42	1	1.124415925129459,-1.8041956333544171,0.23243413591167278;1.3980500688442317,-1.4811220736187796,-0.0650250366708448;1.1636861308548594,-2.49705073825988,0.1758761135052378;0.7013933058987196,-2.533654427317576,0.5235228248856434;0.6563144710781448,-2.0434467575919446,0.5781351617330814;1.2593955199741838,-2.638605987520852,0.5180663604993307	7.990657449663053,6.3589022104931265,13.948419819239207,14.427066676396418,10.119059048101192,16.584131206016913	1.2620393747466936,-1.617138241024663,0.07003850530724293	0.3469055038737974	1.0347106807277517,0.23761385330247792,-0.2659849004562207,0.23761385330247792,1.2018852528863884,-0.3782008311171555,-0.2659849004562207,-0.3782008311171555,1.2875654662836977
REF	42	2	1.803029456741521,-2.066613245190091,0.1919549464157845;1.6138350546469007,-1.4571070854426726,-0.040992133065856445;0.5730970168187763,-1.561551349313576,-0.19711993627479113;1.3639506998944746,-1.7187883031754605,-0.18007652315602718;1.3927051106631303,-1.6312751348588046,0.2686739276220246;1.3394164381263336,-2.0810325503110185,0.15148847062306298	11.94008263808181,6.8575071203948,5.360750500880592,7.898538190776037,7.550487374019804,10.547224372557856	0.93350686823713,-1.5372950685785722,-0.11617834371295604	0.3764955587572422	1.0530731280985786,0.1315253514126748,-0.09037767942607888,0.1315253514126748,1.1412928742509156,-0.4788713728851234,-0.09037767942607888,-0.4788713728851234,1.3464179407260928
REF	42	3	1.7174076620166696,-1.67551178146911,0.3988310210375871;1.078962249181043,-1.9365230034276402,0.22370835012227486;0.4013696593739763,-1.475729703045722,-0.4720217474352761;1.3045131650845994,-2.2869311011596727,0.5201110326390401;0.85442389892684,-1.9949025703144434,-0.16210553269405079;0.5135715834130204,-2.4129711993100633,0.2046428552563757	9.20043327060468,8.864583924424352,5.407872036576217,13.24392426587322,8.794425544071776,12.076130581518976	0.5834099873798044,-1.6595911429197152,-0.32929249607189875	0.41682607624756385	1.180885633722955,0.1050622162579158,0.15883556155264117,0.1050622162579158,1.0063749712115058,-0.4228615473889435,0.15883556155264117,-0.4228615473889435,1.3737487333935978
REF	42	4	1.5667388195359433,-1.1646074553392756,0.30429826457712145;0.3900454658320963,-1.7952323634134175,-0.44089391473970957;0.4754335855871748,-0.9101909332978227,-0.4602866243272027;1.1065982553137914,-1.6963447040251927,0.2154663947299817;0.4866205842724739,-1.5827870489558937,-0.5356514546480473;0.7377590238404073,-1.7953810403095933,-0.17884676981574993	5.537681314003118,7.375403718928052,2.7303872705575265,7.1654334774439095,6.394919201188975,7.119019205358377	0.7868635141379581,-1.0353132154194085,-0.24861614152438874	0.45391419805260425	1.083286187860639,0.10270219254061842,0.18030961804082357,0.10270219254061842,1.3271120769750113,-0.427417819144766,0.18030961804082357,-0.427417819144766,1.2280318355013444
REF	42	5	0.28611314187923587,-1.6796340466361641,-0.6514318218812659;0.9206152199241302,0.12040970029652387,-0.7651862623174649;0.4919200928795174,-0.5434182239123972,3.5626937091373656E-4;-0.1345989995881096,-1.1843969848834601,0.8794952194261411;1.142442251878292,-0.8973187856053572,-0.22518530820778906;0.5846538085491662,-0.6736710880818977,-0.32390655557367026	7.4216554654329405,3.218569439164441,0.8325926176502603,5.917756690265927,3.1183699970078367,1.6691473726603374	0.5693019421461961,-0.608225578961089,-0.10959885248276441	0.527686302796073	0.9889866882974623,-0.05777807045987879,0.13363551008776742,-0.05777807045987879,1.5931898045265909,-0.3094277344911067,0.13363551008776742,-0.3094277344911067,1.073940771701301
REF	42	6	0.24976164929655031,0.6933438838796714,-0.3636548265756182;0.9156017564685227,-0.6059690353241688,0.22051002337466413;1.006281126018422,-0.5343497087089704,0.09188488994314159;1.0665054518736776,-1.0614120107520688,-0.06823967450581195;0.44992328175659135,-1.268275148237107,-0.1459672992289473;0.05452390840152743,-1.4819371818551228,-0.3244314377482858	1.5528116956529994,1.767222201626431,1.6174322589750791,3.409251404720414,3.504700472515105,4.816271509714464	0.5172379140972955,0.2421293377848024,-0.18823074200001294	0.6651591159113336	0.8881351452567966,-0.20192609220057278,0.13079485819719708,-0.20192609220057278,2.3826537648172543,-0.3213491830274064,0.13079485819719708,-0.3213491830274064,0.9370528896462545
[success] Total time: 4 s, completed Oct 7, 2026, 9:28:16 p.m.
[info] Defining benchmarksJS / Compile / mainClass
[info] The new value will be used by benchmarksJS / Compile / bspBuildTargetRun, benchmarksJS / Compile / packageBin / packageOptions and 2 others.
[info] 	Run `last` for details.
[info] Reapplying settings...
[info] set current project to gale (in build file:/Users/bbuchsbaum/code/scala/gale/)
[info] Defining benchmarksJS / scalaJSStage
[info] The new value will be used by benchmarksJS / Compile / scalaJSLinkedFile, benchmarksJS / Compile / scalaJSLinkerResult and 2 others.
[info] 	Run `last` for details.
[info] Reapplying settings...
[info] set current project to gale (in build file:/Users/bbuchsbaum/code/scala/gale/)
[info] Defining benchmarksJS / Compile / scalaJSMainModuleInitializer
[info] The new value will be used by benchmarksJS / Compile / scalaJSModuleInitializers
[info] Reapplying settings...
[info] set current project to gale (in build file:/Users/bbuchsbaum/code/scala/gale/)
[info] compiling 1 Scala source to /Users/bbuchsbaum/code/scala/gale/core/js/target/scala-3.7.4/classes ...
[info] done compiling
[info] compiling 1 Scala source to /Users/bbuchsbaum/code/scala/gale/benchmarks/js/target/scala-3.7.4/classes ...
[info] done compiling
[info] Full optimizing /Users/bbuchsbaum/code/scala/gale/benchmarks/js/target/scala-3.7.4/gale-benchmarks-js-opt
[info] Running gale.bench.CMAESBench.
case_id	seed	repeat	observed	clean	status	evaluations	generations	sampled	rejected	ms	x
sphere-8	1	0	9.709817473476648e-9	9.709817473476648e-9	TargetReached	1140	114	1140	0	12.586625	-0.0000556049129946744,-0.000014757317230804296,0.00003036487963664534,-0.00001646826637415666,0.000005623586880111506,0.00002291052514799894,-0.00006766981257508685,0.000008436976582874301
sphere-8	2	0	3.186086672320792e-9	3.186086672320792e-9	TargetReached	1100	110	1100	0	9.840792	0.000014395571066951645,0.000013160537429526842,-0.000026474391492383248,-0.000007628493501417671,0.000005162523386591969,0.00004071207091206952,0.000002079807789205492,0.000018923984158825735
sphere-8	3	0	8.110155791872197e-9	8.110155791872197e-9	TargetReached	1160	116	1160	0	9.751541	0.00007487818117777654,0.0000193042170357148,0.00000631750592630681,-0.000025577678120239163,0.000012380679680716694,0.0000355283511893508,-7.573390615172115e-7,0.000004529232917652686
rotated-ellipsoid-8	1	0	4.159075879353596e-9	4.159075879353596e-9	TargetReached	2750	275	2750	0	10.595291	0.0000024984324832169928,0.0000120818680233411,0.000006579971878608499,-0.000005913846972812746,-2.810414453059913e-7,-0.000003212782327954597,-0.0000020934062719048892,-0.00000283753728789445
rotated-ellipsoid-8	2	0	7.604216228481945e-9	7.604216228481945e-9	TargetReached	3070	307	3070	0	10.003417	0.00000860952536957556,0.000025219430167917417,0.000012171181742773643,-0.00000685317682731684,-0.000003517051240928846,-0.000006023756406052915,-0.000007015553714318957,-0.000007502676745465835
rotated-ellipsoid-8	3	0	9.45780004298121e-9	9.45780004298121e-9	TargetReached	2700	270	2700	0	8.731959	-0.000038439119960496054,-2.1630528515249002e-8,-0.000006031931590579086,0.000005913543255725812,0.0000026924148349075993,0.0000021251091377452414,9.77144166910777e-7,3.635081132878888e-7
rosenbrock-4	1	0	8.09849267993997e-9	8.09849267993997e-9	TargetReached	1360	170	1360	0	3.429292	1.000018744824631,1.0000346191033367,1.000066389304181,1.0001305367088873
rosenbrock-4	2	0	8.218504086337929e-9	8.218504086337929e-9	TargetReached	1848	231	1848	0	4.35625	1.0000113381833746,1.0000286182589024,1.000056374385512,1.0001105429908812
rosenbrock-4	3	0	3.7014286104300163	3.7014286104300163	EvaluationLimit	15000	1875	15000	0	38.224083	-0.7756592207819094,0.6130933564852566,0.38206283506811606,0.1459720101391752
nonsmooth-8	1	0	8.33802886433064e-9	8.33802886433064e-9	TargetReached	3410	341	3410	0	8.955375	1.29972511420593e-9,1.0491652930044628e-9,-8.464000879475903e-10,-3.2178542144124264e-11,-9.947463643372697e-12,2.4925881439850685e-10,-1.470646982609948e-11,7.797790478823938e-11
nonsmooth-8	2	0	9.982901095599717e-9	9.982901095599717e-9	TargetReached	3160	316	3160	0	7.675042	-2.9845782624727594e-9,-1.5800012527278908e-10,-2.6455532922258345e-10,2.9632602080712717e-10,8.205697156089812e-11,-1.648490680957193e-10,3.751542701643042e-10,8.473666926952302e-11
nonsmooth-8	3	0	9.794128053526893e-9	9.794128053526893e-9	TargetReached	3560	356	3560	0	8.488209	-1.4007558253989463e-10,6.377011328881051e-11,9.603869660891742e-10,-6.087457781677617e-10,6.648715759429642e-11,-2.601756411244564e-10,-2.5555706918407175e-10,-6.599738930801062e-11
rastrigin-4	1	0	1.9899181141865818	1.9899181141865818	EvaluationLimit	15000	1875	15000	0	22.282417	0.9949586372341955,5.523984026054762e-10,-1.4671315679797444e-11,0.9949586372454879
rastrigin-4	2	0	4.974790247647378	4.974790247647378	EvaluationLimit	15000	1875	15000	0	30.899208	1.9899122343626978,1.4771260300418724e-9,3.0665752248875503e-10,0.9949586380459056
rastrigin-4	3	0	0.9949590570932908	0.9949590570932908	EvaluationLimit	15000	1875	15000	0	29.405042	0.9949586374963161,2.5126758750993615e-10,-5.069667624258614e-10,-9.772528224556693e-10
noisy-sphere-8	1	0	8.861745138551261e-10	8.907117836157151e-10	TargetReached	1290	129	1290	0	3.775083	-0.000014891047712087155,-0.000004406055066141808,-0.0000058263728304503875,-0.000010062878460702516,-0.00001373650970151801,0.000005153418534952081,-0.000017182282546398386,0.0000019664084650324693
noisy-sphere-8	2	0	7.566134655856445e-10	7.598996645758042e-10	TargetReached	1410	141	1410	0	4.523583	0.000011091932722020346,0.000006655552257346122,-0.000012406195593385582,0.000004932893960900128,0.0000012465308050534585,0.0000115324069473353,0.000012743101793294127,0.000010834587805899124
noisy-sphere-8	3	0	9.090514771399649e-10	9.303829716103592e-10	TargetReached	1390	139	1390	0	4.756542	-0.0000053332974645036224,0.000014694733073987024,-0.0000015063501902915517,-0.000017857205119319793,0.000004780433635155901,-0.000013541584081437616,0.000012552448065736386,-0.000001031439025204264
box-sphere-8	1	0	5.533862382339633e-9	5.533862382339633e-9	TargetReached	980	98	1125	145	6.77875	0.6999536455185525,-0.6000141794665743,0.7000088835615403,-0.6000173411332694,0.6999923621969081,-0.6000310931984156,0.6999843274634427,-0.599960837732891
box-sphere-8	2	0	9.395020472790786e-9	9.395020472790786e-9	TargetReached	1070	107	1232	162	5.599416	0.6999855367962359,-0.5999911047188748,0.6999762151505939,-0.5999963775814028,0.6999423854271458,-0.5999372508509467,0.7000287761119642,-0.6000210454240575
box-sphere-8	3	0	9.08925736805093e-9	9.08925736805093e-9	TargetReached	1150	115	1327	177	6.206166	0.7000479778820389,-0.600015084887073,0.7000308581283216,-0.6000427962167113,0.6999594846858009,-0.6000411318215559,0.7000161841054826,-0.6000134478041835
box-boundary-4	1	0	4.000000007119403	4.000000007119403	TargetReached	1656	207	3383	1727	5.876917	0.9999999995218735,0.9999999986581297,0.9999999984289657,0.9999999998313297
box-boundary-4	2	0	4.0000000095269375	4.0000000095269375	TargetReached	1448	181	3215	1767	5.719792	0.9999999966107391,0.9999999990716647,0.9999999999496515,0.999999999604476
box-boundary-4	3	0	4.000000008429499	4.000000008429499	TargetReached	1416	177	2923	1507	4.228041	0.9999999981578078,0.9999999994846679,0.9999999999830275,0.9999999981597475
REF	7	1	1.4094976892371684,-1.9566436336191753,0.3810428074238546;0.9317211065701401,-1.9986504421520503,0.8778299175765765;0.8258160834213913,-1.6738869883561134,-0.013866697436654807;1.3120563553626194,-1.381316598067949,0.3406272230510226;1.0856945247559795,-2.089738665847981,0.34520112558333577;0.9515380148229527,-2.070139699902771,0.6347941508820877	10.224366838287626,11.939652857027454,6.286536644404444,6.001670588177268,10.38940325258132,11.088235803856719	1.1813249865317117,-1.5096716882522112,0.24291686017388808	0.3352696019824501	0.9581169244325932,0.2039005314426818,-0.08687705899350646,0.2039005314426818,1.407427364555064,-0.27085547919618386,-0.08687705899350646,-0.27085547919618386,1.0206478099453442
REF	7	2	1.3148155871029572,-1.7392060547457278,0.581089817265157;1.489442332941365,-1.8045168890448735,0.5587141615259377;1.5490581268796955,-0.8950980703697531,-0.15492032158836966;1.4859567970594973,-1.7861483195314283,0.1521406989068384;1.24667493212454,-1.4476505369029573,0.13306751586221402;1.73095659627704,-1.4636651735237645,0.07034555282106192	9.129076932734307,9.979646926012718,4.097983415775517,8.681306410512656,5.816410395489529,7.300636205774502	1.4772673697869179,-1.0969064349414035,-0.05530959385598394	0.4237360988768423	0.9524560964069805,0.2731986475915106,-0.13313300272435524,0.2731986475915106,1.4920822540313623,-0.3529019295485626,-0.13313300272435524,-0.3529019295485626,1.0212641001738676
REF	7	3	1.4536159831802864,-1.9164412865849836,-0.6010267263001248;2.1269968502952543,-1.2218057924964723,-0.37200476418944156;2.0914660552612876,-0.8686915598132678,-0.5322316969844824;2.2811306733772945,-1.1216862722542071,-0.7588744333381974;1.3778223886113623,-0.7481873341074234,-0.21697235726299285;1.1473372994122664,-2.345321084746659,0.3461288332212543	10.903426339320387,8.063284568640366,7.016562629591756,10.023478958047308,3.2062711236613053,12.79666553648555	1.6396298174260995,-0.8196048638773186,-0.3188383405692932	0.5057731975012892	0.8942985915889727,0.31592938599115106,-0.19704189512224307,0.31592938599115106,1.4594897268119364,-0.44057448487987244,-0.19704189512224307,-0.44057448487987244,1.0004634106973462
REF	7	4	2.189032599084846,-0.7072392947473738,-0.5918352036291563;1.4107625066609732,-0.48233812842493623,-0.9391883623694017;2.247720273491286,-0.5843233155136426,-0.08696183024493487;1.0633199305983279,-1.2692509708766846,-0.10854374498254021;1.3223915828992523,-0.8151348645313806,-0.3070507716114866;2.1512729023958865,-1.1847632574461484,-0.22569735225422266	7.19331419294474,5.9838501105057675,5.765363341647648,4.399772307249784,3.4547298986608115,7.639060232229905	1.321201394706525,-0.9262701373851596,-0.2333094263877264	0.4748025132187379	0.8276424949013819,0.2714924011479639,-0.16252839030848612,0.2714924011479639,1.2777126669557017,-0.39016991136458723,-0.16252839030848612,-0.39016991136458723,0.8719163261561375
REF	7	5	1.0826896126116163,-1.5442358430518863,-0.3561778148694971;1.4290477997099782,-1.7780997890967427,0.14746676749205556;1.8136132032667032,-0.9276526005381159,-0.348017717970616;1.2946202986024387,-1.098577440609638,0.27156794049920346;0.45255883136003194,-0.1990774621681326,-0.011954576384920562;1.1837882491242815,-1.0400064559837172,0.23798081796411386	6.448996018410272,8.452441123885915,5.4947368737194715,4.384783088814228,0.284644815314738,3.7911209546158298	0.7266517915148004,-0.508890101338445,0.08139413123214662	0.5662697625504659	1.12535618409295,-0.05602096672151513,-0.29822092899484504,-0.05602096672151513,1.3139130971890316,-0.23249384190865127,-0.29822092899484504,-0.23249384190865127,0.8273494096878752
REF	7	6	1.0001648146683038,0.10073202098782597,-0.4378450281290894;0.3152811832878032,-0.4285349644990337,0.46509303144161046;-0.3297759848985339,-0.27171517278888757,-0.2603321098354035;1.111505647919036,-0.5774106770350511,-0.11038681120453236;1.828983651345033,-0.96808890759484,0.12293875953646181;0.8322914090065668,-1.0722279783016004,0.35654629956785955	1.7874566112345183,1.331932767713921,0.5275017001085984,1.9509919776156883,5.280029217289206,3.5005557193537467	-0.04196160318339803,-0.2871463393007146,-0.06781242616811581	0.7222829685369939	1.6942485809725985,-0.3271708678242239,-0.23474997116845278,-0.3271708678242239,1.2504881314912901,-0.20981292939441232,-0.23474997116845278,-0.20981292939441232,0.731321036318057
REF	42	1	1.124415925129459,-1.8041956333544171,0.23243413591167278;1.3980500688442317,-1.4811220736187796,-0.0650250366708448;1.1636861308548594,-2.49705073825988,0.1758761135052378;0.7013933058987196,-2.533654427317576,0.5235228248856434;0.6563144710781448,-2.0434467575919446,0.5781351617330814;1.2593955199741838,-2.638605987520852,0.5180663604993307	7.990657449663053,6.3589022104931265,13.948419819239207,14.427066676396418,10.119059048101192,16.584131206016913	1.2620393747466936,-1.617138241024663,0.07003850530724293	0.3469055038737974	1.0347106807277517,0.23761385330247792,-0.2659849004562207,0.23761385330247792,1.2018852528863884,-0.3782008311171555,-0.2659849004562207,-0.3782008311171555,1.2875654662836977
REF	42	2	1.803029456741521,-2.066613245190091,0.1919549464157845;1.6138350546469007,-1.4571070854426726,-0.040992133065856445;0.5730970168187763,-1.561551349313576,-0.19711993627479113;1.3639506998944746,-1.7187883031754605,-0.18007652315602718;1.3927051106631303,-1.6312751348588046,0.2686739276220246;1.3394164381263336,-2.0810325503110185,0.15148847062306298	11.94008263808181,6.8575071203948,5.360750500880592,7.898538190776037,7.550487374019804,10.547224372557856	0.93350686823713,-1.5372950685785722,-0.11617834371295604	0.3764955587572422	1.0530731280985786,0.1315253514126748,-0.09037767942607888,0.1315253514126748,1.1412928742509156,-0.4788713728851234,-0.09037767942607888,-0.4788713728851234,1.3464179407260928
REF	42	3	1.7174076620166696,-1.67551178146911,0.3988310210375871;1.078962249181043,-1.9365230034276402,0.22370835012227486;0.4013696593739763,-1.475729703045722,-0.4720217474352761;1.3045131650845994,-2.2869311011596727,0.5201110326390401;0.85442389892684,-1.9949025703144434,-0.16210553269405079;0.5135715834130204,-2.4129711993100633,0.2046428552563757	9.20043327060468,8.864583924424352,5.407872036576217,13.24392426587322,8.794425544071776,12.076130581518976	0.5834099873798044,-1.6595911429197152,-0.32929249607189875	0.41682607624756385	1.180885633722955,0.1050622162579158,0.15883556155264117,0.1050622162579158,1.0063749712115058,-0.4228615473889435,0.15883556155264117,-0.4228615473889435,1.3737487333935978
REF	42	4	1.5667388195359433,-1.1646074553392756,0.30429826457712145;0.3900454658320963,-1.7952323634134175,-0.44089391473970957;0.4754335855871748,-0.9101909332978227,-0.4602866243272027;1.1065982553137914,-1.6963447040251927,0.2154663947299817;0.4866205842724739,-1.5827870489558937,-0.5356514546480473;0.7377590238404073,-1.7953810403095933,-0.17884676981574993	5.537681314003118,7.375403718928052,2.7303872705575265,7.1654334774439095,6.394919201188975,7.119019205358377	0.7868635141379581,-1.0353132154194085,-0.24861614152438874	0.45391419805260425	1.083286187860639,0.10270219254061842,0.18030961804082357,0.10270219254061842,1.3271120769750113,-0.427417819144766,0.18030961804082357,-0.427417819144766,1.2280318355013444
REF	42	5	0.28611314187923587,-1.6796340466361641,-0.6514318218812659;0.9206152199241302,0.12040970029652387,-0.7651862623174649;0.4919200928795174,-0.5434182239123972,0.00035626937091373656;-0.1345989995881096,-1.1843969848834601,0.8794952194261411;1.142442251878292,-0.8973187856053572,-0.22518530820778906;0.5846538085491662,-0.6736710880818977,-0.32390655557367026	7.4216554654329405,3.218569439164441,0.8325926176502603,5.917756690265927,3.1183699970078367,1.6691473726603374	0.5693019421461961,-0.608225578961089,-0.10959885248276441	0.527686302796073	0.9889866882974623,-0.05777807045987879,0.13363551008776742,-0.05777807045987879,1.5931898045265909,-0.3094277344911067,0.13363551008776742,-0.3094277344911067,1.073940771701301
REF	42	6	0.24976164929655031,0.6933438838796714,-0.3636548265756182;0.9156017564685227,-0.6059690353241688,0.22051002337466413;1.006281126018422,-0.5343497087089704,0.09188488994314159;1.0665054518736776,-1.0614120107520688,-0.06823967450581195;0.44992328175659135,-1.268275148237107,-0.1459672992289473;0.05452390840152743,-1.4819371818551228,-0.3244314377482858	1.5528116956529994,1.767222201626431,1.6174322589750791,3.409251404720414,3.504700472515105,4.816271509714464	0.5172379140972955,0.2421293377848024,-0.18823074200001294	0.6651591159113336	0.8881351452567966,-0.20192609220057278,0.13079485819719708,-0.20192609220057278,2.3826537648172543,-0.3213491830274064,0.13079485819719708,-0.3213491830274064,0.9370528896462545
[success] Total time: 6 s, completed Oct 7, 2026, 9:28:29 p.m.
