[breeze-netlib] lane=B benchmark=gale.bench.SimdL1SpikeJmh.breezeArgmax params=n=1024 blas=dev.ludovic.netlib.blas.VectorBLAS lapack=dev.ludovic.netlib.lapack.F2jLAPACK
[w21-simd] benchmark=gale.bench.SimdL1SpikeJmh.breezeArgmax n=1024 lanes=8 arch=amd64 jdk=25
[breeze-netlib] lane=B benchmark=gale.bench.SimdL1SpikeJmh.breezeArgmax params=n=1024 blas=dev.ludovic.netlib.blas.VectorBLAS lapack=dev.ludovic.netlib.lapack.F2jLAPACK
[w21-simd] benchmark=gale.bench.SimdL1SpikeJmh.breezeArgmax n=1024 lanes=8 arch=amd64 jdk=25
[breeze-netlib] lane=B benchmark=gale.bench.SimdL1SpikeJmh.breezeArgmax params=n=1024 blas=dev.ludovic.netlib.blas.VectorBLAS lapack=dev.ludovic.netlib.lapack.F2jLAPACK
[w21-simd] benchmark=gale.bench.SimdL1SpikeJmh.breezeArgmax n=1024 lanes=8 arch=amd64 jdk=25
[breeze-netlib] lane=B benchmark=gale.bench.SimdL1SpikeJmh.breezeArgmax params=n=4096 blas=dev.ludovic.netlib.blas.VectorBLAS lapack=dev.ludovic.netlib.lapack.F2jLAPACK
[w21-simd] benchmark=gale.bench.SimdL1SpikeJmh.breezeArgmax n=4096 lanes=8 arch=amd64 jdk=25
[breeze-netlib] lane=B benchmark=gale.bench.SimdL1SpikeJmh.breezeArgmax params=n=4096 blas=dev.ludovic.netlib.blas.VectorBLAS lapack=dev.ludovic.netlib.lapack.F2jLAPACK
[w21-simd] benchmark=gale.bench.SimdL1SpikeJmh.breezeArgmax n=4096 lanes=8 arch=amd64 jdk=25
[breeze-netlib] lane=B benchmark=gale.bench.SimdL1SpikeJmh.breezeArgmax params=n=4096 blas=dev.ludovic.netlib.blas.VectorBLAS lapack=dev.ludovic.netlib.lapack.F2jLAPACK
[w21-simd] benchmark=gale.bench.SimdL1SpikeJmh.breezeArgmax n=4096 lanes=8 arch=amd64 jdk=25
[breeze-netlib] lane=B benchmark=gale.bench.SimdL1SpikeJmh.breezeArgmax params=n=65536 blas=dev.ludovic.netlib.blas.VectorBLAS lapack=dev.ludovic.netlib.lapack.F2jLAPACK
[w21-simd] benchmark=gale.bench.SimdL1SpikeJmh.breezeArgmax n=65536 lanes=8 arch=amd64 jdk=25
[breeze-netlib] lane=B benchmark=gale.bench.SimdL1SpikeJmh.breezeArgmax params=n=65536 blas=dev.ludovic.netlib.blas.VectorBLAS lapack=dev.ludovic.netlib.lapack.F2jLAPACK
[w21-simd] benchmark=gale.bench.SimdL1SpikeJmh.breezeArgmax n=65536 lanes=8 arch=amd64 jdk=25
[breeze-netlib] lane=B benchmark=gale.bench.SimdL1SpikeJmh.breezeArgmax params=n=65536 blas=dev.ludovic.netlib.blas.VectorBLAS lapack=dev.ludovic.netlib.lapack.F2jLAPACK
[w21-simd] benchmark=gale.bench.SimdL1SpikeJmh.breezeArgmax n=65536 lanes=8 arch=amd64 jdk=25
[breeze-netlib] lane=B benchmark=gale.bench.SimdL1SpikeJmh.breezeArgmax params=n=1048576 blas=dev.ludovic.netlib.blas.VectorBLAS lapack=dev.ludovic.netlib.lapack.F2jLAPACK
[w21-simd] benchmark=gale.bench.SimdL1SpikeJmh.breezeArgmax n=1048576 lanes=8 arch=amd64 jdk=25
[breeze-netlib] lane=B benchmark=gale.bench.SimdL1SpikeJmh.breezeArgmax params=n=1048576 blas=dev.ludovic.netlib.blas.VectorBLAS lapack=dev.ludovic.netlib.lapack.F2jLAPACK
[w21-simd] benchmark=gale.bench.SimdL1SpikeJmh.breezeArgmax n=1048576 lanes=8 arch=amd64 jdk=25
[breeze-netlib] lane=B benchmark=gale.bench.SimdL1SpikeJmh.breezeArgmax params=n=1048576 blas=dev.ludovic.netlib.blas.VectorBLAS lapack=dev.ludovic.netlib.lapack.F2jLAPACK
[w21-simd] benchmark=gale.bench.SimdL1SpikeJmh.breezeArgmax n=1048576 lanes=8 arch=amd64 jdk=25
[breeze-netlib] lane=B benchmark=gale.bench.SimdL1SpikeJmh.breezeAxpy params=n=1024 blas=dev.ludovic.netlib.blas.VectorBLAS lapack=dev.ludovic.netlib.lapack.F2jLAPACK
[w21-simd] benchmark=gale.bench.SimdL1SpikeJmh.breezeAxpy n=1024 lanes=8 arch=amd64 jdk=25
[breeze-netlib] lane=B benchmark=gale.bench.SimdL1SpikeJmh.breezeAxpy params=n=1024 blas=dev.ludovic.netlib.blas.VectorBLAS lapack=dev.ludovic.netlib.lapack.F2jLAPACK
[w21-simd] benchmark=gale.bench.SimdL1SpikeJmh.breezeAxpy n=1024 lanes=8 arch=amd64 jdk=25
[breeze-netlib] lane=B benchmark=gale.bench.SimdL1SpikeJmh.breezeAxpy params=n=1024 blas=dev.ludovic.netlib.blas.VectorBLAS lapack=dev.ludovic.netlib.lapack.F2jLAPACK
[w21-simd] benchmark=gale.bench.SimdL1SpikeJmh.breezeAxpy n=1024 lanes=8 arch=amd64 jdk=25
[breeze-netlib] lane=B benchmark=gale.bench.SimdL1SpikeJmh.breezeAxpy params=n=4096 blas=dev.ludovic.netlib.blas.VectorBLAS lapack=dev.ludovic.netlib.lapack.F2jLAPACK
[w21-simd] benchmark=gale.bench.SimdL1SpikeJmh.breezeAxpy n=4096 lanes=8 arch=amd64 jdk=25
[breeze-netlib] lane=B benchmark=gale.bench.SimdL1SpikeJmh.breezeAxpy params=n=4096 blas=dev.ludovic.netlib.blas.VectorBLAS lapack=dev.ludovic.netlib.lapack.F2jLAPACK
[w21-simd] benchmark=gale.bench.SimdL1SpikeJmh.breezeAxpy n=4096 lanes=8 arch=amd64 jdk=25
[breeze-netlib] lane=B benchmark=gale.bench.SimdL1SpikeJmh.breezeAxpy params=n=4096 blas=dev.ludovic.netlib.blas.VectorBLAS lapack=dev.ludovic.netlib.lapack.F2jLAPACK
[w21-simd] benchmark=gale.bench.SimdL1SpikeJmh.breezeAxpy n=4096 lanes=8 arch=amd64 jdk=25
[breeze-netlib] lane=B benchmark=gale.bench.SimdL1SpikeJmh.breezeAxpy params=n=65536 blas=dev.ludovic.netlib.blas.VectorBLAS lapack=dev.ludovic.netlib.lapack.F2jLAPACK
[w21-simd] benchmark=gale.bench.SimdL1SpikeJmh.breezeAxpy n=65536 lanes=8 arch=amd64 jdk=25
[breeze-netlib] lane=B benchmark=gale.bench.SimdL1SpikeJmh.breezeAxpy params=n=65536 blas=dev.ludovic.netlib.blas.VectorBLAS lapack=dev.ludovic.netlib.lapack.F2jLAPACK
[w21-simd] benchmark=gale.bench.SimdL1SpikeJmh.breezeAxpy n=65536 lanes=8 arch=amd64 jdk=25
[breeze-netlib] lane=B benchmark=gale.bench.SimdL1SpikeJmh.breezeAxpy params=n=65536 blas=dev.ludovic.netlib.blas.VectorBLAS lapack=dev.ludovic.netlib.lapack.F2jLAPACK
[w21-simd] benchmark=gale.bench.SimdL1SpikeJmh.breezeAxpy n=65536 lanes=8 arch=amd64 jdk=25
[breeze-netlib] lane=B benchmark=gale.bench.SimdL1SpikeJmh.breezeAxpy params=n=1048576 blas=dev.ludovic.netlib.blas.VectorBLAS lapack=dev.ludovic.netlib.lapack.F2jLAPACK
[w21-simd] benchmark=gale.bench.SimdL1SpikeJmh.breezeAxpy n=1048576 lanes=8 arch=amd64 jdk=25
[breeze-netlib] lane=B benchmark=gale.bench.SimdL1SpikeJmh.breezeAxpy params=n=1048576 blas=dev.ludovic.netlib.blas.VectorBLAS lapack=dev.ludovic.netlib.lapack.F2jLAPACK
[w21-simd] benchmark=gale.bench.SimdL1SpikeJmh.breezeAxpy n=1048576 lanes=8 arch=amd64 jdk=25
[breeze-netlib] lane=B benchmark=gale.bench.SimdL1SpikeJmh.breezeAxpy params=n=1048576 blas=dev.ludovic.netlib.blas.VectorBLAS lapack=dev.ludovic.netlib.lapack.F2jLAPACK
[w21-simd] benchmark=gale.bench.SimdL1SpikeJmh.breezeAxpy n=1048576 lanes=8 arch=amd64 jdk=25
[breeze-netlib] lane=B benchmark=gale.bench.SimdL1SpikeJmh.breezeDot params=n=1024 blas=dev.ludovic.netlib.blas.VectorBLAS lapack=dev.ludovic.netlib.lapack.F2jLAPACK
[w21-simd] benchmark=gale.bench.SimdL1SpikeJmh.breezeDot n=1024 lanes=8 arch=amd64 jdk=25
[breeze-netlib] lane=B benchmark=gale.bench.SimdL1SpikeJmh.breezeDot params=n=1024 blas=dev.ludovic.netlib.blas.VectorBLAS lapack=dev.ludovic.netlib.lapack.F2jLAPACK
[w21-simd] benchmark=gale.bench.SimdL1SpikeJmh.breezeDot n=1024 lanes=8 arch=amd64 jdk=25
[breeze-netlib] lane=B benchmark=gale.bench.SimdL1SpikeJmh.breezeDot params=n=1024 blas=dev.ludovic.netlib.blas.VectorBLAS lapack=dev.ludovic.netlib.lapack.F2jLAPACK
[w21-simd] benchmark=gale.bench.SimdL1SpikeJmh.breezeDot n=1024 lanes=8 arch=amd64 jdk=25
[breeze-netlib] lane=B benchmark=gale.bench.SimdL1SpikeJmh.breezeDot params=n=4096 blas=dev.ludovic.netlib.blas.VectorBLAS lapack=dev.ludovic.netlib.lapack.F2jLAPACK
[w21-simd] benchmark=gale.bench.SimdL1SpikeJmh.breezeDot n=4096 lanes=8 arch=amd64 jdk=25
[breeze-netlib] lane=B benchmark=gale.bench.SimdL1SpikeJmh.breezeDot params=n=4096 blas=dev.ludovic.netlib.blas.VectorBLAS lapack=dev.ludovic.netlib.lapack.F2jLAPACK
[w21-simd] benchmark=gale.bench.SimdL1SpikeJmh.breezeDot n=4096 lanes=8 arch=amd64 jdk=25
[breeze-netlib] lane=B benchmark=gale.bench.SimdL1SpikeJmh.breezeDot params=n=4096 blas=dev.ludovic.netlib.blas.VectorBLAS lapack=dev.ludovic.netlib.lapack.F2jLAPACK
[w21-simd] benchmark=gale.bench.SimdL1SpikeJmh.breezeDot n=4096 lanes=8 arch=amd64 jdk=25
[breeze-netlib] lane=B benchmark=gale.bench.SimdL1SpikeJmh.breezeDot params=n=65536 blas=dev.ludovic.netlib.blas.VectorBLAS lapack=dev.ludovic.netlib.lapack.F2jLAPACK
[w21-simd] benchmark=gale.bench.SimdL1SpikeJmh.breezeDot n=65536 lanes=8 arch=amd64 jdk=25
[breeze-netlib] lane=B benchmark=gale.bench.SimdL1SpikeJmh.breezeDot params=n=65536 blas=dev.ludovic.netlib.blas.VectorBLAS lapack=dev.ludovic.netlib.lapack.F2jLAPACK
[w21-simd] benchmark=gale.bench.SimdL1SpikeJmh.breezeDot n=65536 lanes=8 arch=amd64 jdk=25
[breeze-netlib] lane=B benchmark=gale.bench.SimdL1SpikeJmh.breezeDot params=n=65536 blas=dev.ludovic.netlib.blas.VectorBLAS lapack=dev.ludovic.netlib.lapack.F2jLAPACK
[w21-simd] benchmark=gale.bench.SimdL1SpikeJmh.breezeDot n=65536 lanes=8 arch=amd64 jdk=25
[breeze-netlib] lane=B benchmark=gale.bench.SimdL1SpikeJmh.breezeDot params=n=1048576 blas=dev.ludovic.netlib.blas.VectorBLAS lapack=dev.ludovic.netlib.lapack.F2jLAPACK
[w21-simd] benchmark=gale.bench.SimdL1SpikeJmh.breezeDot n=1048576 lanes=8 arch=amd64 jdk=25
[breeze-netlib] lane=B benchmark=gale.bench.SimdL1SpikeJmh.breezeDot params=n=1048576 blas=dev.ludovic.netlib.blas.VectorBLAS lapack=dev.ludovic.netlib.lapack.F2jLAPACK
[w21-simd] benchmark=gale.bench.SimdL1SpikeJmh.breezeDot n=1048576 lanes=8 arch=amd64 jdk=25
[breeze-netlib] lane=B benchmark=gale.bench.SimdL1SpikeJmh.breezeDot params=n=1048576 blas=dev.ludovic.netlib.blas.VectorBLAS lapack=dev.ludovic.netlib.lapack.F2jLAPACK
[w21-simd] benchmark=gale.bench.SimdL1SpikeJmh.breezeDot n=1048576 lanes=8 arch=amd64 jdk=25
[breeze-netlib] lane=B benchmark=gale.bench.SimdL1SpikeJmh.breezeExp params=n=1024 blas=dev.ludovic.netlib.blas.VectorBLAS lapack=dev.ludovic.netlib.lapack.F2jLAPACK
[w21-simd] benchmark=gale.bench.SimdL1SpikeJmh.breezeExp n=1024 lanes=8 arch=amd64 jdk=25
[breeze-netlib] lane=B benchmark=gale.bench.SimdL1SpikeJmh.breezeExp params=n=1024 blas=dev.ludovic.netlib.blas.VectorBLAS lapack=dev.ludovic.netlib.lapack.F2jLAPACK
[w21-simd] benchmark=gale.bench.SimdL1SpikeJmh.breezeExp n=1024 lanes=8 arch=amd64 jdk=25
[breeze-netlib] lane=B benchmark=gale.bench.SimdL1SpikeJmh.breezeExp params=n=1024 blas=dev.ludovic.netlib.blas.VectorBLAS lapack=dev.ludovic.netlib.lapack.F2jLAPACK
[w21-simd] benchmark=gale.bench.SimdL1SpikeJmh.breezeExp n=1024 lanes=8 arch=amd64 jdk=25
[breeze-netlib] lane=B benchmark=gale.bench.SimdL1SpikeJmh.breezeExp params=n=4096 blas=dev.ludovic.netlib.blas.VectorBLAS lapack=dev.ludovic.netlib.lapack.F2jLAPACK
[w21-simd] benchmark=gale.bench.SimdL1SpikeJmh.breezeExp n=4096 lanes=8 arch=amd64 jdk=25
[breeze-netlib] lane=B benchmark=gale.bench.SimdL1SpikeJmh.breezeExp params=n=4096 blas=dev.ludovic.netlib.blas.VectorBLAS lapack=dev.ludovic.netlib.lapack.F2jLAPACK
[w21-simd] benchmark=gale.bench.SimdL1SpikeJmh.breezeExp n=4096 lanes=8 arch=amd64 jdk=25
[breeze-netlib] lane=B benchmark=gale.bench.SimdL1SpikeJmh.breezeExp params=n=4096 blas=dev.ludovic.netlib.blas.VectorBLAS lapack=dev.ludovic.netlib.lapack.F2jLAPACK
[w21-simd] benchmark=gale.bench.SimdL1SpikeJmh.breezeExp n=4096 lanes=8 arch=amd64 jdk=25
[breeze-netlib] lane=B benchmark=gale.bench.SimdL1SpikeJmh.breezeExp params=n=65536 blas=dev.ludovic.netlib.blas.VectorBLAS lapack=dev.ludovic.netlib.lapack.F2jLAPACK
[w21-simd] benchmark=gale.bench.SimdL1SpikeJmh.breezeExp n=65536 lanes=8 arch=amd64 jdk=25
[breeze-netlib] lane=B benchmark=gale.bench.SimdL1SpikeJmh.breezeExp params=n=65536 blas=dev.ludovic.netlib.blas.VectorBLAS lapack=dev.ludovic.netlib.lapack.F2jLAPACK
[w21-simd] benchmark=gale.bench.SimdL1SpikeJmh.breezeExp n=65536 lanes=8 arch=amd64 jdk=25
[breeze-netlib] lane=B benchmark=gale.bench.SimdL1SpikeJmh.breezeExp params=n=65536 blas=dev.ludovic.netlib.blas.VectorBLAS lapack=dev.ludovic.netlib.lapack.F2jLAPACK
[w21-simd] benchmark=gale.bench.SimdL1SpikeJmh.breezeExp n=65536 lanes=8 arch=amd64 jdk=25
[breeze-netlib] lane=B benchmark=gale.bench.SimdL1SpikeJmh.breezeExp params=n=1048576 blas=dev.ludovic.netlib.blas.VectorBLAS lapack=dev.ludovic.netlib.lapack.F2jLAPACK
[w21-simd] benchmark=gale.bench.SimdL1SpikeJmh.breezeExp n=1048576 lanes=8 arch=amd64 jdk=25
[breeze-netlib] lane=B benchmark=gale.bench.SimdL1SpikeJmh.breezeExp params=n=1048576 blas=dev.ludovic.netlib.blas.VectorBLAS lapack=dev.ludovic.netlib.lapack.F2jLAPACK
[w21-simd] benchmark=gale.bench.SimdL1SpikeJmh.breezeExp n=1048576 lanes=8 arch=amd64 jdk=25
[breeze-netlib] lane=B benchmark=gale.bench.SimdL1SpikeJmh.breezeExp params=n=1048576 blas=dev.ludovic.netlib.blas.VectorBLAS lapack=dev.ludovic.netlib.lapack.F2jLAPACK
[w21-simd] benchmark=gale.bench.SimdL1SpikeJmh.breezeExp n=1048576 lanes=8 arch=amd64 jdk=25
[breeze-netlib] lane=B benchmark=gale.bench.SimdL1SpikeJmh.breezeMax params=n=1024 blas=dev.ludovic.netlib.blas.VectorBLAS lapack=dev.ludovic.netlib.lapack.F2jLAPACK
[w21-simd] benchmark=gale.bench.SimdL1SpikeJmh.breezeMax n=1024 lanes=8 arch=amd64 jdk=25
[breeze-netlib] lane=B benchmark=gale.bench.SimdL1SpikeJmh.breezeMax params=n=1024 blas=dev.ludovic.netlib.blas.VectorBLAS lapack=dev.ludovic.netlib.lapack.F2jLAPACK
[w21-simd] benchmark=gale.bench.SimdL1SpikeJmh.breezeMax n=1024 lanes=8 arch=amd64 jdk=25
[breeze-netlib] lane=B benchmark=gale.bench.SimdL1SpikeJmh.breezeMax params=n=1024 blas=dev.ludovic.netlib.blas.VectorBLAS lapack=dev.ludovic.netlib.lapack.F2jLAPACK
[w21-simd] benchmark=gale.bench.SimdL1SpikeJmh.breezeMax n=1024 lanes=8 arch=amd64 jdk=25
[breeze-netlib] lane=B benchmark=gale.bench.SimdL1SpikeJmh.breezeMax params=n=4096 blas=dev.ludovic.netlib.blas.VectorBLAS lapack=dev.ludovic.netlib.lapack.F2jLAPACK
[w21-simd] benchmark=gale.bench.SimdL1SpikeJmh.breezeMax n=4096 lanes=8 arch=amd64 jdk=25
[breeze-netlib] lane=B benchmark=gale.bench.SimdL1SpikeJmh.breezeMax params=n=4096 blas=dev.ludovic.netlib.blas.VectorBLAS lapack=dev.ludovic.netlib.lapack.F2jLAPACK
[w21-simd] benchmark=gale.bench.SimdL1SpikeJmh.breezeMax n=4096 lanes=8 arch=amd64 jdk=25
[breeze-netlib] lane=B benchmark=gale.bench.SimdL1SpikeJmh.breezeMax params=n=4096 blas=dev.ludovic.netlib.blas.VectorBLAS lapack=dev.ludovic.netlib.lapack.F2jLAPACK
[w21-simd] benchmark=gale.bench.SimdL1SpikeJmh.breezeMax n=4096 lanes=8 arch=amd64 jdk=25
[breeze-netlib] lane=B benchmark=gale.bench.SimdL1SpikeJmh.breezeMax params=n=65536 blas=dev.ludovic.netlib.blas.VectorBLAS lapack=dev.ludovic.netlib.lapack.F2jLAPACK
[w21-simd] benchmark=gale.bench.SimdL1SpikeJmh.breezeMax n=65536 lanes=8 arch=amd64 jdk=25
[breeze-netlib] lane=B benchmark=gale.bench.SimdL1SpikeJmh.breezeMax params=n=65536 blas=dev.ludovic.netlib.blas.VectorBLAS lapack=dev.ludovic.netlib.lapack.F2jLAPACK
[w21-simd] benchmark=gale.bench.SimdL1SpikeJmh.breezeMax n=65536 lanes=8 arch=amd64 jdk=25
[breeze-netlib] lane=B benchmark=gale.bench.SimdL1SpikeJmh.breezeMax params=n=65536 blas=dev.ludovic.netlib.blas.VectorBLAS lapack=dev.ludovic.netlib.lapack.F2jLAPACK
[w21-simd] benchmark=gale.bench.SimdL1SpikeJmh.breezeMax n=65536 lanes=8 arch=amd64 jdk=25
[breeze-netlib] lane=B benchmark=gale.bench.SimdL1SpikeJmh.breezeMax params=n=1048576 blas=dev.ludovic.netlib.blas.VectorBLAS lapack=dev.ludovic.netlib.lapack.F2jLAPACK
[w21-simd] benchmark=gale.bench.SimdL1SpikeJmh.breezeMax n=1048576 lanes=8 arch=amd64 jdk=25
[breeze-netlib] lane=B benchmark=gale.bench.SimdL1SpikeJmh.breezeMax params=n=1048576 blas=dev.ludovic.netlib.blas.VectorBLAS lapack=dev.ludovic.netlib.lapack.F2jLAPACK
[w21-simd] benchmark=gale.bench.SimdL1SpikeJmh.breezeMax n=1048576 lanes=8 arch=amd64 jdk=25
[breeze-netlib] lane=B benchmark=gale.bench.SimdL1SpikeJmh.breezeMax params=n=1048576 blas=dev.ludovic.netlib.blas.VectorBLAS lapack=dev.ludovic.netlib.lapack.F2jLAPACK
[w21-simd] benchmark=gale.bench.SimdL1SpikeJmh.breezeMax n=1048576 lanes=8 arch=amd64 jdk=25
[breeze-netlib] lane=B benchmark=gale.bench.SimdL1SpikeJmh.breezeNrm2 params=n=1024 blas=dev.ludovic.netlib.blas.VectorBLAS lapack=dev.ludovic.netlib.lapack.F2jLAPACK
[w21-simd] benchmark=gale.bench.SimdL1SpikeJmh.breezeNrm2 n=1024 lanes=8 arch=amd64 jdk=25
[breeze-netlib] lane=B benchmark=gale.bench.SimdL1SpikeJmh.breezeNrm2 params=n=1024 blas=dev.ludovic.netlib.blas.VectorBLAS lapack=dev.ludovic.netlib.lapack.F2jLAPACK
[w21-simd] benchmark=gale.bench.SimdL1SpikeJmh.breezeNrm2 n=1024 lanes=8 arch=amd64 jdk=25
[breeze-netlib] lane=B benchmark=gale.bench.SimdL1SpikeJmh.breezeNrm2 params=n=1024 blas=dev.ludovic.netlib.blas.VectorBLAS lapack=dev.ludovic.netlib.lapack.F2jLAPACK
[w21-simd] benchmark=gale.bench.SimdL1SpikeJmh.breezeNrm2 n=1024 lanes=8 arch=amd64 jdk=25
[breeze-netlib] lane=B benchmark=gale.bench.SimdL1SpikeJmh.breezeNrm2 params=n=4096 blas=dev.ludovic.netlib.blas.VectorBLAS lapack=dev.ludovic.netlib.lapack.F2jLAPACK
[w21-simd] benchmark=gale.bench.SimdL1SpikeJmh.breezeNrm2 n=4096 lanes=8 arch=amd64 jdk=25
[breeze-netlib] lane=B benchmark=gale.bench.SimdL1SpikeJmh.breezeNrm2 params=n=4096 blas=dev.ludovic.netlib.blas.VectorBLAS lapack=dev.ludovic.netlib.lapack.F2jLAPACK
[w21-simd] benchmark=gale.bench.SimdL1SpikeJmh.breezeNrm2 n=4096 lanes=8 arch=amd64 jdk=25
[breeze-netlib] lane=B benchmark=gale.bench.SimdL1SpikeJmh.breezeNrm2 params=n=4096 blas=dev.ludovic.netlib.blas.VectorBLAS lapack=dev.ludovic.netlib.lapack.F2jLAPACK
[w21-simd] benchmark=gale.bench.SimdL1SpikeJmh.breezeNrm2 n=4096 lanes=8 arch=amd64 jdk=25
[breeze-netlib] lane=B benchmark=gale.bench.SimdL1SpikeJmh.breezeNrm2 params=n=65536 blas=dev.ludovic.netlib.blas.VectorBLAS lapack=dev.ludovic.netlib.lapack.F2jLAPACK
[w21-simd] benchmark=gale.bench.SimdL1SpikeJmh.breezeNrm2 n=65536 lanes=8 arch=amd64 jdk=25
[breeze-netlib] lane=B benchmark=gale.bench.SimdL1SpikeJmh.breezeNrm2 params=n=65536 blas=dev.ludovic.netlib.blas.VectorBLAS lapack=dev.ludovic.netlib.lapack.F2jLAPACK
[w21-simd] benchmark=gale.bench.SimdL1SpikeJmh.breezeNrm2 n=65536 lanes=8 arch=amd64 jdk=25
[breeze-netlib] lane=B benchmark=gale.bench.SimdL1SpikeJmh.breezeNrm2 params=n=65536 blas=dev.ludovic.netlib.blas.VectorBLAS lapack=dev.ludovic.netlib.lapack.F2jLAPACK
[w21-simd] benchmark=gale.bench.SimdL1SpikeJmh.breezeNrm2 n=65536 lanes=8 arch=amd64 jdk=25
[breeze-netlib] lane=B benchmark=gale.bench.SimdL1SpikeJmh.breezeNrm2 params=n=1048576 blas=dev.ludovic.netlib.blas.VectorBLAS lapack=dev.ludovic.netlib.lapack.F2jLAPACK
[w21-simd] benchmark=gale.bench.SimdL1SpikeJmh.breezeNrm2 n=1048576 lanes=8 arch=amd64 jdk=25
[breeze-netlib] lane=B benchmark=gale.bench.SimdL1SpikeJmh.breezeNrm2 params=n=1048576 blas=dev.ludovic.netlib.blas.VectorBLAS lapack=dev.ludovic.netlib.lapack.F2jLAPACK
[w21-simd] benchmark=gale.bench.SimdL1SpikeJmh.breezeNrm2 n=1048576 lanes=8 arch=amd64 jdk=25
[breeze-netlib] lane=B benchmark=gale.bench.SimdL1SpikeJmh.breezeNrm2 params=n=1048576 blas=dev.ludovic.netlib.blas.VectorBLAS lapack=dev.ludovic.netlib.lapack.F2jLAPACK
[w21-simd] benchmark=gale.bench.SimdL1SpikeJmh.breezeNrm2 n=1048576 lanes=8 arch=amd64 jdk=25
[breeze-netlib] lane=B benchmark=gale.bench.SimdL1SpikeJmh.breezeSum params=n=1024 blas=dev.ludovic.netlib.blas.VectorBLAS lapack=dev.ludovic.netlib.lapack.F2jLAPACK
[w21-simd] benchmark=gale.bench.SimdL1SpikeJmh.breezeSum n=1024 lanes=8 arch=amd64 jdk=25
[breeze-netlib] lane=B benchmark=gale.bench.SimdL1SpikeJmh.breezeSum params=n=1024 blas=dev.ludovic.netlib.blas.VectorBLAS lapack=dev.ludovic.netlib.lapack.F2jLAPACK
[w21-simd] benchmark=gale.bench.SimdL1SpikeJmh.breezeSum n=1024 lanes=8 arch=amd64 jdk=25
[breeze-netlib] lane=B benchmark=gale.bench.SimdL1SpikeJmh.breezeSum params=n=1024 blas=dev.ludovic.netlib.blas.VectorBLAS lapack=dev.ludovic.netlib.lapack.F2jLAPACK
[w21-simd] benchmark=gale.bench.SimdL1SpikeJmh.breezeSum n=1024 lanes=8 arch=amd64 jdk=25
[breeze-netlib] lane=B benchmark=gale.bench.SimdL1SpikeJmh.breezeSum params=n=4096 blas=dev.ludovic.netlib.blas.VectorBLAS lapack=dev.ludovic.netlib.lapack.F2jLAPACK
[w21-simd] benchmark=gale.bench.SimdL1SpikeJmh.breezeSum n=4096 lanes=8 arch=amd64 jdk=25
[breeze-netlib] lane=B benchmark=gale.bench.SimdL1SpikeJmh.breezeSum params=n=4096 blas=dev.ludovic.netlib.blas.VectorBLAS lapack=dev.ludovic.netlib.lapack.F2jLAPACK
[w21-simd] benchmark=gale.bench.SimdL1SpikeJmh.breezeSum n=4096 lanes=8 arch=amd64 jdk=25
[breeze-netlib] lane=B benchmark=gale.bench.SimdL1SpikeJmh.breezeSum params=n=4096 blas=dev.ludovic.netlib.blas.VectorBLAS lapack=dev.ludovic.netlib.lapack.F2jLAPACK
[w21-simd] benchmark=gale.bench.SimdL1SpikeJmh.breezeSum n=4096 lanes=8 arch=amd64 jdk=25
[breeze-netlib] lane=B benchmark=gale.bench.SimdL1SpikeJmh.breezeSum params=n=65536 blas=dev.ludovic.netlib.blas.VectorBLAS lapack=dev.ludovic.netlib.lapack.F2jLAPACK
[w21-simd] benchmark=gale.bench.SimdL1SpikeJmh.breezeSum n=65536 lanes=8 arch=amd64 jdk=25
[breeze-netlib] lane=B benchmark=gale.bench.SimdL1SpikeJmh.breezeSum params=n=65536 blas=dev.ludovic.netlib.blas.VectorBLAS lapack=dev.ludovic.netlib.lapack.F2jLAPACK
[w21-simd] benchmark=gale.bench.SimdL1SpikeJmh.breezeSum n=65536 lanes=8 arch=amd64 jdk=25
[breeze-netlib] lane=B benchmark=gale.bench.SimdL1SpikeJmh.breezeSum params=n=65536 blas=dev.ludovic.netlib.blas.VectorBLAS lapack=dev.ludovic.netlib.lapack.F2jLAPACK
[w21-simd] benchmark=gale.bench.SimdL1SpikeJmh.breezeSum n=65536 lanes=8 arch=amd64 jdk=25
[breeze-netlib] lane=B benchmark=gale.bench.SimdL1SpikeJmh.breezeSum params=n=1048576 blas=dev.ludovic.netlib.blas.VectorBLAS lapack=dev.ludovic.netlib.lapack.F2jLAPACK
[w21-simd] benchmark=gale.bench.SimdL1SpikeJmh.breezeSum n=1048576 lanes=8 arch=amd64 jdk=25
[breeze-netlib] lane=B benchmark=gale.bench.SimdL1SpikeJmh.breezeSum params=n=1048576 blas=dev.ludovic.netlib.blas.VectorBLAS lapack=dev.ludovic.netlib.lapack.F2jLAPACK
[w21-simd] benchmark=gale.bench.SimdL1SpikeJmh.breezeSum n=1048576 lanes=8 arch=amd64 jdk=25
[breeze-netlib] lane=B benchmark=gale.bench.SimdL1SpikeJmh.breezeSum params=n=1048576 blas=dev.ludovic.netlib.blas.VectorBLAS lapack=dev.ludovic.netlib.lapack.F2jLAPACK
[w21-simd] benchmark=gale.bench.SimdL1SpikeJmh.breezeSum n=1048576 lanes=8 arch=amd64 jdk=25
[breeze-netlib] lane=B benchmark=gale.bench.SimdL1SpikeJmh.pureArgmax params=n=1024 blas=dev.ludovic.netlib.blas.VectorBLAS lapack=dev.ludovic.netlib.lapack.F2jLAPACK
[w21-simd] benchmark=gale.bench.SimdL1SpikeJmh.pureArgmax n=1024 lanes=8 arch=amd64 jdk=25
[breeze-netlib] lane=B benchmark=gale.bench.SimdL1SpikeJmh.pureArgmax params=n=1024 blas=dev.ludovic.netlib.blas.VectorBLAS lapack=dev.ludovic.netlib.lapack.F2jLAPACK
[w21-simd] benchmark=gale.bench.SimdL1SpikeJmh.pureArgmax n=1024 lanes=8 arch=amd64 jdk=25
[breeze-netlib] lane=B benchmark=gale.bench.SimdL1SpikeJmh.pureArgmax params=n=1024 blas=dev.ludovic.netlib.blas.VectorBLAS lapack=dev.ludovic.netlib.lapack.F2jLAPACK
[w21-simd] benchmark=gale.bench.SimdL1SpikeJmh.pureArgmax n=1024 lanes=8 arch=amd64 jdk=25
[breeze-netlib] lane=B benchmark=gale.bench.SimdL1SpikeJmh.pureArgmax params=n=4096 blas=dev.ludovic.netlib.blas.VectorBLAS lapack=dev.ludovic.netlib.lapack.F2jLAPACK
[w21-simd] benchmark=gale.bench.SimdL1SpikeJmh.pureArgmax n=4096 lanes=8 arch=amd64 jdk=25
[breeze-netlib] lane=B benchmark=gale.bench.SimdL1SpikeJmh.pureArgmax params=n=4096 blas=dev.ludovic.netlib.blas.VectorBLAS lapack=dev.ludovic.netlib.lapack.F2jLAPACK
[w21-simd] benchmark=gale.bench.SimdL1SpikeJmh.pureArgmax n=4096 lanes=8 arch=amd64 jdk=25
[breeze-netlib] lane=B benchmark=gale.bench.SimdL1SpikeJmh.pureArgmax params=n=4096 blas=dev.ludovic.netlib.blas.VectorBLAS lapack=dev.ludovic.netlib.lapack.F2jLAPACK
[w21-simd] benchmark=gale.bench.SimdL1SpikeJmh.pureArgmax n=4096 lanes=8 arch=amd64 jdk=25
[breeze-netlib] lane=B benchmark=gale.bench.SimdL1SpikeJmh.pureArgmax params=n=65536 blas=dev.ludovic.netlib.blas.VectorBLAS lapack=dev.ludovic.netlib.lapack.F2jLAPACK
[w21-simd] benchmark=gale.bench.SimdL1SpikeJmh.pureArgmax n=65536 lanes=8 arch=amd64 jdk=25
[breeze-netlib] lane=B benchmark=gale.bench.SimdL1SpikeJmh.pureArgmax params=n=65536 blas=dev.ludovic.netlib.blas.VectorBLAS lapack=dev.ludovic.netlib.lapack.F2jLAPACK
[w21-simd] benchmark=gale.bench.SimdL1SpikeJmh.pureArgmax n=65536 lanes=8 arch=amd64 jdk=25
[breeze-netlib] lane=B benchmark=gale.bench.SimdL1SpikeJmh.pureArgmax params=n=65536 blas=dev.ludovic.netlib.blas.VectorBLAS lapack=dev.ludovic.netlib.lapack.F2jLAPACK
[w21-simd] benchmark=gale.bench.SimdL1SpikeJmh.pureArgmax n=65536 lanes=8 arch=amd64 jdk=25
[breeze-netlib] lane=B benchmark=gale.bench.SimdL1SpikeJmh.pureArgmax params=n=1048576 blas=dev.ludovic.netlib.blas.VectorBLAS lapack=dev.ludovic.netlib.lapack.F2jLAPACK
[w21-simd] benchmark=gale.bench.SimdL1SpikeJmh.pureArgmax n=1048576 lanes=8 arch=amd64 jdk=25
[breeze-netlib] lane=B benchmark=gale.bench.SimdL1SpikeJmh.pureArgmax params=n=1048576 blas=dev.ludovic.netlib.blas.VectorBLAS lapack=dev.ludovic.netlib.lapack.F2jLAPACK
[w21-simd] benchmark=gale.bench.SimdL1SpikeJmh.pureArgmax n=1048576 lanes=8 arch=amd64 jdk=25
[breeze-netlib] lane=B benchmark=gale.bench.SimdL1SpikeJmh.pureArgmax params=n=1048576 blas=dev.ludovic.netlib.blas.VectorBLAS lapack=dev.ludovic.netlib.lapack.F2jLAPACK
[w21-simd] benchmark=gale.bench.SimdL1SpikeJmh.pureArgmax n=1048576 lanes=8 arch=amd64 jdk=25
[breeze-netlib] lane=B benchmark=gale.bench.SimdL1SpikeJmh.pureAxpy params=n=1024 blas=dev.ludovic.netlib.blas.VectorBLAS lapack=dev.ludovic.netlib.lapack.F2jLAPACK
[w21-simd] benchmark=gale.bench.SimdL1SpikeJmh.pureAxpy n=1024 lanes=8 arch=amd64 jdk=25
[breeze-netlib] lane=B benchmark=gale.bench.SimdL1SpikeJmh.pureAxpy params=n=1024 blas=dev.ludovic.netlib.blas.VectorBLAS lapack=dev.ludovic.netlib.lapack.F2jLAPACK
[w21-simd] benchmark=gale.bench.SimdL1SpikeJmh.pureAxpy n=1024 lanes=8 arch=amd64 jdk=25
[breeze-netlib] lane=B benchmark=gale.bench.SimdL1SpikeJmh.pureAxpy params=n=1024 blas=dev.ludovic.netlib.blas.VectorBLAS lapack=dev.ludovic.netlib.lapack.F2jLAPACK
[w21-simd] benchmark=gale.bench.SimdL1SpikeJmh.pureAxpy n=1024 lanes=8 arch=amd64 jdk=25
[breeze-netlib] lane=B benchmark=gale.bench.SimdL1SpikeJmh.pureAxpy params=n=4096 blas=dev.ludovic.netlib.blas.VectorBLAS lapack=dev.ludovic.netlib.lapack.F2jLAPACK
[w21-simd] benchmark=gale.bench.SimdL1SpikeJmh.pureAxpy n=4096 lanes=8 arch=amd64 jdk=25
[breeze-netlib] lane=B benchmark=gale.bench.SimdL1SpikeJmh.pureAxpy params=n=4096 blas=dev.ludovic.netlib.blas.VectorBLAS lapack=dev.ludovic.netlib.lapack.F2jLAPACK
[w21-simd] benchmark=gale.bench.SimdL1SpikeJmh.pureAxpy n=4096 lanes=8 arch=amd64 jdk=25
[breeze-netlib] lane=B benchmark=gale.bench.SimdL1SpikeJmh.pureAxpy params=n=4096 blas=dev.ludovic.netlib.blas.VectorBLAS lapack=dev.ludovic.netlib.lapack.F2jLAPACK
[w21-simd] benchmark=gale.bench.SimdL1SpikeJmh.pureAxpy n=4096 lanes=8 arch=amd64 jdk=25
[breeze-netlib] lane=B benchmark=gale.bench.SimdL1SpikeJmh.pureAxpy params=n=65536 blas=dev.ludovic.netlib.blas.VectorBLAS lapack=dev.ludovic.netlib.lapack.F2jLAPACK
[w21-simd] benchmark=gale.bench.SimdL1SpikeJmh.pureAxpy n=65536 lanes=8 arch=amd64 jdk=25
[breeze-netlib] lane=B benchmark=gale.bench.SimdL1SpikeJmh.pureAxpy params=n=65536 blas=dev.ludovic.netlib.blas.VectorBLAS lapack=dev.ludovic.netlib.lapack.F2jLAPACK
[w21-simd] benchmark=gale.bench.SimdL1SpikeJmh.pureAxpy n=65536 lanes=8 arch=amd64 jdk=25
[breeze-netlib] lane=B benchmark=gale.bench.SimdL1SpikeJmh.pureAxpy params=n=65536 blas=dev.ludovic.netlib.blas.VectorBLAS lapack=dev.ludovic.netlib.lapack.F2jLAPACK
[w21-simd] benchmark=gale.bench.SimdL1SpikeJmh.pureAxpy n=65536 lanes=8 arch=amd64 jdk=25
[breeze-netlib] lane=B benchmark=gale.bench.SimdL1SpikeJmh.pureAxpy params=n=1048576 blas=dev.ludovic.netlib.blas.VectorBLAS lapack=dev.ludovic.netlib.lapack.F2jLAPACK
[w21-simd] benchmark=gale.bench.SimdL1SpikeJmh.pureAxpy n=1048576 lanes=8 arch=amd64 jdk=25
[breeze-netlib] lane=B benchmark=gale.bench.SimdL1SpikeJmh.pureAxpy params=n=1048576 blas=dev.ludovic.netlib.blas.VectorBLAS lapack=dev.ludovic.netlib.lapack.F2jLAPACK
[w21-simd] benchmark=gale.bench.SimdL1SpikeJmh.pureAxpy n=1048576 lanes=8 arch=amd64 jdk=25
[breeze-netlib] lane=B benchmark=gale.bench.SimdL1SpikeJmh.pureAxpy params=n=1048576 blas=dev.ludovic.netlib.blas.VectorBLAS lapack=dev.ludovic.netlib.lapack.F2jLAPACK
[w21-simd] benchmark=gale.bench.SimdL1SpikeJmh.pureAxpy n=1048576 lanes=8 arch=amd64 jdk=25
[breeze-netlib] lane=B benchmark=gale.bench.SimdL1SpikeJmh.pureDot params=n=1024 blas=dev.ludovic.netlib.blas.VectorBLAS lapack=dev.ludovic.netlib.lapack.F2jLAPACK
[w21-simd] benchmark=gale.bench.SimdL1SpikeJmh.pureDot n=1024 lanes=8 arch=amd64 jdk=25
[breeze-netlib] lane=B benchmark=gale.bench.SimdL1SpikeJmh.pureDot params=n=1024 blas=dev.ludovic.netlib.blas.VectorBLAS lapack=dev.ludovic.netlib.lapack.F2jLAPACK
[w21-simd] benchmark=gale.bench.SimdL1SpikeJmh.pureDot n=1024 lanes=8 arch=amd64 jdk=25
[breeze-netlib] lane=B benchmark=gale.bench.SimdL1SpikeJmh.pureDot params=n=1024 blas=dev.ludovic.netlib.blas.VectorBLAS lapack=dev.ludovic.netlib.lapack.F2jLAPACK
[w21-simd] benchmark=gale.bench.SimdL1SpikeJmh.pureDot n=1024 lanes=8 arch=amd64 jdk=25
[breeze-netlib] lane=B benchmark=gale.bench.SimdL1SpikeJmh.pureDot params=n=4096 blas=dev.ludovic.netlib.blas.VectorBLAS lapack=dev.ludovic.netlib.lapack.F2jLAPACK
[w21-simd] benchmark=gale.bench.SimdL1SpikeJmh.pureDot n=4096 lanes=8 arch=amd64 jdk=25
[breeze-netlib] lane=B benchmark=gale.bench.SimdL1SpikeJmh.pureDot params=n=4096 blas=dev.ludovic.netlib.blas.VectorBLAS lapack=dev.ludovic.netlib.lapack.F2jLAPACK
[w21-simd] benchmark=gale.bench.SimdL1SpikeJmh.pureDot n=4096 lanes=8 arch=amd64 jdk=25
[breeze-netlib] lane=B benchmark=gale.bench.SimdL1SpikeJmh.pureDot params=n=4096 blas=dev.ludovic.netlib.blas.VectorBLAS lapack=dev.ludovic.netlib.lapack.F2jLAPACK
[w21-simd] benchmark=gale.bench.SimdL1SpikeJmh.pureDot n=4096 lanes=8 arch=amd64 jdk=25
[breeze-netlib] lane=B benchmark=gale.bench.SimdL1SpikeJmh.pureDot params=n=65536 blas=dev.ludovic.netlib.blas.VectorBLAS lapack=dev.ludovic.netlib.lapack.F2jLAPACK
[w21-simd] benchmark=gale.bench.SimdL1SpikeJmh.pureDot n=65536 lanes=8 arch=amd64 jdk=25
[breeze-netlib] lane=B benchmark=gale.bench.SimdL1SpikeJmh.pureDot params=n=65536 blas=dev.ludovic.netlib.blas.VectorBLAS lapack=dev.ludovic.netlib.lapack.F2jLAPACK
[w21-simd] benchmark=gale.bench.SimdL1SpikeJmh.pureDot n=65536 lanes=8 arch=amd64 jdk=25
[breeze-netlib] lane=B benchmark=gale.bench.SimdL1SpikeJmh.pureDot params=n=65536 blas=dev.ludovic.netlib.blas.VectorBLAS lapack=dev.ludovic.netlib.lapack.F2jLAPACK
[w21-simd] benchmark=gale.bench.SimdL1SpikeJmh.pureDot n=65536 lanes=8 arch=amd64 jdk=25
[breeze-netlib] lane=B benchmark=gale.bench.SimdL1SpikeJmh.pureDot params=n=1048576 blas=dev.ludovic.netlib.blas.VectorBLAS lapack=dev.ludovic.netlib.lapack.F2jLAPACK
[w21-simd] benchmark=gale.bench.SimdL1SpikeJmh.pureDot n=1048576 lanes=8 arch=amd64 jdk=25
[breeze-netlib] lane=B benchmark=gale.bench.SimdL1SpikeJmh.pureDot params=n=1048576 blas=dev.ludovic.netlib.blas.VectorBLAS lapack=dev.ludovic.netlib.lapack.F2jLAPACK
[w21-simd] benchmark=gale.bench.SimdL1SpikeJmh.pureDot n=1048576 lanes=8 arch=amd64 jdk=25
[breeze-netlib] lane=B benchmark=gale.bench.SimdL1SpikeJmh.pureDot params=n=1048576 blas=dev.ludovic.netlib.blas.VectorBLAS lapack=dev.ludovic.netlib.lapack.F2jLAPACK
[w21-simd] benchmark=gale.bench.SimdL1SpikeJmh.pureDot n=1048576 lanes=8 arch=amd64 jdk=25
[breeze-netlib] lane=B benchmark=gale.bench.SimdL1SpikeJmh.pureExp params=n=1024 blas=dev.ludovic.netlib.blas.VectorBLAS lapack=dev.ludovic.netlib.lapack.F2jLAPACK
[w21-simd] benchmark=gale.bench.SimdL1SpikeJmh.pureExp n=1024 lanes=8 arch=amd64 jdk=25
[breeze-netlib] lane=B benchmark=gale.bench.SimdL1SpikeJmh.pureExp params=n=1024 blas=dev.ludovic.netlib.blas.VectorBLAS lapack=dev.ludovic.netlib.lapack.F2jLAPACK
[w21-simd] benchmark=gale.bench.SimdL1SpikeJmh.pureExp n=1024 lanes=8 arch=amd64 jdk=25
[breeze-netlib] lane=B benchmark=gale.bench.SimdL1SpikeJmh.pureExp params=n=1024 blas=dev.ludovic.netlib.blas.VectorBLAS lapack=dev.ludovic.netlib.lapack.F2jLAPACK
[w21-simd] benchmark=gale.bench.SimdL1SpikeJmh.pureExp n=1024 lanes=8 arch=amd64 jdk=25
[breeze-netlib] lane=B benchmark=gale.bench.SimdL1SpikeJmh.pureExp params=n=4096 blas=dev.ludovic.netlib.blas.VectorBLAS lapack=dev.ludovic.netlib.lapack.F2jLAPACK
[w21-simd] benchmark=gale.bench.SimdL1SpikeJmh.pureExp n=4096 lanes=8 arch=amd64 jdk=25
[breeze-netlib] lane=B benchmark=gale.bench.SimdL1SpikeJmh.pureExp params=n=4096 blas=dev.ludovic.netlib.blas.VectorBLAS lapack=dev.ludovic.netlib.lapack.F2jLAPACK
[w21-simd] benchmark=gale.bench.SimdL1SpikeJmh.pureExp n=4096 lanes=8 arch=amd64 jdk=25
[breeze-netlib] lane=B benchmark=gale.bench.SimdL1SpikeJmh.pureExp params=n=4096 blas=dev.ludovic.netlib.blas.VectorBLAS lapack=dev.ludovic.netlib.lapack.F2jLAPACK
[w21-simd] benchmark=gale.bench.SimdL1SpikeJmh.pureExp n=4096 lanes=8 arch=amd64 jdk=25
[breeze-netlib] lane=B benchmark=gale.bench.SimdL1SpikeJmh.pureExp params=n=65536 blas=dev.ludovic.netlib.blas.VectorBLAS lapack=dev.ludovic.netlib.lapack.F2jLAPACK
[w21-simd] benchmark=gale.bench.SimdL1SpikeJmh.pureExp n=65536 lanes=8 arch=amd64 jdk=25
[breeze-netlib] lane=B benchmark=gale.bench.SimdL1SpikeJmh.pureExp params=n=65536 blas=dev.ludovic.netlib.blas.VectorBLAS lapack=dev.ludovic.netlib.lapack.F2jLAPACK
[w21-simd] benchmark=gale.bench.SimdL1SpikeJmh.pureExp n=65536 lanes=8 arch=amd64 jdk=25
[breeze-netlib] lane=B benchmark=gale.bench.SimdL1SpikeJmh.pureExp params=n=65536 blas=dev.ludovic.netlib.blas.VectorBLAS lapack=dev.ludovic.netlib.lapack.F2jLAPACK
[w21-simd] benchmark=gale.bench.SimdL1SpikeJmh.pureExp n=65536 lanes=8 arch=amd64 jdk=25
[breeze-netlib] lane=B benchmark=gale.bench.SimdL1SpikeJmh.pureExp params=n=1048576 blas=dev.ludovic.netlib.blas.VectorBLAS lapack=dev.ludovic.netlib.lapack.F2jLAPACK
[w21-simd] benchmark=gale.bench.SimdL1SpikeJmh.pureExp n=1048576 lanes=8 arch=amd64 jdk=25
[breeze-netlib] lane=B benchmark=gale.bench.SimdL1SpikeJmh.pureExp params=n=1048576 blas=dev.ludovic.netlib.blas.VectorBLAS lapack=dev.ludovic.netlib.lapack.F2jLAPACK
[w21-simd] benchmark=gale.bench.SimdL1SpikeJmh.pureExp n=1048576 lanes=8 arch=amd64 jdk=25
[breeze-netlib] lane=B benchmark=gale.bench.SimdL1SpikeJmh.pureExp params=n=1048576 blas=dev.ludovic.netlib.blas.VectorBLAS lapack=dev.ludovic.netlib.lapack.F2jLAPACK
[w21-simd] benchmark=gale.bench.SimdL1SpikeJmh.pureExp n=1048576 lanes=8 arch=amd64 jdk=25
[breeze-netlib] lane=B benchmark=gale.bench.SimdL1SpikeJmh.pureNrm2 params=n=1024 blas=dev.ludovic.netlib.blas.VectorBLAS lapack=dev.ludovic.netlib.lapack.F2jLAPACK
[w21-simd] benchmark=gale.bench.SimdL1SpikeJmh.pureNrm2 n=1024 lanes=8 arch=amd64 jdk=25
[breeze-netlib] lane=B benchmark=gale.bench.SimdL1SpikeJmh.pureNrm2 params=n=1024 blas=dev.ludovic.netlib.blas.VectorBLAS lapack=dev.ludovic.netlib.lapack.F2jLAPACK
[w21-simd] benchmark=gale.bench.SimdL1SpikeJmh.pureNrm2 n=1024 lanes=8 arch=amd64 jdk=25
[breeze-netlib] lane=B benchmark=gale.bench.SimdL1SpikeJmh.pureNrm2 params=n=1024 blas=dev.ludovic.netlib.blas.VectorBLAS lapack=dev.ludovic.netlib.lapack.F2jLAPACK
[w21-simd] benchmark=gale.bench.SimdL1SpikeJmh.pureNrm2 n=1024 lanes=8 arch=amd64 jdk=25
[breeze-netlib] lane=B benchmark=gale.bench.SimdL1SpikeJmh.pureNrm2 params=n=4096 blas=dev.ludovic.netlib.blas.VectorBLAS lapack=dev.ludovic.netlib.lapack.F2jLAPACK
[w21-simd] benchmark=gale.bench.SimdL1SpikeJmh.pureNrm2 n=4096 lanes=8 arch=amd64 jdk=25
[breeze-netlib] lane=B benchmark=gale.bench.SimdL1SpikeJmh.pureNrm2 params=n=4096 blas=dev.ludovic.netlib.blas.VectorBLAS lapack=dev.ludovic.netlib.lapack.F2jLAPACK
[w21-simd] benchmark=gale.bench.SimdL1SpikeJmh.pureNrm2 n=4096 lanes=8 arch=amd64 jdk=25
[breeze-netlib] lane=B benchmark=gale.bench.SimdL1SpikeJmh.pureNrm2 params=n=4096 blas=dev.ludovic.netlib.blas.VectorBLAS lapack=dev.ludovic.netlib.lapack.F2jLAPACK
[w21-simd] benchmark=gale.bench.SimdL1SpikeJmh.pureNrm2 n=4096 lanes=8 arch=amd64 jdk=25
[breeze-netlib] lane=B benchmark=gale.bench.SimdL1SpikeJmh.pureNrm2 params=n=65536 blas=dev.ludovic.netlib.blas.VectorBLAS lapack=dev.ludovic.netlib.lapack.F2jLAPACK
[w21-simd] benchmark=gale.bench.SimdL1SpikeJmh.pureNrm2 n=65536 lanes=8 arch=amd64 jdk=25
[breeze-netlib] lane=B benchmark=gale.bench.SimdL1SpikeJmh.pureNrm2 params=n=65536 blas=dev.ludovic.netlib.blas.VectorBLAS lapack=dev.ludovic.netlib.lapack.F2jLAPACK
[w21-simd] benchmark=gale.bench.SimdL1SpikeJmh.pureNrm2 n=65536 lanes=8 arch=amd64 jdk=25
[breeze-netlib] lane=B benchmark=gale.bench.SimdL1SpikeJmh.pureNrm2 params=n=65536 blas=dev.ludovic.netlib.blas.VectorBLAS lapack=dev.ludovic.netlib.lapack.F2jLAPACK
[w21-simd] benchmark=gale.bench.SimdL1SpikeJmh.pureNrm2 n=65536 lanes=8 arch=amd64 jdk=25
[breeze-netlib] lane=B benchmark=gale.bench.SimdL1SpikeJmh.pureNrm2 params=n=1048576 blas=dev.ludovic.netlib.blas.VectorBLAS lapack=dev.ludovic.netlib.lapack.F2jLAPACK
[w21-simd] benchmark=gale.bench.SimdL1SpikeJmh.pureNrm2 n=1048576 lanes=8 arch=amd64 jdk=25
[breeze-netlib] lane=B benchmark=gale.bench.SimdL1SpikeJmh.pureNrm2 params=n=1048576 blas=dev.ludovic.netlib.blas.VectorBLAS lapack=dev.ludovic.netlib.lapack.F2jLAPACK
[w21-simd] benchmark=gale.bench.SimdL1SpikeJmh.pureNrm2 n=1048576 lanes=8 arch=amd64 jdk=25
[breeze-netlib] lane=B benchmark=gale.bench.SimdL1SpikeJmh.pureNrm2 params=n=1048576 blas=dev.ludovic.netlib.blas.VectorBLAS lapack=dev.ludovic.netlib.lapack.F2jLAPACK
[w21-simd] benchmark=gale.bench.SimdL1SpikeJmh.pureNrm2 n=1048576 lanes=8 arch=amd64 jdk=25
[breeze-netlib] lane=B benchmark=gale.bench.SimdL1SpikeJmh.pureOptimisticNrm2 params=n=1024 blas=dev.ludovic.netlib.blas.VectorBLAS lapack=dev.ludovic.netlib.lapack.F2jLAPACK
[w21-simd] benchmark=gale.bench.SimdL1SpikeJmh.pureOptimisticNrm2 n=1024 lanes=8 arch=amd64 jdk=25
[breeze-netlib] lane=B benchmark=gale.bench.SimdL1SpikeJmh.pureOptimisticNrm2 params=n=1024 blas=dev.ludovic.netlib.blas.VectorBLAS lapack=dev.ludovic.netlib.lapack.F2jLAPACK
[w21-simd] benchmark=gale.bench.SimdL1SpikeJmh.pureOptimisticNrm2 n=1024 lanes=8 arch=amd64 jdk=25
[breeze-netlib] lane=B benchmark=gale.bench.SimdL1SpikeJmh.pureOptimisticNrm2 params=n=1024 blas=dev.ludovic.netlib.blas.VectorBLAS lapack=dev.ludovic.netlib.lapack.F2jLAPACK
[w21-simd] benchmark=gale.bench.SimdL1SpikeJmh.pureOptimisticNrm2 n=1024 lanes=8 arch=amd64 jdk=25
[breeze-netlib] lane=B benchmark=gale.bench.SimdL1SpikeJmh.pureOptimisticNrm2 params=n=4096 blas=dev.ludovic.netlib.blas.VectorBLAS lapack=dev.ludovic.netlib.lapack.F2jLAPACK
[w21-simd] benchmark=gale.bench.SimdL1SpikeJmh.pureOptimisticNrm2 n=4096 lanes=8 arch=amd64 jdk=25
[breeze-netlib] lane=B benchmark=gale.bench.SimdL1SpikeJmh.pureOptimisticNrm2 params=n=4096 blas=dev.ludovic.netlib.blas.VectorBLAS lapack=dev.ludovic.netlib.lapack.F2jLAPACK
[w21-simd] benchmark=gale.bench.SimdL1SpikeJmh.pureOptimisticNrm2 n=4096 lanes=8 arch=amd64 jdk=25
[breeze-netlib] lane=B benchmark=gale.bench.SimdL1SpikeJmh.pureOptimisticNrm2 params=n=4096 blas=dev.ludovic.netlib.blas.VectorBLAS lapack=dev.ludovic.netlib.lapack.F2jLAPACK
[w21-simd] benchmark=gale.bench.SimdL1SpikeJmh.pureOptimisticNrm2 n=4096 lanes=8 arch=amd64 jdk=25
[breeze-netlib] lane=B benchmark=gale.bench.SimdL1SpikeJmh.pureOptimisticNrm2 params=n=65536 blas=dev.ludovic.netlib.blas.VectorBLAS lapack=dev.ludovic.netlib.lapack.F2jLAPACK
[w21-simd] benchmark=gale.bench.SimdL1SpikeJmh.pureOptimisticNrm2 n=65536 lanes=8 arch=amd64 jdk=25
[breeze-netlib] lane=B benchmark=gale.bench.SimdL1SpikeJmh.pureOptimisticNrm2 params=n=65536 blas=dev.ludovic.netlib.blas.VectorBLAS lapack=dev.ludovic.netlib.lapack.F2jLAPACK
[w21-simd] benchmark=gale.bench.SimdL1SpikeJmh.pureOptimisticNrm2 n=65536 lanes=8 arch=amd64 jdk=25
[breeze-netlib] lane=B benchmark=gale.bench.SimdL1SpikeJmh.pureOptimisticNrm2 params=n=65536 blas=dev.ludovic.netlib.blas.VectorBLAS lapack=dev.ludovic.netlib.lapack.F2jLAPACK
[w21-simd] benchmark=gale.bench.SimdL1SpikeJmh.pureOptimisticNrm2 n=65536 lanes=8 arch=amd64 jdk=25
[breeze-netlib] lane=B benchmark=gale.bench.SimdL1SpikeJmh.pureOptimisticNrm2 params=n=1048576 blas=dev.ludovic.netlib.blas.VectorBLAS lapack=dev.ludovic.netlib.lapack.F2jLAPACK
[w21-simd] benchmark=gale.bench.SimdL1SpikeJmh.pureOptimisticNrm2 n=1048576 lanes=8 arch=amd64 jdk=25
[breeze-netlib] lane=B benchmark=gale.bench.SimdL1SpikeJmh.pureOptimisticNrm2 params=n=1048576 blas=dev.ludovic.netlib.blas.VectorBLAS lapack=dev.ludovic.netlib.lapack.F2jLAPACK
[w21-simd] benchmark=gale.bench.SimdL1SpikeJmh.pureOptimisticNrm2 n=1048576 lanes=8 arch=amd64 jdk=25
[breeze-netlib] lane=B benchmark=gale.bench.SimdL1SpikeJmh.pureOptimisticNrm2 params=n=1048576 blas=dev.ludovic.netlib.blas.VectorBLAS lapack=dev.ludovic.netlib.lapack.F2jLAPACK
[w21-simd] benchmark=gale.bench.SimdL1SpikeJmh.pureOptimisticNrm2 n=1048576 lanes=8 arch=amd64 jdk=25
[breeze-netlib] lane=B benchmark=gale.bench.SimdL1SpikeJmh.pureSum params=n=1024 blas=dev.ludovic.netlib.blas.VectorBLAS lapack=dev.ludovic.netlib.lapack.F2jLAPACK
[w21-simd] benchmark=gale.bench.SimdL1SpikeJmh.pureSum n=1024 lanes=8 arch=amd64 jdk=25
[breeze-netlib] lane=B benchmark=gale.bench.SimdL1SpikeJmh.pureSum params=n=1024 blas=dev.ludovic.netlib.blas.VectorBLAS lapack=dev.ludovic.netlib.lapack.F2jLAPACK
[w21-simd] benchmark=gale.bench.SimdL1SpikeJmh.pureSum n=1024 lanes=8 arch=amd64 jdk=25
[breeze-netlib] lane=B benchmark=gale.bench.SimdL1SpikeJmh.pureSum params=n=1024 blas=dev.ludovic.netlib.blas.VectorBLAS lapack=dev.ludovic.netlib.lapack.F2jLAPACK
[w21-simd] benchmark=gale.bench.SimdL1SpikeJmh.pureSum n=1024 lanes=8 arch=amd64 jdk=25
[breeze-netlib] lane=B benchmark=gale.bench.SimdL1SpikeJmh.pureSum params=n=4096 blas=dev.ludovic.netlib.blas.VectorBLAS lapack=dev.ludovic.netlib.lapack.F2jLAPACK
[w21-simd] benchmark=gale.bench.SimdL1SpikeJmh.pureSum n=4096 lanes=8 arch=amd64 jdk=25
[breeze-netlib] lane=B benchmark=gale.bench.SimdL1SpikeJmh.pureSum params=n=4096 blas=dev.ludovic.netlib.blas.VectorBLAS lapack=dev.ludovic.netlib.lapack.F2jLAPACK
[w21-simd] benchmark=gale.bench.SimdL1SpikeJmh.pureSum n=4096 lanes=8 arch=amd64 jdk=25
[breeze-netlib] lane=B benchmark=gale.bench.SimdL1SpikeJmh.pureSum params=n=4096 blas=dev.ludovic.netlib.blas.VectorBLAS lapack=dev.ludovic.netlib.lapack.F2jLAPACK
[w21-simd] benchmark=gale.bench.SimdL1SpikeJmh.pureSum n=4096 lanes=8 arch=amd64 jdk=25
[breeze-netlib] lane=B benchmark=gale.bench.SimdL1SpikeJmh.pureSum params=n=65536 blas=dev.ludovic.netlib.blas.VectorBLAS lapack=dev.ludovic.netlib.lapack.F2jLAPACK
[w21-simd] benchmark=gale.bench.SimdL1SpikeJmh.pureSum n=65536 lanes=8 arch=amd64 jdk=25
[breeze-netlib] lane=B benchmark=gale.bench.SimdL1SpikeJmh.pureSum params=n=65536 blas=dev.ludovic.netlib.blas.VectorBLAS lapack=dev.ludovic.netlib.lapack.F2jLAPACK
[w21-simd] benchmark=gale.bench.SimdL1SpikeJmh.pureSum n=65536 lanes=8 arch=amd64 jdk=25
[breeze-netlib] lane=B benchmark=gale.bench.SimdL1SpikeJmh.pureSum params=n=65536 blas=dev.ludovic.netlib.blas.VectorBLAS lapack=dev.ludovic.netlib.lapack.F2jLAPACK
[w21-simd] benchmark=gale.bench.SimdL1SpikeJmh.pureSum n=65536 lanes=8 arch=amd64 jdk=25
[breeze-netlib] lane=B benchmark=gale.bench.SimdL1SpikeJmh.pureSum params=n=1048576 blas=dev.ludovic.netlib.blas.VectorBLAS lapack=dev.ludovic.netlib.lapack.F2jLAPACK
[w21-simd] benchmark=gale.bench.SimdL1SpikeJmh.pureSum n=1048576 lanes=8 arch=amd64 jdk=25
[breeze-netlib] lane=B benchmark=gale.bench.SimdL1SpikeJmh.pureSum params=n=1048576 blas=dev.ludovic.netlib.blas.VectorBLAS lapack=dev.ludovic.netlib.lapack.F2jLAPACK
[w21-simd] benchmark=gale.bench.SimdL1SpikeJmh.pureSum n=1048576 lanes=8 arch=amd64 jdk=25
[breeze-netlib] lane=B benchmark=gale.bench.SimdL1SpikeJmh.pureSum params=n=1048576 blas=dev.ludovic.netlib.blas.VectorBLAS lapack=dev.ludovic.netlib.lapack.F2jLAPACK
[w21-simd] benchmark=gale.bench.SimdL1SpikeJmh.pureSum n=1048576 lanes=8 arch=amd64 jdk=25
[breeze-netlib] lane=B benchmark=gale.bench.SimdL1SpikeJmh.simdArgmax params=n=1024 blas=dev.ludovic.netlib.blas.VectorBLAS lapack=dev.ludovic.netlib.lapack.F2jLAPACK
[w21-simd] benchmark=gale.bench.SimdL1SpikeJmh.simdArgmax n=1024 lanes=8 arch=amd64 jdk=25
[breeze-netlib] lane=B benchmark=gale.bench.SimdL1SpikeJmh.simdArgmax params=n=1024 blas=dev.ludovic.netlib.blas.VectorBLAS lapack=dev.ludovic.netlib.lapack.F2jLAPACK
[w21-simd] benchmark=gale.bench.SimdL1SpikeJmh.simdArgmax n=1024 lanes=8 arch=amd64 jdk=25
[breeze-netlib] lane=B benchmark=gale.bench.SimdL1SpikeJmh.simdArgmax params=n=1024 blas=dev.ludovic.netlib.blas.VectorBLAS lapack=dev.ludovic.netlib.lapack.F2jLAPACK
[w21-simd] benchmark=gale.bench.SimdL1SpikeJmh.simdArgmax n=1024 lanes=8 arch=amd64 jdk=25
[breeze-netlib] lane=B benchmark=gale.bench.SimdL1SpikeJmh.simdArgmax params=n=4096 blas=dev.ludovic.netlib.blas.VectorBLAS lapack=dev.ludovic.netlib.lapack.F2jLAPACK
[w21-simd] benchmark=gale.bench.SimdL1SpikeJmh.simdArgmax n=4096 lanes=8 arch=amd64 jdk=25
[breeze-netlib] lane=B benchmark=gale.bench.SimdL1SpikeJmh.simdArgmax params=n=4096 blas=dev.ludovic.netlib.blas.VectorBLAS lapack=dev.ludovic.netlib.lapack.F2jLAPACK
[w21-simd] benchmark=gale.bench.SimdL1SpikeJmh.simdArgmax n=4096 lanes=8 arch=amd64 jdk=25
[breeze-netlib] lane=B benchmark=gale.bench.SimdL1SpikeJmh.simdArgmax params=n=4096 blas=dev.ludovic.netlib.blas.VectorBLAS lapack=dev.ludovic.netlib.lapack.F2jLAPACK
[w21-simd] benchmark=gale.bench.SimdL1SpikeJmh.simdArgmax n=4096 lanes=8 arch=amd64 jdk=25
[breeze-netlib] lane=B benchmark=gale.bench.SimdL1SpikeJmh.simdArgmax params=n=65536 blas=dev.ludovic.netlib.blas.VectorBLAS lapack=dev.ludovic.netlib.lapack.F2jLAPACK
[w21-simd] benchmark=gale.bench.SimdL1SpikeJmh.simdArgmax n=65536 lanes=8 arch=amd64 jdk=25
[breeze-netlib] lane=B benchmark=gale.bench.SimdL1SpikeJmh.simdArgmax params=n=65536 blas=dev.ludovic.netlib.blas.VectorBLAS lapack=dev.ludovic.netlib.lapack.F2jLAPACK
[w21-simd] benchmark=gale.bench.SimdL1SpikeJmh.simdArgmax n=65536 lanes=8 arch=amd64 jdk=25
[breeze-netlib] lane=B benchmark=gale.bench.SimdL1SpikeJmh.simdArgmax params=n=65536 blas=dev.ludovic.netlib.blas.VectorBLAS lapack=dev.ludovic.netlib.lapack.F2jLAPACK
[w21-simd] benchmark=gale.bench.SimdL1SpikeJmh.simdArgmax n=65536 lanes=8 arch=amd64 jdk=25
[breeze-netlib] lane=B benchmark=gale.bench.SimdL1SpikeJmh.simdArgmax params=n=1048576 blas=dev.ludovic.netlib.blas.VectorBLAS lapack=dev.ludovic.netlib.lapack.F2jLAPACK
[w21-simd] benchmark=gale.bench.SimdL1SpikeJmh.simdArgmax n=1048576 lanes=8 arch=amd64 jdk=25
[breeze-netlib] lane=B benchmark=gale.bench.SimdL1SpikeJmh.simdArgmax params=n=1048576 blas=dev.ludovic.netlib.blas.VectorBLAS lapack=dev.ludovic.netlib.lapack.F2jLAPACK
[w21-simd] benchmark=gale.bench.SimdL1SpikeJmh.simdArgmax n=1048576 lanes=8 arch=amd64 jdk=25
[breeze-netlib] lane=B benchmark=gale.bench.SimdL1SpikeJmh.simdArgmax params=n=1048576 blas=dev.ludovic.netlib.blas.VectorBLAS lapack=dev.ludovic.netlib.lapack.F2jLAPACK
[w21-simd] benchmark=gale.bench.SimdL1SpikeJmh.simdArgmax n=1048576 lanes=8 arch=amd64 jdk=25
[breeze-netlib] lane=B benchmark=gale.bench.SimdL1SpikeJmh.simdAxpy params=n=1024 blas=dev.ludovic.netlib.blas.VectorBLAS lapack=dev.ludovic.netlib.lapack.F2jLAPACK
[w21-simd] benchmark=gale.bench.SimdL1SpikeJmh.simdAxpy n=1024 lanes=8 arch=amd64 jdk=25
[breeze-netlib] lane=B benchmark=gale.bench.SimdL1SpikeJmh.simdAxpy params=n=1024 blas=dev.ludovic.netlib.blas.VectorBLAS lapack=dev.ludovic.netlib.lapack.F2jLAPACK
[w21-simd] benchmark=gale.bench.SimdL1SpikeJmh.simdAxpy n=1024 lanes=8 arch=amd64 jdk=25
[breeze-netlib] lane=B benchmark=gale.bench.SimdL1SpikeJmh.simdAxpy params=n=1024 blas=dev.ludovic.netlib.blas.VectorBLAS lapack=dev.ludovic.netlib.lapack.F2jLAPACK
[w21-simd] benchmark=gale.bench.SimdL1SpikeJmh.simdAxpy n=1024 lanes=8 arch=amd64 jdk=25
[breeze-netlib] lane=B benchmark=gale.bench.SimdL1SpikeJmh.simdAxpy params=n=4096 blas=dev.ludovic.netlib.blas.VectorBLAS lapack=dev.ludovic.netlib.lapack.F2jLAPACK
[w21-simd] benchmark=gale.bench.SimdL1SpikeJmh.simdAxpy n=4096 lanes=8 arch=amd64 jdk=25
[breeze-netlib] lane=B benchmark=gale.bench.SimdL1SpikeJmh.simdAxpy params=n=4096 blas=dev.ludovic.netlib.blas.VectorBLAS lapack=dev.ludovic.netlib.lapack.F2jLAPACK
[w21-simd] benchmark=gale.bench.SimdL1SpikeJmh.simdAxpy n=4096 lanes=8 arch=amd64 jdk=25
[breeze-netlib] lane=B benchmark=gale.bench.SimdL1SpikeJmh.simdAxpy params=n=4096 blas=dev.ludovic.netlib.blas.VectorBLAS lapack=dev.ludovic.netlib.lapack.F2jLAPACK
[w21-simd] benchmark=gale.bench.SimdL1SpikeJmh.simdAxpy n=4096 lanes=8 arch=amd64 jdk=25
[breeze-netlib] lane=B benchmark=gale.bench.SimdL1SpikeJmh.simdAxpy params=n=65536 blas=dev.ludovic.netlib.blas.VectorBLAS lapack=dev.ludovic.netlib.lapack.F2jLAPACK
[w21-simd] benchmark=gale.bench.SimdL1SpikeJmh.simdAxpy n=65536 lanes=8 arch=amd64 jdk=25
[breeze-netlib] lane=B benchmark=gale.bench.SimdL1SpikeJmh.simdAxpy params=n=65536 blas=dev.ludovic.netlib.blas.VectorBLAS lapack=dev.ludovic.netlib.lapack.F2jLAPACK
[w21-simd] benchmark=gale.bench.SimdL1SpikeJmh.simdAxpy n=65536 lanes=8 arch=amd64 jdk=25
[breeze-netlib] lane=B benchmark=gale.bench.SimdL1SpikeJmh.simdAxpy params=n=65536 blas=dev.ludovic.netlib.blas.VectorBLAS lapack=dev.ludovic.netlib.lapack.F2jLAPACK
[w21-simd] benchmark=gale.bench.SimdL1SpikeJmh.simdAxpy n=65536 lanes=8 arch=amd64 jdk=25
[breeze-netlib] lane=B benchmark=gale.bench.SimdL1SpikeJmh.simdAxpy params=n=1048576 blas=dev.ludovic.netlib.blas.VectorBLAS lapack=dev.ludovic.netlib.lapack.F2jLAPACK
[w21-simd] benchmark=gale.bench.SimdL1SpikeJmh.simdAxpy n=1048576 lanes=8 arch=amd64 jdk=25
[breeze-netlib] lane=B benchmark=gale.bench.SimdL1SpikeJmh.simdAxpy params=n=1048576 blas=dev.ludovic.netlib.blas.VectorBLAS lapack=dev.ludovic.netlib.lapack.F2jLAPACK
[w21-simd] benchmark=gale.bench.SimdL1SpikeJmh.simdAxpy n=1048576 lanes=8 arch=amd64 jdk=25
[breeze-netlib] lane=B benchmark=gale.bench.SimdL1SpikeJmh.simdAxpy params=n=1048576 blas=dev.ludovic.netlib.blas.VectorBLAS lapack=dev.ludovic.netlib.lapack.F2jLAPACK
[w21-simd] benchmark=gale.bench.SimdL1SpikeJmh.simdAxpy n=1048576 lanes=8 arch=amd64 jdk=25
[breeze-netlib] lane=B benchmark=gale.bench.SimdL1SpikeJmh.simdDot params=n=1024 blas=dev.ludovic.netlib.blas.VectorBLAS lapack=dev.ludovic.netlib.lapack.F2jLAPACK
[w21-simd] benchmark=gale.bench.SimdL1SpikeJmh.simdDot n=1024 lanes=8 arch=amd64 jdk=25
[breeze-netlib] lane=B benchmark=gale.bench.SimdL1SpikeJmh.simdDot params=n=1024 blas=dev.ludovic.netlib.blas.VectorBLAS lapack=dev.ludovic.netlib.lapack.F2jLAPACK
[w21-simd] benchmark=gale.bench.SimdL1SpikeJmh.simdDot n=1024 lanes=8 arch=amd64 jdk=25
[breeze-netlib] lane=B benchmark=gale.bench.SimdL1SpikeJmh.simdDot params=n=1024 blas=dev.ludovic.netlib.blas.VectorBLAS lapack=dev.ludovic.netlib.lapack.F2jLAPACK
[w21-simd] benchmark=gale.bench.SimdL1SpikeJmh.simdDot n=1024 lanes=8 arch=amd64 jdk=25
[breeze-netlib] lane=B benchmark=gale.bench.SimdL1SpikeJmh.simdDot params=n=4096 blas=dev.ludovic.netlib.blas.VectorBLAS lapack=dev.ludovic.netlib.lapack.F2jLAPACK
[w21-simd] benchmark=gale.bench.SimdL1SpikeJmh.simdDot n=4096 lanes=8 arch=amd64 jdk=25
[breeze-netlib] lane=B benchmark=gale.bench.SimdL1SpikeJmh.simdDot params=n=4096 blas=dev.ludovic.netlib.blas.VectorBLAS lapack=dev.ludovic.netlib.lapack.F2jLAPACK
[w21-simd] benchmark=gale.bench.SimdL1SpikeJmh.simdDot n=4096 lanes=8 arch=amd64 jdk=25
[breeze-netlib] lane=B benchmark=gale.bench.SimdL1SpikeJmh.simdDot params=n=4096 blas=dev.ludovic.netlib.blas.VectorBLAS lapack=dev.ludovic.netlib.lapack.F2jLAPACK
[w21-simd] benchmark=gale.bench.SimdL1SpikeJmh.simdDot n=4096 lanes=8 arch=amd64 jdk=25
[breeze-netlib] lane=B benchmark=gale.bench.SimdL1SpikeJmh.simdDot params=n=65536 blas=dev.ludovic.netlib.blas.VectorBLAS lapack=dev.ludovic.netlib.lapack.F2jLAPACK
[w21-simd] benchmark=gale.bench.SimdL1SpikeJmh.simdDot n=65536 lanes=8 arch=amd64 jdk=25
[breeze-netlib] lane=B benchmark=gale.bench.SimdL1SpikeJmh.simdDot params=n=65536 blas=dev.ludovic.netlib.blas.VectorBLAS lapack=dev.ludovic.netlib.lapack.F2jLAPACK
[w21-simd] benchmark=gale.bench.SimdL1SpikeJmh.simdDot n=65536 lanes=8 arch=amd64 jdk=25
[breeze-netlib] lane=B benchmark=gale.bench.SimdL1SpikeJmh.simdDot params=n=65536 blas=dev.ludovic.netlib.blas.VectorBLAS lapack=dev.ludovic.netlib.lapack.F2jLAPACK
[w21-simd] benchmark=gale.bench.SimdL1SpikeJmh.simdDot n=65536 lanes=8 arch=amd64 jdk=25
[breeze-netlib] lane=B benchmark=gale.bench.SimdL1SpikeJmh.simdDot params=n=1048576 blas=dev.ludovic.netlib.blas.VectorBLAS lapack=dev.ludovic.netlib.lapack.F2jLAPACK
[w21-simd] benchmark=gale.bench.SimdL1SpikeJmh.simdDot n=1048576 lanes=8 arch=amd64 jdk=25
[breeze-netlib] lane=B benchmark=gale.bench.SimdL1SpikeJmh.simdDot params=n=1048576 blas=dev.ludovic.netlib.blas.VectorBLAS lapack=dev.ludovic.netlib.lapack.F2jLAPACK
[w21-simd] benchmark=gale.bench.SimdL1SpikeJmh.simdDot n=1048576 lanes=8 arch=amd64 jdk=25
[breeze-netlib] lane=B benchmark=gale.bench.SimdL1SpikeJmh.simdDot params=n=1048576 blas=dev.ludovic.netlib.blas.VectorBLAS lapack=dev.ludovic.netlib.lapack.F2jLAPACK
[w21-simd] benchmark=gale.bench.SimdL1SpikeJmh.simdDot n=1048576 lanes=8 arch=amd64 jdk=25
[breeze-netlib] lane=B benchmark=gale.bench.SimdL1SpikeJmh.simdExp params=n=1024 blas=dev.ludovic.netlib.blas.VectorBLAS lapack=dev.ludovic.netlib.lapack.F2jLAPACK
[w21-simd] benchmark=gale.bench.SimdL1SpikeJmh.simdExp n=1024 lanes=8 arch=amd64 jdk=25
[breeze-netlib] lane=B benchmark=gale.bench.SimdL1SpikeJmh.simdExp params=n=1024 blas=dev.ludovic.netlib.blas.VectorBLAS lapack=dev.ludovic.netlib.lapack.F2jLAPACK
[w21-simd] benchmark=gale.bench.SimdL1SpikeJmh.simdExp n=1024 lanes=8 arch=amd64 jdk=25
[breeze-netlib] lane=B benchmark=gale.bench.SimdL1SpikeJmh.simdExp params=n=1024 blas=dev.ludovic.netlib.blas.VectorBLAS lapack=dev.ludovic.netlib.lapack.F2jLAPACK
[w21-simd] benchmark=gale.bench.SimdL1SpikeJmh.simdExp n=1024 lanes=8 arch=amd64 jdk=25
[breeze-netlib] lane=B benchmark=gale.bench.SimdL1SpikeJmh.simdExp params=n=4096 blas=dev.ludovic.netlib.blas.VectorBLAS lapack=dev.ludovic.netlib.lapack.F2jLAPACK
[w21-simd] benchmark=gale.bench.SimdL1SpikeJmh.simdExp n=4096 lanes=8 arch=amd64 jdk=25
[breeze-netlib] lane=B benchmark=gale.bench.SimdL1SpikeJmh.simdExp params=n=4096 blas=dev.ludovic.netlib.blas.VectorBLAS lapack=dev.ludovic.netlib.lapack.F2jLAPACK
[w21-simd] benchmark=gale.bench.SimdL1SpikeJmh.simdExp n=4096 lanes=8 arch=amd64 jdk=25
[breeze-netlib] lane=B benchmark=gale.bench.SimdL1SpikeJmh.simdExp params=n=4096 blas=dev.ludovic.netlib.blas.VectorBLAS lapack=dev.ludovic.netlib.lapack.F2jLAPACK
[w21-simd] benchmark=gale.bench.SimdL1SpikeJmh.simdExp n=4096 lanes=8 arch=amd64 jdk=25
[breeze-netlib] lane=B benchmark=gale.bench.SimdL1SpikeJmh.simdExp params=n=65536 blas=dev.ludovic.netlib.blas.VectorBLAS lapack=dev.ludovic.netlib.lapack.F2jLAPACK
[w21-simd] benchmark=gale.bench.SimdL1SpikeJmh.simdExp n=65536 lanes=8 arch=amd64 jdk=25
[breeze-netlib] lane=B benchmark=gale.bench.SimdL1SpikeJmh.simdExp params=n=65536 blas=dev.ludovic.netlib.blas.VectorBLAS lapack=dev.ludovic.netlib.lapack.F2jLAPACK
[w21-simd] benchmark=gale.bench.SimdL1SpikeJmh.simdExp n=65536 lanes=8 arch=amd64 jdk=25
[breeze-netlib] lane=B benchmark=gale.bench.SimdL1SpikeJmh.simdExp params=n=65536 blas=dev.ludovic.netlib.blas.VectorBLAS lapack=dev.ludovic.netlib.lapack.F2jLAPACK
[w21-simd] benchmark=gale.bench.SimdL1SpikeJmh.simdExp n=65536 lanes=8 arch=amd64 jdk=25
[breeze-netlib] lane=B benchmark=gale.bench.SimdL1SpikeJmh.simdExp params=n=1048576 blas=dev.ludovic.netlib.blas.VectorBLAS lapack=dev.ludovic.netlib.lapack.F2jLAPACK
[w21-simd] benchmark=gale.bench.SimdL1SpikeJmh.simdExp n=1048576 lanes=8 arch=amd64 jdk=25
[breeze-netlib] lane=B benchmark=gale.bench.SimdL1SpikeJmh.simdExp params=n=1048576 blas=dev.ludovic.netlib.blas.VectorBLAS lapack=dev.ludovic.netlib.lapack.F2jLAPACK
[w21-simd] benchmark=gale.bench.SimdL1SpikeJmh.simdExp n=1048576 lanes=8 arch=amd64 jdk=25
[breeze-netlib] lane=B benchmark=gale.bench.SimdL1SpikeJmh.simdExp params=n=1048576 blas=dev.ludovic.netlib.blas.VectorBLAS lapack=dev.ludovic.netlib.lapack.F2jLAPACK
[w21-simd] benchmark=gale.bench.SimdL1SpikeJmh.simdExp n=1048576 lanes=8 arch=amd64 jdk=25
[breeze-netlib] lane=B benchmark=gale.bench.SimdL1SpikeJmh.simdNrm2 params=n=1024 blas=dev.ludovic.netlib.blas.VectorBLAS lapack=dev.ludovic.netlib.lapack.F2jLAPACK
[w21-simd] benchmark=gale.bench.SimdL1SpikeJmh.simdNrm2 n=1024 lanes=8 arch=amd64 jdk=25
[breeze-netlib] lane=B benchmark=gale.bench.SimdL1SpikeJmh.simdNrm2 params=n=1024 blas=dev.ludovic.netlib.blas.VectorBLAS lapack=dev.ludovic.netlib.lapack.F2jLAPACK
[w21-simd] benchmark=gale.bench.SimdL1SpikeJmh.simdNrm2 n=1024 lanes=8 arch=amd64 jdk=25
[breeze-netlib] lane=B benchmark=gale.bench.SimdL1SpikeJmh.simdNrm2 params=n=1024 blas=dev.ludovic.netlib.blas.VectorBLAS lapack=dev.ludovic.netlib.lapack.F2jLAPACK
[w21-simd] benchmark=gale.bench.SimdL1SpikeJmh.simdNrm2 n=1024 lanes=8 arch=amd64 jdk=25
[breeze-netlib] lane=B benchmark=gale.bench.SimdL1SpikeJmh.simdNrm2 params=n=4096 blas=dev.ludovic.netlib.blas.VectorBLAS lapack=dev.ludovic.netlib.lapack.F2jLAPACK
[w21-simd] benchmark=gale.bench.SimdL1SpikeJmh.simdNrm2 n=4096 lanes=8 arch=amd64 jdk=25
[breeze-netlib] lane=B benchmark=gale.bench.SimdL1SpikeJmh.simdNrm2 params=n=4096 blas=dev.ludovic.netlib.blas.VectorBLAS lapack=dev.ludovic.netlib.lapack.F2jLAPACK
[w21-simd] benchmark=gale.bench.SimdL1SpikeJmh.simdNrm2 n=4096 lanes=8 arch=amd64 jdk=25
[breeze-netlib] lane=B benchmark=gale.bench.SimdL1SpikeJmh.simdNrm2 params=n=4096 blas=dev.ludovic.netlib.blas.VectorBLAS lapack=dev.ludovic.netlib.lapack.F2jLAPACK
[w21-simd] benchmark=gale.bench.SimdL1SpikeJmh.simdNrm2 n=4096 lanes=8 arch=amd64 jdk=25
[breeze-netlib] lane=B benchmark=gale.bench.SimdL1SpikeJmh.simdNrm2 params=n=65536 blas=dev.ludovic.netlib.blas.VectorBLAS lapack=dev.ludovic.netlib.lapack.F2jLAPACK
[w21-simd] benchmark=gale.bench.SimdL1SpikeJmh.simdNrm2 n=65536 lanes=8 arch=amd64 jdk=25
[breeze-netlib] lane=B benchmark=gale.bench.SimdL1SpikeJmh.simdNrm2 params=n=65536 blas=dev.ludovic.netlib.blas.VectorBLAS lapack=dev.ludovic.netlib.lapack.F2jLAPACK
[w21-simd] benchmark=gale.bench.SimdL1SpikeJmh.simdNrm2 n=65536 lanes=8 arch=amd64 jdk=25
[breeze-netlib] lane=B benchmark=gale.bench.SimdL1SpikeJmh.simdNrm2 params=n=65536 blas=dev.ludovic.netlib.blas.VectorBLAS lapack=dev.ludovic.netlib.lapack.F2jLAPACK
[w21-simd] benchmark=gale.bench.SimdL1SpikeJmh.simdNrm2 n=65536 lanes=8 arch=amd64 jdk=25
[breeze-netlib] lane=B benchmark=gale.bench.SimdL1SpikeJmh.simdNrm2 params=n=1048576 blas=dev.ludovic.netlib.blas.VectorBLAS lapack=dev.ludovic.netlib.lapack.F2jLAPACK
[w21-simd] benchmark=gale.bench.SimdL1SpikeJmh.simdNrm2 n=1048576 lanes=8 arch=amd64 jdk=25
[breeze-netlib] lane=B benchmark=gale.bench.SimdL1SpikeJmh.simdNrm2 params=n=1048576 blas=dev.ludovic.netlib.blas.VectorBLAS lapack=dev.ludovic.netlib.lapack.F2jLAPACK
[w21-simd] benchmark=gale.bench.SimdL1SpikeJmh.simdNrm2 n=1048576 lanes=8 arch=amd64 jdk=25
[breeze-netlib] lane=B benchmark=gale.bench.SimdL1SpikeJmh.simdNrm2 params=n=1048576 blas=dev.ludovic.netlib.blas.VectorBLAS lapack=dev.ludovic.netlib.lapack.F2jLAPACK
[w21-simd] benchmark=gale.bench.SimdL1SpikeJmh.simdNrm2 n=1048576 lanes=8 arch=amd64 jdk=25
[breeze-netlib] lane=B benchmark=gale.bench.SimdL1SpikeJmh.simdSum params=n=1024 blas=dev.ludovic.netlib.blas.VectorBLAS lapack=dev.ludovic.netlib.lapack.F2jLAPACK
[w21-simd] benchmark=gale.bench.SimdL1SpikeJmh.simdSum n=1024 lanes=8 arch=amd64 jdk=25
[breeze-netlib] lane=B benchmark=gale.bench.SimdL1SpikeJmh.simdSum params=n=1024 blas=dev.ludovic.netlib.blas.VectorBLAS lapack=dev.ludovic.netlib.lapack.F2jLAPACK
[w21-simd] benchmark=gale.bench.SimdL1SpikeJmh.simdSum n=1024 lanes=8 arch=amd64 jdk=25
[breeze-netlib] lane=B benchmark=gale.bench.SimdL1SpikeJmh.simdSum params=n=1024 blas=dev.ludovic.netlib.blas.VectorBLAS lapack=dev.ludovic.netlib.lapack.F2jLAPACK
[w21-simd] benchmark=gale.bench.SimdL1SpikeJmh.simdSum n=1024 lanes=8 arch=amd64 jdk=25
[breeze-netlib] lane=B benchmark=gale.bench.SimdL1SpikeJmh.simdSum params=n=4096 blas=dev.ludovic.netlib.blas.VectorBLAS lapack=dev.ludovic.netlib.lapack.F2jLAPACK
[w21-simd] benchmark=gale.bench.SimdL1SpikeJmh.simdSum n=4096 lanes=8 arch=amd64 jdk=25
[breeze-netlib] lane=B benchmark=gale.bench.SimdL1SpikeJmh.simdSum params=n=4096 blas=dev.ludovic.netlib.blas.VectorBLAS lapack=dev.ludovic.netlib.lapack.F2jLAPACK
[w21-simd] benchmark=gale.bench.SimdL1SpikeJmh.simdSum n=4096 lanes=8 arch=amd64 jdk=25
[breeze-netlib] lane=B benchmark=gale.bench.SimdL1SpikeJmh.simdSum params=n=4096 blas=dev.ludovic.netlib.blas.VectorBLAS lapack=dev.ludovic.netlib.lapack.F2jLAPACK
[w21-simd] benchmark=gale.bench.SimdL1SpikeJmh.simdSum n=4096 lanes=8 arch=amd64 jdk=25
[breeze-netlib] lane=B benchmark=gale.bench.SimdL1SpikeJmh.simdSum params=n=65536 blas=dev.ludovic.netlib.blas.VectorBLAS lapack=dev.ludovic.netlib.lapack.F2jLAPACK
[w21-simd] benchmark=gale.bench.SimdL1SpikeJmh.simdSum n=65536 lanes=8 arch=amd64 jdk=25
[breeze-netlib] lane=B benchmark=gale.bench.SimdL1SpikeJmh.simdSum params=n=65536 blas=dev.ludovic.netlib.blas.VectorBLAS lapack=dev.ludovic.netlib.lapack.F2jLAPACK
[w21-simd] benchmark=gale.bench.SimdL1SpikeJmh.simdSum n=65536 lanes=8 arch=amd64 jdk=25
[breeze-netlib] lane=B benchmark=gale.bench.SimdL1SpikeJmh.simdSum params=n=65536 blas=dev.ludovic.netlib.blas.VectorBLAS lapack=dev.ludovic.netlib.lapack.F2jLAPACK
[w21-simd] benchmark=gale.bench.SimdL1SpikeJmh.simdSum n=65536 lanes=8 arch=amd64 jdk=25
[breeze-netlib] lane=B benchmark=gale.bench.SimdL1SpikeJmh.simdSum params=n=1048576 blas=dev.ludovic.netlib.blas.VectorBLAS lapack=dev.ludovic.netlib.lapack.F2jLAPACK
[w21-simd] benchmark=gale.bench.SimdL1SpikeJmh.simdSum n=1048576 lanes=8 arch=amd64 jdk=25
[breeze-netlib] lane=B benchmark=gale.bench.SimdL1SpikeJmh.simdSum params=n=1048576 blas=dev.ludovic.netlib.blas.VectorBLAS lapack=dev.ludovic.netlib.lapack.F2jLAPACK
[w21-simd] benchmark=gale.bench.SimdL1SpikeJmh.simdSum n=1048576 lanes=8 arch=amd64 jdk=25
[breeze-netlib] lane=B benchmark=gale.bench.SimdL1SpikeJmh.simdSum params=n=1048576 blas=dev.ludovic.netlib.blas.VectorBLAS lapack=dev.ludovic.netlib.lapack.F2jLAPACK
[w21-simd] benchmark=gale.bench.SimdL1SpikeJmh.simdSum n=1048576 lanes=8 arch=amd64 jdk=25
