WARNING: Using incubator modules: jdk.incubator.vector
WARNING: Using incubator modules: jdk.incubator.vector
[info] welcome to sbt 1.11.7 (Homebrew Java 25.0.1)
[info] loading settings for project gale-build from plugins.sbt...
[info] loading project definition from /Users/bbuchsbaum/code/scala/gale/project
[info] loading settings for project root from build.sbt...
[info] loading settings for project ravel-build from plugins.sbt...
[info] loading project definition from /Users/bbuchsbaum/.sbt/1.0/staging/6c77ef03ad5f6b5be136/ravel/project
[info] loading settings for project root from build.sbt...
[info] resolving key references (31736 settings) ...
[info] set current project to gale (in build file:/Users/bbuchsbaum/code/scala/gale/)
[info] Defining coreJVM / Test / unmanagedSourceDirectories
[info] The new value will be used by coreJVM / Test / bspBuildTargetSourcesItem, coreJVM / Test / scalafmt and 3 others.
[info] 	Run `last` for details.
[info] Reapplying settings...
[info] set current project to gale (in build file:/Users/bbuchsbaum/code/scala/gale/)
[info] Defining coreJS / Test / unmanagedSourceDirectories
[info] The new value will be used by coreJS / Test / bspBuildTargetSourcesItem, coreJS / Test / scalafmt and 3 others.
[info] 	Run `last` for details.
[info] Reapplying settings...
[info] set current project to gale (in build file:/Users/bbuchsbaum/code/scala/gale/)
[info] compiling 1 Scala source to /Users/bbuchsbaum/code/scala/gale/core/jvm/target/scala-3.7.4/test-classes ...
[info] done compiling
Test run gale.optim.OptimReviewProbeSuite started
gale.optim.OptimReviewProbeSuite: finished 0.064s
Test run gale.optim.OptimReviewProbeSuite finished: 0 failed, 0 ignored, 6 total 0.079s
[info] Passed: Total 6, Failed 0, Errors 0, Passed 6
[success] Total time: 3 s, completed Oct 7, 2026, 12:16:18 p.m.
[info] compiling 1 Scala source to /Users/bbuchsbaum/code/scala/gale/core/js/target/scala-3.7.4/test-classes ...
[info] done compiling
[info] Fast optimizing /Users/bbuchsbaum/code/scala/gale/core/js/target/scala-3.7.4/gale-core-test-fastopt
Test run gale.optim.OptimReviewProbeSuite started
gale.optim.OptimReviewProbeSuite: finished 0.009s
Test run gale.optim.OptimReviewProbeSuite finished: 0 failed, 0 ignored, 6 total 0.009s
[info] Passed: Total 6, Failed 0, Errors 0, Passed 6
[success] Total time: 7 s, completed Oct 7, 2026, 12:16:25 p.m.
