[info] welcome to sbt 1.11.7 (Oracle Corporation Java 22)
[info] loading settings for project consumer-build from plugins.sbt...
[info] loading project definition from /private/tmp/gale-release-audit-20260922/consumer/project
[info] loading settings for project consumer from build.sbt...
[info] set current project to consumer (in build file:/private/tmp/gale-release-audit-20260922/consumer/)
[info] * Attributed(/private/tmp/gale-release-audit-20260922/consumer/jvm/target/scala-3.7.4/classes)
[info] * Attributed(/Users/bbuchsbaum/Library/Caches/Coursier/v1/https/repo1.maven.org/maven2/org/scala-lang/scala3-library_3/3.7.4/scala3-library_3-3.7.4.jar)
[info] * Attributed(/private/tmp/gale-pr8-review-20260922/target/sona-staging/io/github/canardlapin/gale-laws_3/0.1.0-M1/gale-laws_3-0.1.0-M1.jar)
[info] * Attributed(/Users/bbuchsbaum/Library/Caches/Coursier/v1/https/repo1.maven.org/maven2/org/scala-lang/scala-library/2.13.16/scala-library-2.13.16.jar)
[info] * Attributed(/private/tmp/gale-pr8-review-20260922/target/sona-staging/io/github/canardlapin/gale-core_3/0.1.0-M1/gale-core_3-0.1.0-M1.jar)
[info] * Attributed(/Users/bbuchsbaum/Library/Caches/Coursier/v1/https/repo1.maven.org/maven2/org/scalameta/munit_3/1.3.0/munit_3-1.3.0.jar)
[info] * Attributed(/Users/bbuchsbaum/Library/Caches/Coursier/v1/https/repo1.maven.org/maven2/org/scalameta/munit-scalacheck_3/1.3.0/munit-scalacheck_3-1.3.0.jar)
[info] * Attributed(/Users/bbuchsbaum/Library/Caches/Coursier/v1/https/repo1.maven.org/maven2/org/scalameta/junit-interface/1.3.0/junit-interface-1.3.0.jar)
[info] * Attributed(/Users/bbuchsbaum/Library/Caches/Coursier/v1/https/repo1.maven.org/maven2/org/scalameta/munit-diff_3/1.3.0/munit-diff_3-1.3.0.jar)
[info] * Attributed(/Users/bbuchsbaum/Library/Caches/Coursier/v1/https/repo1.maven.org/maven2/junit/junit/4.13.2/junit-4.13.2.jar)
[info] * Attributed(/Users/bbuchsbaum/Library/Caches/Coursier/v1/https/repo1.maven.org/maven2/org/scalacheck/scalacheck_3/1.19.0/scalacheck_3-1.19.0.jar)
[info] * Attributed(/Users/bbuchsbaum/Library/Caches/Coursier/v1/https/repo1.maven.org/maven2/org/scala-sbt/test-interface/1.0/test-interface-1.0.jar)
[info] * Attributed(/Users/bbuchsbaum/Library/Caches/Coursier/v1/https/repo1.maven.org/maven2/org/hamcrest/hamcrest-core/1.3/hamcrest-core-1.3.jar)
[success] Total time: 0 s, completed Sep 22, 2026, 8:53:34 a.m.
[info] * Attributed(/private/tmp/gale-release-audit-20260922/consumer/js/target/scala-3.7.4/classes)
[info] * Attributed(/Users/bbuchsbaum/Library/Caches/Coursier/v1/https/repo1.maven.org/maven2/org/scala-lang/scala3-library_sjs1_3/3.7.4/scala3-library_sjs1_3-3.7.4.jar)
[info] * Attributed(/Users/bbuchsbaum/Library/Caches/Coursier/v1/https/repo1.maven.org/maven2/org/scala-js/scalajs-library_2.13/1.22.0/scalajs-library_2.13-1.22.0.jar)
[info] * Attributed(/Users/bbuchsbaum/Library/Caches/Coursier/v1/https/repo1.maven.org/maven2/org/scala-js/scalajs-test-bridge_2.13/1.22.0/scalajs-test-bridge_2.13-1.22.0.jar)
[info] * Attributed(/private/tmp/gale-pr8-review-20260922/target/sona-staging/io/github/canardlapin/gale-laws_sjs1_3/0.1.0-M1/gale-laws_sjs1_3-0.1.0-M1.jar)
[info] * Attributed(/Users/bbuchsbaum/Library/Caches/Coursier/v1/https/repo1.maven.org/maven2/org/scala-lang/scala-library/2.13.18/scala-library-2.13.18.jar)
[info] * Attributed(/Users/bbuchsbaum/Library/Caches/Coursier/v1/https/repo1.maven.org/maven2/org/scala-js/scalajs-javalib/1.22.0/scalajs-javalib-1.22.0.jar)
[info] * Attributed(/Users/bbuchsbaum/Library/Caches/Coursier/v1/https/repo1.maven.org/maven2/org/scala-js/scalajs-scalalib_2.13/2.13.18%2B1.22.0/scalajs-scalalib_2.13-2.13.18%2B1.22.0.jar)
[info] * Attributed(/Users/bbuchsbaum/Library/Caches/Coursier/v1/https/repo1.maven.org/maven2/org/scala-js/scalajs-test-interface_2.13/1.22.0/scalajs-test-interface_2.13-1.22.0.jar)
[info] * Attributed(/private/tmp/gale-pr8-review-20260922/target/sona-staging/io/github/canardlapin/gale-core_sjs1_3/0.1.0-M1/gale-core_sjs1_3-0.1.0-M1.jar)
[info] * Attributed(/Users/bbuchsbaum/Library/Caches/Coursier/v1/https/repo1.maven.org/maven2/org/scalameta/munit_sjs1_3/1.3.0/munit_sjs1_3-1.3.0.jar)
[info] * Attributed(/Users/bbuchsbaum/Library/Caches/Coursier/v1/https/repo1.maven.org/maven2/org/scalameta/munit-scalacheck_sjs1_3/1.3.0/munit-scalacheck_sjs1_3-1.3.0.jar)
[info] * Attributed(/Users/bbuchsbaum/Library/Caches/Coursier/v1/https/repo1.maven.org/maven2/org/scalameta/munit-diff_sjs1_3/1.3.0/munit-diff_sjs1_3-1.3.0.jar)
[info] * Attributed(/Users/bbuchsbaum/Library/Caches/Coursier/v1/https/repo1.maven.org/maven2/org/scala-js/scalajs-junit-test-runtime_2.13/1.21.0/scalajs-junit-test-runtime_2.13-1.21.0.jar)
[info] * Attributed(/Users/bbuchsbaum/Library/Caches/Coursier/v1/https/repo1.maven.org/maven2/org/scalacheck/scalacheck_sjs1_3/1.19.0/scalacheck_sjs1_3-1.19.0.jar)
[success] Total time: 0 s, completed Sep 22, 2026, 8:53:35 a.m.
[info] compiling 2 Scala sources to /private/tmp/gale-release-audit-20260922/consumer/jvm/target/scala-3.7.4/test-classes ...
[info] done compiling
Test run externalconsumer.PublishedSmokeSuite started
externalconsumer.PublishedSmokeSuite: finished 0.041s
Test run externalconsumer.PublishedPureBackendLaws started
externalconsumer.PublishedPureBackendLaws: finished 0.044s
Test run externalconsumer.PublishedSmokeSuite finished: 0 failed, 0 ignored, 2 total 0.052s
Test run externalconsumer.PublishedPureBackendLaws finished: 0 failed, 0 ignored, 8 total 0.052s
[info] Passed: Total 10, Failed 0, Errors 0, Passed 10
[success] Total time: 2 s, completed Sep 22, 2026, 8:53:37 a.m.
[info] compiling 2 Scala sources to /private/tmp/gale-release-audit-20260922/consumer/js/target/scala-3.7.4/test-classes ...
[info] done compiling
[info] Fast optimizing /private/tmp/gale-release-audit-20260922/consumer/js/target/scala-3.7.4/js-test-fastopt
Test run externalconsumer.PublishedSmokeSuite started
Test run externalconsumer.PublishedPureBackendLaws started
externalconsumer.PublishedSmokeSuite: finished 0.006s
Test run externalconsumer.PublishedSmokeSuite finished: 0 failed, 0 ignored, 2 total 0.006s
externalconsumer.PublishedPureBackendLaws: finished 0.021s
Test run externalconsumer.PublishedPureBackendLaws finished: 0 failed, 0 ignored, 8 total 0.021s
[info] Passed: Total 10, Failed 0, Errors 0, Passed 10
[success] Total time: 3 s, completed Sep 22, 2026, 8:53:40 a.m.
[info] Defining js / scalaJSStage
[info] The new value will be used by js / Compile / scalaJSLinkedFile, js / Compile / scalaJSLinkerResult and 2 others.
[info] 	Run `last` for details.
[info] Reapplying settings...
[info] set current project to consumer (in build file:/private/tmp/gale-release-audit-20260922/consumer/)
[info] Full optimizing /private/tmp/gale-release-audit-20260922/consumer/js/target/scala-3.7.4/js-test-opt
Test run externalconsumer.PublishedSmokeSuite started
Test run externalconsumer.PublishedPureBackendLaws started
externalconsumer.PublishedSmokeSuite: finished 0.004s
Test run externalconsumer.PublishedSmokeSuite finished: 0 failed, 0 ignored, 2 total 0.004s
externalconsumer.PublishedPureBackendLaws: finished 0.013s
Test run externalconsumer.PublishedPureBackendLaws finished: 0 failed, 0 ignored, 8 total 0.013s
[info] Passed: Total 10, Failed 0, Errors 0, Passed 10
[success] Total time: 3 s, completed Sep 22, 2026, 8:53:43 a.m.
