WARNING: Using incubator modules: jdk.incubator.vector
WARNING: Using incubator modules: jdk.incubator.vector
[info] welcome to sbt 1.11.7 (Eclipse Adoptium Java 21.0.12.1)
[info] loading settings for project gale-build from plugins.sbt...
[info] loading project definition from /Users/bbuchsbaum/code/scala/gale/project
[info] loading settings for project root from build.sbt...
[info] loading settings for project ravel-build from plugins.sbt...
[info] loading project definition from /Users/bbuchsbaum/.sbt/1.0/staging/6c77ef03ad5f6b5be136/ravel/project
[info] loading settings for project root from build.sbt...
[info] resolving key references (31739 settings) ...
[info] set current project to gale (in build file:/Users/bbuchsbaum/code/scala/gale/)
[info] scalafmt: Checking 1 Scala sources (/Users/bbuchsbaum/code/scala/gale/core/js)...
[info] scalafmt: Checking 1 Scala sources (/Users/bbuchsbaum/code/scala/gale/core/jvm)...
[success] Total time: 1 s, completed Oct 7, 2026, 2:54:12 p.m.
[info] scalafmt: Checking 2 Scala sources (/Users/bbuchsbaum/code/scala/gale)...
[success] Total time: 0 s, completed Oct 7, 2026, 2:54:12 p.m.
[info] Defining coreJS / scalaJSStage
[info] The new value will be used by coreJS / Compile / scalaJSLinkedFile, coreJS / Compile / scalaJSLinkerResult and 2 others.
[info] 	Run `last` for details.
[info] Reapplying settings...
[info] set current project to gale (in build file:/Users/bbuchsbaum/code/scala/gale/)
Test run gale.optim.FirstOrderOptimizationSuite started
gale.optim.FirstOrderOptimizationSuite: finished 0.018s
Test run gale.optim.FirstOrderOptimizationSuite finished: 0 failed, 0 ignored, 16 total 0.018s
[info] Passed: Total 16, Failed 0, Errors 0, Passed 16
[success] Total time: 1 s, completed Oct 7, 2026, 2:54:16 p.m.
