WARNING: Using incubator modules: jdk.incubator.vector
WARNING: Using incubator modules: jdk.incubator.vector
[info] welcome to sbt 1.11.7 (Eclipse Adoptium Java 21.0.12.1)
[info] loading settings for project gale-build from plugins.sbt...
[info] loading project definition from /Users/bbuchsbaum/code/scala/gale/project
[info] loading settings for project root from build.sbt...
[info] loading settings for project ravel-build from plugins.sbt...
[info] loading project definition from /Users/bbuchsbaum/.sbt/1.0/staging/6c77ef03ad5f6b5be136/ravel/project
[info] loading settings for project root from build.sbt...
[info] resolving key references (31739 settings) ...
[info] set current project to gale (in build file:/Users/bbuchsbaum/code/scala/gale/)
[info] scalafmt: Formatting 4 Scala sources (/Users/bbuchsbaum/code/scala/gale/benchmarks/js)...
[info] scalafmt: Formatting 18 Scala sources (/Users/bbuchsbaum/code/scala/gale/core/jvm)...
[info] scalafmt: Formatting 5 Scala sources (/Users/bbuchsbaum/code/scala/gale/benchmarks/jvm)...
[info] scalafmt: Formatting 18 Scala sources (/Users/bbuchsbaum/code/scala/gale/core/js)...
[info] scalafmt: Formatting 13 Scala sources (/Users/bbuchsbaum/code/scala/gale/core/js)...
[info] scalafmt: Formatting 13 Scala sources (/Users/bbuchsbaum/code/scala/gale/core/jvm)...
[info] scalafmt: Reformatted 1 Scala sources
[info] scalafmt: Reformatted 1 Scala sources
[success] Total time: 4 s, completed Oct 7, 2026, 6:03:00 p.m.
[success] Total time: 0 s, completed Oct 7, 2026, 6:03:00 p.m.
[info] compiling 6 Scala sources to /Users/bbuchsbaum/code/scala/gale/core/jvm/target/scala-3.7.4/classes ...
[info] done compiling
[info] compiling 2 Scala sources to /Users/bbuchsbaum/code/scala/gale/core/jvm/target/scala-3.7.4/classes ...
[info] done compiling
[success] Total time: 5 s, completed Oct 7, 2026, 6:03:05 p.m.
[info] compiling 78 Scala sources to /Users/bbuchsbaum/code/scala/gale/core/js/target/scala-3.7.4/classes ...
[info] done compiling
[success] Total time: 12 s, completed Oct 7, 2026, 6:03:17 p.m.
[success] Total time: 0 s, completed Oct 7, 2026, 6:03:17 p.m.
[info] compiling 8 Scala sources to /Users/bbuchsbaum/code/scala/gale/laws/js/target/scala-3.7.4/classes ...
[info] done compiling
[success] Total time: 1 s, completed Oct 7, 2026, 6:03:19 p.m.
[info] Wrote /Users/bbuchsbaum/code/scala/gale/core/jvm/target/scala-3.7.4/gale-core_3-0.1.0+134-d67e5be3-SNAPSHOT.pom
[info] Main Scala API documentation to /Users/bbuchsbaum/code/scala/gale/core/jvm/target/scala-3.7.4/api...
[info] Skipping unused scalacOptions: -Werror, -Xmax-inlines
[warn] Flag -classpath set repeatedly
[warn] -- Warning: core/shared/src/main/scala/gale/linalg/Matrix.scala:619:6 ----------
[warn] 619 |  def *(alpha: Double): DMat =
[warn]     |      ^
[warn]     |      Couldn't resolve a member for the given link query: DVec.*
[warn] -- Warning: core/shared/src/main/scala/gale/sized/Sized.scala:158:8 ------------
[warn] 158 |    def scale(alpha: Double): SMat[R, C] =
[warn]     |        ^
[warn]     |        Couldn't resolve a member for the given link query: *
[warn] three warnings found
[info] Main Scala API documentation successful.
[info] :: delivering :: io.github.canardlapin#gale-core_3;0.1.0+134-d67e5be3-SNAPSHOT :: 0.1.0+134-d67e5be3-SNAPSHOT :: integration :: Wed Oct 07 18:03:26 EDT 2026
[info] 	delivering ivy file to /Users/bbuchsbaum/code/scala/gale/core/jvm/target/scala-3.7.4/ivy-0.1.0+134-d67e5be3-SNAPSHOT.xml
[info] 	published gale-core_3 to /Users/bbuchsbaum/.ivy2/local/io.github.canardlapin/gale-core_3/0.1.0+134-d67e5be3-SNAPSHOT/poms/gale-core_3.pom
[info] 	published gale-core_3 to /Users/bbuchsbaum/.ivy2/local/io.github.canardlapin/gale-core_3/0.1.0+134-d67e5be3-SNAPSHOT/jars/gale-core_3.jar
[info] 	published gale-core_3 to /Users/bbuchsbaum/.ivy2/local/io.github.canardlapin/gale-core_3/0.1.0+134-d67e5be3-SNAPSHOT/srcs/gale-core_3-sources.jar
[info] 	published gale-core_3 to /Users/bbuchsbaum/.ivy2/local/io.github.canardlapin/gale-core_3/0.1.0+134-d67e5be3-SNAPSHOT/docs/gale-core_3-javadoc.jar
[info] 	published ivy to /Users/bbuchsbaum/.ivy2/local/io.github.canardlapin/gale-core_3/0.1.0+134-d67e5be3-SNAPSHOT/ivys/ivy.xml
[success] Total time: 7 s, completed Oct 7, 2026, 6:03:26 p.m.
[info] compiling 1 Scala source to /Users/bbuchsbaum/code/scala/gale/compat/scala-next-consumer/target/scala-3.8.4/classes ...
[info] done compiling
[success] Total time: 3 s, completed Oct 7, 2026, 6:03:29 p.m.
[info] compiling 6 Scala sources to /Users/bbuchsbaum/code/scala/gale/core/jvm/target/scala-3.7.4/test-classes ...
[info] done compiling
Test run gale.sparse.MatrixMarketLawSuite started
gale.sparse.MatrixMarketLawSuite: finished 0.095s
Test run gale.linalg.DenseLawSuite started
gale.linalg.DenseLawSuite: finished 0.103s
Test run gale.sparse.SparseCanonicalSuite started
gale.sparse.SparseCanonicalSuite: finished 0.111s
Test run gale.linalg.DenseLawSuite finished: 0 failed, 0 ignored, 2 total 0.135s
Test run gale.sparse.SparseCanonicalSuite finished: 0 failed, 0 ignored, 7 total 0.135s
Test run gale.sparse.MatrixMarketLawSuite finished: 0 failed, 0 ignored, 1 total 0.134s
Test run gale.linalg.DenseDestinationSuite started
gale.linalg.DenseDestinationSuite: finished 0.118s
Test run gale.linalg.DenseDestinationSuite finished: 0 failed, 0 ignored, 7 total 0.137s
Test run gale.sparse.CompressedPatternSuite started
gale.sparse.CompressedPatternSuite: finished 0.119s
Test run gale.sparse.CompressedPatternSuite finished: 0 failed, 0 ignored, 10 total 0.137s
Test run userland.SyntaxConformanceSuite started
userland.SyntaxConformanceSuite: finished 0.121s
Test run userland.SyntaxConformanceSuite finished: 0 failed, 0 ignored, 4 total 0.138s
Test run gale.solvers.SolverApiSuite started
gale.solvers.SolverApiSuite: finished 0.126s
Test run gale.solvers.SolverApiSuite finished: 0 failed, 0 ignored, 6 total 0.144s
Test run gale.linalg.MatrixPropertiesSuite started
gale.linalg.MatrixPropertiesSuite: finished 0.138s
Test run gale.linalg.MatrixPropertiesSuite finished: 0 failed, 0 ignored, 7 total 0.156s
Test run gale.linalg.KernelRegressionSuite started
gale.linalg.KernelRegressionSuite: finished 0.005s
Test run gale.linalg.KernelRegressionSuite finished: 0 failed, 0 ignored, 4 total 0.005s
Test run userland.SizedOpacitySuite started
userland.SizedOpacitySuite: finished 0.012s
Test run userland.SizedOpacitySuite finished: 0 failed, 0 ignored, 3 total 0.012s
Test run gale.linalg.TinyKernelSuite started
gale.linalg.TinyKernelSuite: finished 0.027s
Test run gale.linalg.TinyKernelSuite finished: 0 failed, 0 ignored, 3 total 0.027s
Test run gale.sparse.SparsePerfSuite started
gale.sparse.SparsePerfSuite: finished 0.023s
Test run gale.sparse.SparsePerfSuite finished: 0 failed, 0 ignored, 8 total 0.023s
Test run gale.linalg.CholeskySuite started
gale.linalg.CholeskySuite: finished 0.024s
Test run gale.linalg.CholeskySuite finished: 0 failed, 0 ignored, 8 total 0.024s
Test run gale.linalg.MutableVectorSuite started
gale.linalg.MutableVectorSuite: finished 0.013s
Test run gale.linalg.MutableVectorSuite finished: 0 failed, 0 ignored, 2 total 0.013s
Test run gale.spectral.GeneralizedSvdSuite started
gale.spectral.GeneralizedSvdSuite: finished 0.195s
Test run gale.spectral.GeneralizedSvdSuite finished: 0 failed, 0 ignored, 10 total 0.213s
Test run gale.spectral.UnsupportedSurfaceSuite started
gale.spectral.UnsupportedSurfaceSuite: finished 0.015s
Test run gale.spectral.UnsupportedSurfaceSuite finished: 0 failed, 0 ignored, 5 total 0.015s
Test run gale.spectral.SubspaceSuite started
gale.spectral.SubspaceSuite: finished 0.056s
Test run gale.spectral.SubspaceSuite finished: 0 failed, 0 ignored, 4 total 0.056s
Test run gale.sparse.direct.SparseDirectProviderSuite started
gale.sparse.direct.SparseDirectProviderSuite: finished 0.216s
Test run gale.sparse.direct.SparseDirectProviderSuite finished: 0 failed, 0 ignored, 7 total 0.235s
Test run gale.spectral.SpectralBackendSuite started
gale.spectral.SpectralBackendSuite: finished 0.056s
Test run gale.spectral.SpectralBackendSuite finished: 0 failed, 0 ignored, 7 total 0.056s
Test run gale.sparse.SparseWorkspaceSuite started
gale.sparse.SparseWorkspaceSuite: finished 0.006s
Test run gale.sparse.SparseWorkspaceSuite finished: 0 failed, 0 ignored, 3 total 0.006s
Test run gale.linalg.LUSuite started
gale.linalg.LUSuite: finished 0.005s
Test run gale.linalg.LUSuite finished: 0 failed, 0 ignored, 4 total 0.005s
Test run gale.spectral.EigSymmetricGeneralizedBackendSuite started
gale.spectral.EigSymmetricGeneralizedBackendSuite: finished 0.228s
Test run gale.spectral.EigSymmetricGeneralizedBackendSuite finished: 0 failed, 0 ignored, 9 total 0.246s
Test run gale.spectral.SpectralDiagnosticsSuite started
gale.spectral.SpectralDiagnosticsSuite: finished 0.027s
Test run gale.spectral.SpectralDiagnosticsSuite finished: 0 failed, 0 ignored, 6 total 0.027s
Test run gale.spectral.EigSymmetricDenseSuite started
gale.spectral.EigSymmetricDenseSuite: finished 0.039s
Test run gale.spectral.EigSymmetricDenseSuite finished: 0 failed, 0 ignored, 9 total 0.039s
Test run gale.spectral.ComplexAndGeneralizedSuite started
gale.spectral.ComplexAndGeneralizedSuite: finished 0.013s
Test run gale.spectral.ComplexAndGeneralizedSuite finished: 0 failed, 0 ignored, 4 total 0.014s
Test run gale.linalg.DenseCholeskyWorkspaceSuite started
gale.linalg.DenseCholeskyWorkspaceSuite: finished 0.036s
Test run gale.linalg.DenseCholeskyWorkspaceSuite finished: 0 failed, 0 ignored, 8 total 0.036s
Test run gale.linalg.IllConditionedSuite started
gale.linalg.IllConditionedSuite: finished 0.009s
Test run gale.linalg.IllConditionedSuite finished: 0 failed, 0 ignored, 5 total 0.009s
Test run gale.spectral.ValidatedSvdJvmSuite started
gale.spectral.ValidatedSvdJvmSuite: finished 0.01s
Test run gale.spectral.ValidatedSvdJvmSuite finished: 0 failed, 0 ignored, 2 total 0.01s
Test run gale.spectral.PartialSvdSuite started
gale.spectral.PartialSvdSuite: finished 0.094s
Test run gale.spectral.PartialSvdSuite finished: 0 failed, 0 ignored, 13 total 0.094s
Test run gale.optim.SmoothOptimizationSuite started
gale.optim.SmoothOptimizationSuite: finished 0.092s
Test run gale.optim.SmoothOptimizationSuite finished: 0 failed, 0 ignored, 9 total 0.092s
Test run gale.optim.DenseObjectivesSuite started
gale.optim.DenseObjectivesSuite: finished 0.075s
Test run gale.optim.DenseObjectivesSuite finished: 0 failed, 0 ignored, 4 total 0.075s
Test run gale.spectral.GeneralizedEigenTrustSuite started
gale.spectral.GeneralizedEigenTrustSuite: finished 0.253s
Test run gale.spectral.GeneralizedEigenTrustSuite finished: 0 failed, 0 ignored, 7 total 0.273s
Test run gale.linalg.FactorizationTypeSuite started
gale.linalg.FactorizationTypeSuite: finished 0.003s
Test run gale.linalg.FactorizationTypeSuite finished: 0 failed, 0 ignored, 3 total 0.003s
Test run gale.optim.OptimizationNumericsSuite started
gale.optim.OptimizationNumericsSuite: finished 0.001s
Test run gale.optim.OptimizationNumericsSuite finished: 0 failed, 0 ignored, 1 total 0.001s
Test run gale.linalg.MutableMatrixSuite started
gale.linalg.MutableMatrixSuite: finished 0.017s
Test run gale.linalg.MutableMatrixSuite finished: 0 failed, 0 ignored, 5 total 0.018s
Test run gale.spectral.GeneralizedEigenSuite started
gale.spectral.GeneralizedEigenSuite: finished 0.03s
Test run gale.spectral.GeneralizedEigenSuite finished: 0 failed, 0 ignored, 14 total 0.031s
Test run gale.backend.BackendContractSuite started
gale.backend.BackendContractSuite: finished 0.045s
Test run gale.backend.BackendContractSuite finished: 0 failed, 0 ignored, 15 total 0.045s
Test run gale.numeric.ExactSumAllocationSuite started
gale.numeric.ExactSumAllocationSuite: finished 0.023s
Test run gale.numeric.ExactSumAllocationSuite finished: 0 failed, 0 ignored, 1 total 0.023s
Test run gale.optim.LevenbergMarquardtSuite started
gale.optim.LevenbergMarquardtSuite: finished 0.048s
Test run gale.optim.LevenbergMarquardtSuite finished: 0 failed, 0 ignored, 13 total 0.048s
Test run gale.spectral.DenseSymmetricWorkspaceSuite started
gale.spectral.DenseSymmetricWorkspaceSuite: finished 0.009s
Test run gale.spectral.DenseSymmetricWorkspaceSuite finished: 0 failed, 0 ignored, 4 total 0.01s
Test run gale.linalg.OutwardIntervalSuite started
gale.linalg.OutwardIntervalSuite: finished 0.041s
Test run gale.linalg.OutwardIntervalSuite finished: 0 failed, 0 ignored, 8 total 0.041s
Test run gale.spectral.EigSymmetricBackendSeamSuite started
gale.spectral.EigSymmetricBackendSeamSuite: finished 0.016s
Test run gale.spectral.EigSymmetricBackendSeamSuite finished: 0 failed, 0 ignored, 13 total 0.016s
Test run gale.sparse.SparseErrorSuite started
gale.sparse.SparseErrorSuite: finished 0.001s
Test run gale.sparse.SparseErrorSuite finished: 0 failed, 0 ignored, 2 total 0.002s
Test run gale.sparse.direct.SparseDirectSeamSuite started
gale.sparse.direct.SparseDirectSeamSuite: finished 0.002s
Test run gale.sparse.direct.SparseDirectSeamSuite finished: 0 failed, 0 ignored, 2 total 0.002s
Test run gale.spectral.GeneralizedOperatorAdversarialSuite started
gale.spectral.GeneralizedOperatorAdversarialSuite: finished 0.051s
Test run gale.spectral.GeneralizedOperatorAdversarialSuite finished: 0 failed, 0 ignored, 8 total 0.051s
Test run gale.spectral.ValidatedSvdSuite started
gale.spectral.ValidatedSvdSuite: finished 0.106s
Test run gale.spectral.ValidatedSvdSuite finished: 0 failed, 0 ignored, 9 total 0.106s
Test run userland.PropertyWrapperInteropSuite started
userland.PropertyWrapperInteropSuite: finished 0.008s
Test run userland.PropertyWrapperInteropSuite finished: 0 failed, 0 ignored, 1 total 0.008s
Test run gale.spectral.EigNonsymmetricLeftVectorSuite started
gale.spectral.EigNonsymmetricLeftVectorSuite: finished 0.077s
Test run gale.spectral.EigNonsymmetricLeftVectorSuite finished: 0 failed, 0 ignored, 10 total 0.077s
Test run gale.sparse.SparseStorageSuite started
gale.sparse.SparseStorageSuite: finished 0.005s
Test run gale.sparse.SparseStorageSuite finished: 0 failed, 0 ignored, 2 total 0.005s
Test run gale.linalg.ShapeOverflowSuite started
gale.linalg.ShapeOverflowSuite: finished 0.001s
Test run gale.linalg.ShapeOverflowSuite finished: 0 failed, 0 ignored, 5 total 0.001s
Test run gale.linalg.DenseCoreSuite started
gale.linalg.DenseCoreSuite: finished 0.026s
Test run gale.linalg.DenseCoreSuite finished: 0 failed, 0 ignored, 6 total 0.026s
Test run userland.MutableViewOpacitySuite started
userland.MutableViewOpacitySuite: finished 0.006s
Test run gale.spectral.DenseSpectralKernelsNonsymmetricSuite started
gale.spectral.DenseSpectralKernelsNonsymmetricSuite: finished 0.058s
Test run gale.spectral.DenseSpectralKernelsNonsymmetricSuite finished: 0 failed, 0 ignored, 13 total 0.058s
Test run gale.linalg.GemmTuningSuite started
gale.linalg.GemmTuningSuite: finished 0.025s
Test run gale.linalg.GemmTuningSuite finished: 0 failed, 0 ignored, 5 total 0.025s
Test run gale.spectral.DenseSvdSuite started
gale.spectral.DenseSvdSuite: finished 0.123s
Test run gale.spectral.DenseSvdSuite finished: 0 failed, 0 ignored, 19 total 0.124s
Test run gale.sized.SizedSuite started
gale.sized.SizedSuite: finished 0.014s
Test run gale.sized.SizedSuite finished: 0 failed, 0 ignored, 10 total 0.014s
Test run userland.MutableViewOpacitySuite finished: 0 failed, 0 ignored, 2 total 0.006s
Test run gale.sparse.COOSuite started
gale.sparse.COOSuite: finished 0.004s
Test run gale.sparse.COOSuite finished: 0 failed, 0 ignored, 3 total 0.004s
Test run gale.spectral.NonsymmetricEigenPackingSuite started
gale.spectral.NonsymmetricEigenPackingSuite: finished 0.004s
Test run gale.spectral.NonsymmetricEigenPackingSuite finished: 0 failed, 0 ignored, 10 total 0.004s
Test run gale.linalg.FactorizationCapabilitySuite started
gale.linalg.FactorizationCapabilitySuite: finished 0.011s
Test run gale.linalg.FactorizationCapabilitySuite finished: 0 failed, 0 ignored, 7 total 0.011s
Test run gale.linalg.PinvKronSuite started
gale.linalg.PinvKronSuite: finished 0.023s
Test run gale.linalg.PinvKronSuite finished: 0 failed, 0 ignored, 12 total 0.023s
Test run gale.sparse.CanonicalizationSuite started
gale.sparse.CanonicalizationSuite: finished 0.001s
Test run gale.sparse.CanonicalizationSuite finished: 0 failed, 0 ignored, 4 total 0.001s
Test run gale.kernel.PlatformFmaSuite started
gale.kernel.PlatformFmaSuite: finished 0.001s
Test run gale.kernel.PlatformFmaSuite finished: 0 failed, 0 ignored, 3 total 0.001s
Test run gale.linalg.NumericalPolicySuite started
gale.linalg.NumericalPolicySuite: finished 0.007s
Test run gale.linalg.NumericalPolicySuite finished: 0 failed, 0 ignored, 5 total 0.007s
Test run gale.optim.AcceleratedProximalSuite started
gale.optim.AcceleratedProximalSuite: finished 0.409s
Test run gale.optim.AcceleratedProximalSuite finished: 0 failed, 0 ignored, 11 total 0.426s
Test run gale.spectral.EigSymmetricGeneralizedOperatorSuite started
gale.spectral.EigSymmetricGeneralizedOperatorSuite: finished 0.014s
Test run gale.spectral.EigSymmetricGeneralizedOperatorSuite finished: 0 failed, 0 ignored, 6 total 0.014s
Test run gale.sparse.BandedSuite started
gale.sparse.BandedSuite: finished 0.015s
Test run gale.sparse.BandedSuite finished: 0 failed, 0 ignored, 4 total 0.015s
Test run gale.sparse.SparseInteropSuite started
gale.sparse.SparseInteropSuite: finished 0.044s
Test run gale.sparse.SparseInteropSuite finished: 0 failed, 0 ignored, 7 total 0.044s
Test run gale.solvers.PreconditionedSolverSuite started
gale.solvers.PreconditionedSolverSuite: finished 0.064s
Test run gale.solvers.PreconditionedSolverSuite finished: 0 failed, 0 ignored, 5 total 0.064s
Test run gale.optim.LBFGSBSuite started
gale.optim.LBFGSBSuite: finished 0.061s
Test run gale.optim.LBFGSBSuite finished: 0 failed, 0 ignored, 11 total 0.061s
Test run gale.sparse.SparsePropertiesSuite started
gale.sparse.SparsePropertiesSuite: finished 0.006s
Test run gale.sparse.SparsePropertiesSuite finished: 0 failed, 0 ignored, 4 total 0.006s
Test run gale.linalg.TriangularSolveSuite started
gale.linalg.TriangularSolveSuite: finished 0.002s
Test run gale.linalg.TriangularSolveSuite finished: 0 failed, 0 ignored, 5 total 0.002s
Test run gale.spectral.RealIntervalSuite started
gale.spectral.RealIntervalSuite: finished 0.024s
Test run gale.spectral.RealIntervalSuite finished: 0 failed, 0 ignored, 8 total 0.024s
Test run gale.spectral.EigNonsymmetricArnoldiSuite started
gale.spectral.EigNonsymmetricArnoldiSuite: finished 0.222s
Test run gale.spectral.EigNonsymmetricArnoldiSuite finished: 0 failed, 0 ignored, 10 total 0.223s
Test run gale.spectral.GeneralizedLanczosSuite started
gale.spectral.GeneralizedLanczosSuite: finished 0.232s
Test run gale.spectral.GeneralizedLanczosSuite finished: 0 failed, 0 ignored, 11 total 0.232s
Test run gale.optim.OptimizationContractsSuite started
gale.optim.OptimizationContractsSuite: finished 0.1s
Test run gale.optim.OptimizationContractsSuite finished: 0 failed, 0 ignored, 7 total 0.101s
Test run gale.sparse.SparsePlanSuite started
gale.sparse.SparsePlanSuite: finished 0.068s
Test run gale.sparse.SparsePlanSuite finished: 0 failed, 0 ignored, 7 total 0.069s
Test run gale.linalg.RankConditionSuite started
gale.linalg.RankConditionSuite: finished 0.007s
Test run gale.linalg.RankConditionSuite finished: 0 failed, 0 ignored, 4 total 0.007s
Test run gale.spectral.EigSymmetricGeneralizedSuite started
gale.spectral.EigSymmetricGeneralizedSuite: finished 0.064s
Test run gale.spectral.EigSymmetricGeneralizedSuite finished: 0 failed, 0 ignored, 8 total 0.064s
Test run gale.backend.BackendSeamSuite started
gale.backend.BackendSeamSuite: finished 0.1s
Test run gale.backend.BackendSeamSuite finished: 0 failed, 0 ignored, 15 total 0.1s
Test run gale.linalg.GaleNumericalContractSuite started
gale.linalg.GaleNumericalContractSuite: finished 0.065s
Test run gale.linalg.GaleNumericalContractSuite finished: 0 failed, 0 ignored, 9 total 0.065s
Test run gale.sparse.CSCParitySuite started
gale.sparse.CSCParitySuite: finished 0.01s
Test run gale.sparse.CSCParitySuite finished: 0 failed, 0 ignored, 7 total 0.011s
Test run gale.linalg.PivotedQRScreenSuite started
gale.linalg.PivotedQRScreenSuite: finished 0.278s
Test run gale.linalg.PivotedQRScreenSuite finished: 0 failed, 0 ignored, 7 total 0.278s
Test run gale.linalg.BandedCholeskySuite started
gale.linalg.BandedCholeskySuite: finished 0.4s
Test run gale.linalg.BandedCholeskySuite finished: 0 failed, 0 ignored, 12 total 0.4s
Test run gale.optim.StandardTermsSuite started
gale.optim.StandardTermsSuite: finished 0.021s
Test run gale.optim.StandardTermsSuite finished: 0 failed, 0 ignored, 7 total 0.021s
Test run gale.linalg.WorkspaceSuite started
gale.linalg.WorkspaceSuite: finished 0.121s
Test run gale.linalg.WorkspaceSuite finished: 0 failed, 0 ignored, 9 total 0.122s
Test run gale.examples.WorkedExamplesSuite started
gale.examples.WorkedExamplesSuite: finished 0.018s
Test run gale.examples.WorkedExamplesSuite finished: 0 failed, 0 ignored, 5 total 0.018s
Test run gale.sparse.SparseOpsSuite started
gale.sparse.SparseOpsSuite: finished 0.001s
Test run gale.sparse.SparseOpsSuite finished: 0 failed, 0 ignored, 2 total 0.001s
Test run userland.InteropSuite started
userland.InteropSuite: finished 0.003s
Test run userland.InteropSuite finished: 0 failed, 0 ignored, 5 total 0.003s
Test run gale.sparse.SparseViewSuite started
gale.sparse.SparseViewSuite: finished 0.0s
Test run gale.sparse.SparseViewSuite finished: 0 failed, 0 ignored, 5 total 0.0s
Test run gale.solvers.CgWorkspaceSuite started
gale.solvers.CgWorkspaceSuite: finished 0.014s
Test run gale.solvers.CgWorkspaceSuite finished: 0 failed, 0 ignored, 7 total 0.014s
Test run gale.spectral.EigNonsymmetricDenseSuite started
gale.spectral.EigNonsymmetricDenseSuite: finished 0.018s
Test run gale.spectral.EigNonsymmetricDenseSuite finished: 0 failed, 0 ignored, 12 total 0.018s
Test run gale.solvers.LsqrSuite started
gale.solvers.LsqrSuite: finished 0.004s
Test run gale.solvers.LsqrSuite finished: 0 failed, 0 ignored, 3 total 0.005s
Test run gale.solvers.IterativeSolversSuite started
gale.solvers.IterativeSolversSuite: finished 0.003s
Test run gale.solvers.IterativeSolversSuite finished: 0 failed, 0 ignored, 4 total 0.003s
Test run gale.linalg.FiniteSymmetricSolveBoundsSuite started
gale.linalg.FiniteSymmetricSolveBoundsSuite: finished 0.084s
Test run gale.linalg.FiniteSymmetricSolveBoundsSuite finished: 0 failed, 0 ignored, 5 total 0.085s
Test run gale.spectral.MetricSolveSuite started
gale.spectral.MetricSolveSuite: finished 0.007s
Test run gale.spectral.MetricSolveSuite finished: 0 failed, 0 ignored, 7 total 0.007s
Test run gale.spectral.SpectralSelectionSuite started
gale.spectral.SpectralSelectionSuite: finished 0.004s
Test run gale.spectral.SpectralSelectionSuite finished: 0 failed, 0 ignored, 8 total 0.004s
Test run gale.spectral.DenseSpectralKernelsSymmetricSuite started
gale.spectral.DenseSpectralKernelsSymmetricSuite: finished 0.12s
Test run gale.spectral.DenseSpectralKernelsSymmetricSuite finished: 0 failed, 0 ignored, 15 total 0.12s
Test run gale.numeric.ExactSumResourcesSuite started
gale.numeric.ExactSumResourcesSuite: finished 0.014s
Test run gale.numeric.ExactSumResourcesSuite finished: 0 failed, 0 ignored, 3 total 0.014s
Test run gale.linalg.LinearOperatorSuite started
gale.linalg.LinearOperatorSuite: finished 0.025s
Test run gale.linalg.LinearOperatorSuite finished: 0 failed, 0 ignored, 11 total 0.025s
Test run gale.optim.BoxQuasiNewtonSuite started
gale.optim.BoxQuasiNewtonSuite: finished 0.021s
Test run gale.optim.BoxQuasiNewtonSuite finished: 0 failed, 0 ignored, 10 total 0.021s
Test run gale.solvers.SolverRegressionSuite started
gale.solvers.SolverRegressionSuite: finished 0.008s
Test run gale.solvers.SolverRegressionSuite finished: 0 failed, 0 ignored, 10 total 0.008s
Test run gale.sparse.MatrixMarketHeaderSuite started
gale.sparse.MatrixMarketHeaderSuite: finished 0.004s
Test run gale.sparse.MatrixMarketHeaderSuite finished: 0 failed, 0 ignored, 5 total 0.004s
Test run gale.spectral.TruncatedSvdSuite started
gale.spectral.TruncatedSvdSuite: finished 0.036s
Test run gale.spectral.TruncatedSvdSuite finished: 0 failed, 0 ignored, 7 total 0.036s
Test run gale.linalg.DenseTransformSuite started
gale.linalg.DenseTransformSuite: finished 0.011s
Test run gale.linalg.DenseTransformSuite finished: 0 failed, 0 ignored, 8 total 0.012s
Test run gale.spectral.GeneralizedBlockKernelsSuite started
gale.spectral.GeneralizedBlockKernelsSuite: finished 0.009s
Test run gale.spectral.GeneralizedBlockKernelsSuite finished: 0 failed, 0 ignored, 11 total 0.01s
Test run gale.spectral.LobpcgSuite started
gale.spectral.LobpcgSuite: finished 0.076s
Test run gale.spectral.LobpcgSuite finished: 0 failed, 0 ignored, 8 total 0.076s
Test run gale.linalg.RowReductionSuite started
gale.linalg.RowReductionSuite: finished 0.026s
Test run gale.linalg.RowReductionSuite finished: 0 failed, 0 ignored, 7 total 0.027s
Test run gale.optim.FirstOrderOptimizationSuite started
gale.optim.FirstOrderOptimizationSuite: finished 0.072s
Test run gale.optim.FirstOrderOptimizationSuite finished: 0 failed, 0 ignored, 16 total 0.072s
Test run gale.numeric.PairedSquaredResidualComparisonSuite started
gale.numeric.PairedSquaredResidualComparisonSuite: finished 0.209s
Test run gale.numeric.PairedSquaredResidualComparisonSuite finished: 0 failed, 0 ignored, 23 total 0.209s
Test run gale.spectral.EigSymmetricLanczosSuite started
gale.spectral.EigSymmetricLanczosSuite: finished 0.17s
Test run gale.spectral.EigSymmetricLanczosSuite finished: 0 failed, 0 ignored, 19 total 0.17s
Test run gale.numeric.ExactSumSuite started
gale.numeric.ExactSumSuite: finished 0.472s
Test run gale.numeric.ExactSumSuite finished: 0 failed, 0 ignored, 18 total 0.472s
Test run gale.linalg.QRSuite started
gale.linalg.QRSuite: finished 0.667s
Test run gale.linalg.QRSuite finished: 0 failed, 0 ignored, 33 total 0.667s
Test run gale.optim.ConstrainedRayleighSuite started
gale.optim.ConstrainedRayleighSuite: finished 0.768s
Test run gale.optim.ConstrainedRayleighSuite finished: 0 failed, 0 ignored, 7 total 0.768s
Test run gale.linalg.PerfDoctrineSuite started
gale.linalg.PerfDoctrineSuite: finished 0.816s
Test run gale.linalg.PerfDoctrineSuite finished: 0 failed, 0 ignored, 8 total 0.816s
Test run gale.sparse.direct.pure.PureSparseCholeskySuite started
gale.sparse.direct.pure.PureSparseCholeskySuite: finished 0.888s
Test run gale.sparse.direct.pure.PureSparseCholeskySuite finished: 0 failed, 0 ignored, 10 total 0.888s
Test run gale.linalg.BandedLogDetJetSuite started
gale.linalg.BandedLogDetJetSuite: finished 2.615s
Test run gale.linalg.BandedLogDetJetSuite finished: 0 failed, 0 ignored, 8 total 2.632s
Test run gale.linalg.DctBasisSuite started
gale.linalg.DctBasisSuite: finished 3.899s
Test run gale.linalg.DctBasisSuite finished: 0 failed, 0 ignored, 6 total 3.9s
[info] Passed: Total 883, Failed 0, Errors 0, Passed 883
[success] Total time: 6 s, completed Oct 7, 2026, 6:03:35 p.m.
[info] compiling 116 Scala sources to /Users/bbuchsbaum/code/scala/gale/core/js/target/scala-3.7.4/test-classes ...
[info] done compiling
[info] Fast optimizing /Users/bbuchsbaum/code/scala/gale/core/js/target/scala-3.7.4/gale-core-test-fastopt
Test run gale.linalg.PivotedQRScreenSuite started
Test run gale.linalg.FiniteSymmetricSolveBoundsSuite started
gale.linalg.FiniteSymmetricSolveBoundsSuite: finished 0.020s
Test run gale.linalg.FiniteSymmetricSolveBoundsSuite finished: 0 failed, 0 ignored, 5 total 0.020s
gale.linalg.PivotedQRScreenSuite: finished 0.047s
Test run gale.linalg.PivotedQRScreenSuite finished: 0 failed, 0 ignored, 7 total 0.047s
Test run gale.solvers.SolverApiSuite started
gale.solvers.SolverApiSuite: finished 0.006s
Test run gale.solvers.SolverApiSuite finished: 0 failed, 0 ignored, 6 total 0.006s
Test run gale.sparse.COOSuite started
gale.sparse.COOSuite: finished 0.005s
Test run gale.sparse.COOSuite finished: 0 failed, 0 ignored, 3 total 0.005s
Test run gale.numeric.ExactSumSuite started
Test run gale.spectral.UnsupportedSurfaceSuite started
Test run gale.solvers.LsqrSuite started
gale.spectral.UnsupportedSurfaceSuite: finished 0.011s
Test run gale.spectral.UnsupportedSurfaceSuite finished: 0 failed, 0 ignored, 5 total 0.011s
gale.solvers.LsqrSuite: finished 0.019s
Test run gale.solvers.LsqrSuite finished: 0 failed, 0 ignored, 3 total 0.019s
Test run gale.linalg.ShapeOverflowSuite started
gale.linalg.ShapeOverflowSuite: finished 0.003s
Test run gale.linalg.ShapeOverflowSuite finished: 0 failed, 0 ignored, 5 total 0.003s
Test run gale.linalg.DenseLawSuite started
gale.linalg.DenseLawSuite: finished 0.004s
Test run gale.linalg.DenseLawSuite finished: 0 failed, 0 ignored, 2 total 0.004s
Test run gale.solvers.PreconditionedSolverSuite started
Test run gale.spectral.EigSymmetricGeneralizedOperatorSuite started
Test run gale.optim.BoxQuasiNewtonSuite started
Test run gale.backend.BackendContractSuite started
gale.backend.BackendContractSuite: finished 0.006s
Test run gale.backend.BackendContractSuite finished: 0 failed, 0 ignored, 15 total 0.006s
gale.optim.BoxQuasiNewtonSuite: finished 0.015s
Test run gale.optim.BoxQuasiNewtonSuite finished: 0 failed, 0 ignored, 10 total 0.015s
Test run gale.sparse.CanonicalizationSuite started
gale.solvers.PreconditionedSolverSuite: finished 0.036s
Test run gale.solvers.PreconditionedSolverSuite finished: 0 failed, 0 ignored, 5 total 0.036s
gale.sparse.CanonicalizationSuite: finished 0.001s
Test run gale.sparse.CanonicalizationSuite finished: 0 failed, 0 ignored, 4 total 0.001s
Test run gale.spectral.SpectralSelectionSuite started
gale.spectral.EigSymmetricGeneralizedOperatorSuite: finished 0.041s
Test run gale.linalg.PerfDoctrineSuite started
Test run gale.spectral.EigSymmetricGeneralizedOperatorSuite finished: 0 failed, 0 ignored, 6 total 0.041s
Test run gale.spectral.RealIntervalSuite started
Test run gale.sparse.BandedSuite started
Test run userland.MutableViewOpacitySuite started
gale.spectral.SpectralSelectionSuite: finished 0.008s
Test run gale.spectral.SpectralSelectionSuite finished: 0 failed, 0 ignored, 8 total 0.008s
userland.MutableViewOpacitySuite: finished 0.003s
Test run userland.MutableViewOpacitySuite finished: 0 failed, 0 ignored, 2 total 0.003s
gale.sparse.BandedSuite: finished 0.006s
Test run gale.sparse.BandedSuite finished: 0 failed, 0 ignored, 4 total 0.006s
Test run gale.spectral.GeneralizedOperatorAdversarialSuite started
Test run gale.sparse.MatrixMarketLawSuite started
Test run gale.solvers.CgWorkspaceSuite started
Test run gale.solvers.SolverRegressionSuite started
gale.sparse.MatrixMarketLawSuite: finished 0.003s
Test run gale.sparse.MatrixMarketLawSuite finished: 0 failed, 0 ignored, 1 total 0.003s
gale.solvers.CgWorkspaceSuite: finished 0.005s
Test run gale.solvers.CgWorkspaceSuite finished: 0 failed, 0 ignored, 7 total 0.005s
gale.spectral.RealIntervalSuite: finished 0.020s
Test run gale.spectral.RealIntervalSuite finished: 0 failed, 0 ignored, 8 total 0.020s
gale.solvers.SolverRegressionSuite: finished 0.007s
Test run gale.solvers.SolverRegressionSuite finished: 0 failed, 0 ignored, 10 total 0.007s
Test run gale.linalg.TinyKernelSuite started
Test run gale.linalg.FactorizationTypeSuite started
Test run gale.linalg.QRSuite started
Test run gale.optim.StandardTermsSuite started
gale.linalg.FactorizationTypeSuite: finished 0.002s
Test run gale.backend.BackendSeamSuite started
Test run gale.linalg.RowReductionSuite started
Test run gale.linalg.FactorizationTypeSuite finished: 0 failed, 0 ignored, 3 total 0.002s
gale.linalg.TinyKernelSuite: finished 0.010s
Test run gale.linalg.TinyKernelSuite finished: 0 failed, 0 ignored, 3 total 0.010s
Test run gale.sparse.SparsePlanSuite started
gale.optim.StandardTermsSuite: finished 0.011s
Test run gale.optim.StandardTermsSuite finished: 0 failed, 0 ignored, 7 total 0.011s
Test run gale.sparse.MatrixMarketHeaderSuite started
Test run gale.linalg.FactorizationCapabilitySuite started
Test run gale.linalg.CholeskySuite started
gale.sparse.MatrixMarketHeaderSuite: finished 0.007s
Test run gale.sparse.MatrixMarketHeaderSuite finished: 0 failed, 0 ignored, 5 total 0.007s
gale.linalg.CholeskySuite: finished 0.007s
Test run gale.linalg.CholeskySuite finished: 0 failed, 0 ignored, 8 total 0.007s
gale.linalg.FactorizationCapabilitySuite: finished 0.010s
Test run gale.linalg.FactorizationCapabilitySuite finished: 0 failed, 0 ignored, 7 total 0.010s
Test run gale.linalg.MatrixPropertiesSuite started
Test run gale.spectral.GeneralizedEigenTrustSuite started
Test run gale.sparse.SparseCanonicalSuite started
gale.linalg.MatrixPropertiesSuite: finished 0.003s
Test run gale.linalg.MatrixPropertiesSuite finished: 0 failed, 0 ignored, 7 total 0.003s
Test run gale.spectral.EigSymmetricBackendSeamSuite started
Test run gale.examples.WorkedExamplesSuite started
gale.sparse.SparseCanonicalSuite: finished 0.010s
Test run gale.sparse.SparseCanonicalSuite finished: 0 failed, 0 ignored, 7 total 0.010s
gale.examples.WorkedExamplesSuite: finished 0.004s
Test run gale.examples.WorkedExamplesSuite finished: 0 failed, 0 ignored, 5 total 0.004s
Test run gale.numeric.ExactSumResourcesSuite started
gale.backend.BackendSeamSuite: finished 0.047s
Test run gale.backend.BackendSeamSuite finished: 0 failed, 0 ignored, 15 total 0.047s
gale.sparse.SparsePlanSuite: finished 0.040s
gale.spectral.EigSymmetricBackendSeamSuite: finished 0.018s
Test run gale.spectral.EigSymmetricBackendSeamSuite finished: 0 failed, 0 ignored, 13 total 0.018s
Test run gale.sparse.SparsePlanSuite finished: 0 failed, 0 ignored, 7 total 0.040s
Test run userland.InteropSuite started
Test run gale.linalg.IllConditionedSuite started
Test run gale.linalg.OutwardIntervalSuite started
Test run gale.linalg.KernelRegressionSuite started
gale.linalg.IllConditionedSuite: finished 0.002s
Test run gale.linalg.IllConditionedSuite finished: 0 failed, 0 ignored, 5 total 0.002s
gale.linalg.KernelRegressionSuite: finished 0.003s
Test run gale.linalg.KernelRegressionSuite finished: 0 failed, 0 ignored, 4 total 0.003s
gale.numeric.ExactSumResourcesSuite: finished 0.011s
Test run gale.numeric.ExactSumResourcesSuite finished: 0 failed, 0 ignored, 3 total 0.011s
Test run gale.linalg.LinearOperatorSuite started
Test run gale.optim.LBFGSBSuite started
Test run gale.spectral.GeneralizedEigenSuite started
userland.InteropSuite: finished 0.016s
Test run userland.InteropSuite finished: 0 failed, 0 ignored, 5 total 0.016s
gale.linalg.LinearOperatorSuite: finished 0.005s
Test run gale.linalg.LinearOperatorSuite finished: 0 failed, 0 ignored, 11 total 0.005s
Test run userland.PropertyWrapperInteropSuite started
userland.PropertyWrapperInteropSuite: finished 0.001s
Test run userland.PropertyWrapperInteropSuite finished: 0 failed, 0 ignored, 1 total 0.001s
Test run userland.SizedOpacitySuite started
gale.spectral.GeneralizedEigenSuite: finished 0.009s
Test run gale.spectral.GeneralizedEigenSuite finished: 0 failed, 0 ignored, 14 total 0.009s
Test run gale.spectral.EigNonsymmetricDenseSuite started
userland.SizedOpacitySuite: finished 0.003s
Test run userland.SizedOpacitySuite finished: 0 failed, 0 ignored, 3 total 0.003s
gale.optim.LBFGSBSuite: finished 0.016s
Test run gale.optim.LBFGSBSuite finished: 0 failed, 0 ignored, 11 total 0.016s
Test run gale.linalg.MutableVectorSuite started
gale.linalg.MutableVectorSuite: finished 0.002s
Test run gale.linalg.MutableVectorSuite finished: 0 failed, 0 ignored, 2 total 0.002s
Test run gale.sparse.CompressedPatternSuite started
Test run gale.optim.LevenbergMarquardtSuite started
Test run gale.spectral.EigNonsymmetricArnoldiSuite started
gale.sparse.CompressedPatternSuite: finished 0.004s
Test run gale.sparse.CompressedPatternSuite finished: 0 failed, 0 ignored, 10 total 0.004s
gale.linalg.RowReductionSuite: finished 0.086s
Test run gale.linalg.RowReductionSuite finished: 0 failed, 0 ignored, 7 total 0.086s
Test run gale.solvers.IterativeSolversSuite started
Test run gale.spectral.MetricSolveSuite started
Test run gale.spectral.ValidatedSvdSuite started
Test run gale.spectral.GeneralizedBlockKernelsSuite started
gale.solvers.IterativeSolversSuite: finished 0.004s
Test run gale.solvers.IterativeSolversSuite finished: 0 failed, 0 ignored, 4 total 0.004s
gale.spectral.GeneralizedEigenTrustSuite: finished 0.071s
Test run gale.spectral.GeneralizedEigenTrustSuite finished: 0 failed, 0 ignored, 7 total 0.071s
gale.spectral.GeneralizedBlockKernelsSuite: finished 0.010s
Test run gale.spectral.GeneralizedBlockKernelsSuite finished: 0 failed, 0 ignored, 11 total 0.010s
gale.spectral.ValidatedSvdSuite: finished 0.012s
Test run gale.spectral.ValidatedSvdSuite finished: 0 failed, 0 ignored, 9 total 0.012s
Test run gale.spectral.SubspaceSuite started
Test run gale.linalg.LUSuite started
Test run gale.spectral.SpectralBackendSuite started
Test run gale.linalg.GemmTuningSuite started
gale.linalg.LUSuite: finished 0.002s
Test run gale.linalg.LUSuite finished: 0 failed, 0 ignored, 4 total 0.002s
gale.spectral.MetricSolveSuite: finished 0.018s
Test run gale.optim.OptimizationNumericsSuite started
Test run gale.spectral.MetricSolveSuite finished: 0 failed, 0 ignored, 7 total 0.018s
gale.optim.OptimizationNumericsSuite: finished 0.002s
Test run gale.optim.OptimizationNumericsSuite finished: 0 failed, 0 ignored, 1 total 0.002s
Test run gale.spectral.DenseSymmetricWorkspaceSuite started
gale.spectral.SpectralBackendSuite: finished 0.010s
Test run gale.spectral.SpectralBackendSuite finished: 0 failed, 0 ignored, 7 total 0.010s
Test run gale.sized.SizedSuite started
gale.spectral.DenseSymmetricWorkspaceSuite: finished 0.005s
Test run gale.spectral.DenseSymmetricWorkspaceSuite finished: 0 failed, 0 ignored, 4 total 0.005s
gale.optim.LevenbergMarquardtSuite: finished 0.036s
Test run gale.spectral.EigSymmetricDenseSuite started
Test run gale.linalg.GaleNumericalContractSuite started
gale.sized.SizedSuite: finished 0.005s
Test run gale.sized.SizedSuite finished: 0 failed, 0 ignored, 10 total 0.005s
Test run gale.optim.LevenbergMarquardtSuite finished: 0 failed, 0 ignored, 13 total 0.036s
gale.spectral.SubspaceSuite: finished 0.019s
Test run gale.spectral.SubspaceSuite finished: 0 failed, 0 ignored, 4 total 0.019s
Test run gale.spectral.DenseSpectralKernelsSymmetricSuite started
Test run gale.sparse.SparseOpsSuite started
Test run gale.linalg.DenseCholeskyWorkspaceSuite started
gale.sparse.SparseOpsSuite: finished 0.002s
Test run gale.sparse.SparseOpsSuite finished: 0 failed, 0 ignored, 2 total 0.002s
gale.linalg.GemmTuningSuite: finished 0.027s
Test run gale.linalg.GemmTuningSuite finished: 0 failed, 0 ignored, 5 total 0.027s
gale.spectral.EigSymmetricDenseSuite: finished 0.015s
Test run gale.spectral.EigSymmetricDenseSuite finished: 0 failed, 0 ignored, 9 total 0.015s
gale.numeric.ExactSumSuite: finished 0.454s
Test run gale.numeric.ExactSumSuite finished: 0 failed, 0 ignored, 18 total 0.454s
Test run gale.linalg.RankConditionSuite started
Test run gale.sparse.SparseStorageSuite started
gale.linalg.RankConditionSuite: finished 0.003s
Test run gale.linalg.RankConditionSuite finished: 0 failed, 0 ignored, 4 total 0.003s
Test run gale.spectral.DenseSpectralKernelsNonsymmetricSuite started
Test run gale.sparse.SparsePerfSuite started
gale.sparse.SparseStorageSuite: finished 0.003s
gale.linalg.DenseCholeskyWorkspaceSuite: finished 0.012s
Test run gale.linalg.DenseCholeskyWorkspaceSuite finished: 0 failed, 0 ignored, 8 total 0.012s
gale.spectral.DenseSpectralKernelsSymmetricSuite: finished 0.015s
Test run gale.spectral.DenseSpectralKernelsSymmetricSuite finished: 0 failed, 0 ignored, 15 total 0.015s
Test run gale.sparse.SparseStorageSuite finished: 0 failed, 0 ignored, 2 total 0.003s
gale.linalg.GaleNumericalContractSuite: finished 0.023s
gale.sparse.SparsePerfSuite: finished 0.004s
Test run gale.sparse.SparsePerfSuite finished: 0 failed, 0 ignored, 8 total 0.004s
Test run gale.linalg.GaleNumericalContractSuite finished: 0 failed, 0 ignored, 9 total 0.023s
Test run gale.sparse.SparseViewSuite started
gale.sparse.SparseViewSuite: finished 0.001s
Test run gale.sparse.SparseViewSuite finished: 0 failed, 0 ignored, 5 total 0.001s
Test run gale.sparse.SparseWorkspaceSuite started
Test run gale.spectral.GeneralizedLanczosSuite started
gale.sparse.SparseWorkspaceSuite: finished 0.001s
Test run gale.spectral.EigSymmetricGeneralizedBackendSuite started
Test run gale.sparse.SparseWorkspaceSuite finished: 0 failed, 0 ignored, 3 total 0.001s
gale.spectral.GeneralizedOperatorAdversarialSuite: finished 0.175s
Test run gale.spectral.GeneralizedOperatorAdversarialSuite finished: 0 failed, 0 ignored, 8 total 0.175s
Test run gale.optim.DenseObjectivesSuite started
Test run gale.optim.FirstOrderOptimizationSuite started
Test run gale.optim.SmoothOptimizationSuite started
gale.optim.DenseObjectivesSuite: finished 0.003s
Test run gale.optim.DenseObjectivesSuite finished: 0 failed, 0 ignored, 4 total 0.003s
Test run gale.sparse.direct.SparseDirectSeamSuite started
Test run gale.linalg.DenseTransformSuite started
gale.linalg.OutwardIntervalSuite: finished 0.109s
Test run gale.linalg.OutwardIntervalSuite finished: 0 failed, 0 ignored, 8 total 0.109s
gale.sparse.direct.SparseDirectSeamSuite: finished 0.002s
Test run gale.sparse.direct.SparseDirectSeamSuite finished: 0 failed, 0 ignored, 2 total 0.002s
gale.linalg.DenseTransformSuite: finished 0.004s
Test run gale.linalg.DenseTransformSuite finished: 0 failed, 0 ignored, 8 total 0.004s
Test run userland.SyntaxConformanceSuite started
Test run gale.spectral.SpectralDiagnosticsSuite started
userland.SyntaxConformanceSuite: finished 0.003s
Test run userland.SyntaxConformanceSuite finished: 0 failed, 0 ignored, 4 total 0.003s
Test run gale.optim.AcceleratedProximalSuite started
Test run gale.linalg.PinvKronSuite started
Test run gale.spectral.NonsymmetricEigenPackingSuite started
gale.spectral.SpectralDiagnosticsSuite: finished 0.013s
Test run gale.spectral.SpectralDiagnosticsSuite finished: 0 failed, 0 ignored, 6 total 0.013s
gale.spectral.NonsymmetricEigenPackingSuite: finished 0.003s
Test run gale.spectral.NonsymmetricEigenPackingSuite finished: 0 failed, 0 ignored, 10 total 0.003s
gale.spectral.EigNonsymmetricArnoldiSuite: finished 0.098s
Test run gale.spectral.EigNonsymmetricArnoldiSuite finished: 0 failed, 0 ignored, 10 total 0.098s
Test run gale.spectral.DenseSvdSuite started
Test run gale.linalg.DctBasisSuite started
Test run gale.linalg.NumericalPolicySuite started
Test run gale.spectral.EigNonsymmetricLeftVectorSuite started
gale.linalg.PerfDoctrineSuite: finished 0.231s
Test run gale.linalg.PerfDoctrineSuite finished: 0 failed, 0 ignored, 8 total 0.231s
gale.linalg.PinvKronSuite: finished 0.014s
Test run gale.linalg.PinvKronSuite finished: 0 failed, 0 ignored, 12 total 0.014s
Test run gale.spectral.PartialSvdSuite started
gale.spectral.DenseSpectralKernelsNonsymmetricSuite: finished 0.059s
Test run gale.spectral.DenseSpectralKernelsNonsymmetricSuite finished: 0 failed, 0 ignored, 13 total 0.059s
Test run gale.linalg.DenseDestinationSuite started
gale.spectral.EigNonsymmetricDenseSuite: finished 0.130s
Test run gale.spectral.EigNonsymmetricDenseSuite finished: 0 failed, 0 ignored, 12 total 0.130s
gale.linalg.DenseDestinationSuite: finished 0.004s
Test run gale.linalg.DenseDestinationSuite finished: 0 failed, 0 ignored, 7 total 0.004s
Test run gale.optim.OptimizationContractsSuite started
Test run gale.linalg.BandedCholeskySuite started
Test run gale.linalg.BandedLogDetJetSuite started
gale.linalg.NumericalPolicySuite: finished 0.022s
Test run gale.linalg.NumericalPolicySuite finished: 0 failed, 0 ignored, 5 total 0.022s
Test run gale.linalg.MutableMatrixSuite started
gale.linalg.MutableMatrixSuite: finished 0.007s
Test run gale.linalg.MutableMatrixSuite finished: 0 failed, 0 ignored, 5 total 0.007s
gale.spectral.EigSymmetricGeneralizedBackendSuite: finished 0.072s
Test run gale.spectral.EigSymmetricGeneralizedBackendSuite finished: 0 failed, 0 ignored, 9 total 0.072s
gale.optim.FirstOrderOptimizationSuite: finished 0.072s
Test run gale.optim.FirstOrderOptimizationSuite finished: 0 failed, 0 ignored, 16 total 0.072s
Test run gale.sparse.SparsePropertiesSuite started
Test run gale.spectral.LobpcgSuite started
Test run gale.spectral.GeneralizedSvdSuite started
gale.sparse.SparsePropertiesSuite: finished 0.003s
Test run gale.sparse.SparsePropertiesSuite finished: 0 failed, 0 ignored, 4 total 0.003s
gale.optim.SmoothOptimizationSuite: finished 0.081s
Test run gale.optim.SmoothOptimizationSuite finished: 0 failed, 0 ignored, 9 total 0.081s
gale.optim.OptimizationContractsSuite: finished 0.031s
Test run gale.optim.OptimizationContractsSuite finished: 0 failed, 0 ignored, 7 total 0.031s
Test run gale.spectral.ComplexAndGeneralizedSuite started
gale.spectral.ComplexAndGeneralizedSuite: finished 0.001s
Test run gale.spectral.ComplexAndGeneralizedSuite finished: 0 failed, 0 ignored, 4 total 0.001s
Test run gale.linalg.DenseCoreSuite started
Test run gale.sparse.CSCParitySuite started
gale.linalg.DenseCoreSuite: finished 0.003s
Test run gale.linalg.DenseCoreSuite finished: 0 failed, 0 ignored, 6 total 0.003s
gale.sparse.CSCParitySuite: finished 0.003s
Test run gale.sparse.CSCParitySuite finished: 0 failed, 0 ignored, 7 total 0.003s
Test run gale.optim.ConstrainedRayleighSuite started
Test run gale.sparse.SparseInteropSuite started
gale.sparse.SparseInteropSuite: finished 0.004s
Test run gale.sparse.SparseInteropSuite finished: 0 failed, 0 ignored, 7 total 0.004s
gale.spectral.LobpcgSuite: finished 0.030s
Test run gale.spectral.LobpcgSuite finished: 0 failed, 0 ignored, 8 total 0.030s
Test run gale.spectral.TruncatedSvdSuite started
Test run gale.spectral.EigSymmetricLanczosSuite started
gale.spectral.EigNonsymmetricLeftVectorSuite: finished 0.074s
Test run gale.spectral.EigNonsymmetricLeftVectorSuite finished: 0 failed, 0 ignored, 10 total 0.074s
Test run gale.linalg.WorkspaceSuite started
gale.spectral.TruncatedSvdSuite: finished 0.013s
Test run gale.spectral.TruncatedSvdSuite finished: 0 failed, 0 ignored, 7 total 0.013s
Test run gale.sparse.direct.pure.PureSparseCholeskySuite started
gale.spectral.DenseSvdSuite: finished 0.097s
Test run gale.spectral.DenseSvdSuite finished: 0 failed, 0 ignored, 19 total 0.097s
Test run gale.spectral.EigSymmetricGeneralizedSuite started
gale.spectral.GeneralizedLanczosSuite: finished 0.153s
Test run gale.spectral.GeneralizedLanczosSuite finished: 0 failed, 0 ignored, 11 total 0.153s
gale.spectral.PartialSvdSuite: finished 0.105s
Test run gale.spectral.PartialSvdSuite finished: 0 failed, 0 ignored, 13 total 0.105s
Test run gale.linalg.TriangularSolveSuite started
gale.linalg.TriangularSolveSuite: finished 0.001s
Test run gale.linalg.TriangularSolveSuite finished: 0 failed, 0 ignored, 5 total 0.001s
gale.optim.AcceleratedProximalSuite: finished 0.137s
Test run gale.optim.AcceleratedProximalSuite finished: 0 failed, 0 ignored, 11 total 0.137s
gale.spectral.EigSymmetricGeneralizedSuite: finished 0.027s
Test run gale.spectral.EigSymmetricGeneralizedSuite finished: 0 failed, 0 ignored, 8 total 0.027s
gale.spectral.GeneralizedSvdSuite: finished 0.085s
Test run gale.spectral.GeneralizedSvdSuite finished: 0 failed, 0 ignored, 10 total 0.085s
Test run gale.sparse.SparseErrorSuite started
gale.sparse.SparseErrorSuite: finished 0.001s
Test run gale.sparse.SparseErrorSuite finished: 0 failed, 0 ignored, 2 total 0.001s
Test run gale.numeric.PairedSquaredResidualComparisonSuite started
gale.linalg.WorkspaceSuite: finished 0.092s
Test run gale.linalg.WorkspaceSuite finished: 0 failed, 0 ignored, 9 total 0.092s
gale.linalg.BandedCholeskySuite: finished 0.163s
Test run gale.linalg.BandedCholeskySuite finished: 0 failed, 0 ignored, 12 total 0.163s
gale.spectral.EigSymmetricLanczosSuite: finished 0.147s
Test run gale.spectral.EigSymmetricLanczosSuite finished: 0 failed, 0 ignored, 19 total 0.147s
gale.optim.ConstrainedRayleighSuite: finished 0.161s
Test run gale.optim.ConstrainedRayleighSuite finished: 0 failed, 0 ignored, 7 total 0.161s
gale.linalg.QRSuite: finished 0.412s
Test run gale.linalg.QRSuite finished: 0 failed, 0 ignored, 33 total 0.412s
gale.numeric.PairedSquaredResidualComparisonSuite: finished 0.074s
Test run gale.numeric.PairedSquaredResidualComparisonSuite finished: 0 failed, 0 ignored, 23 total 0.074s
gale.linalg.BandedLogDetJetSuite: finished 1.388s
Test run gale.linalg.BandedLogDetJetSuite finished: 0 failed, 0 ignored, 8 total 1.388s
gale.sparse.direct.pure.PureSparseCholeskySuite: finished 1.834s
Test run gale.sparse.direct.pure.PureSparseCholeskySuite finished: 0 failed, 0 ignored, 10 total 1.834s
gale.linalg.DctBasisSuite: finished 5.104s
Test run gale.linalg.DctBasisSuite finished: 0 failed, 0 ignored, 6 total 5.104s
[info] Passed: Total 870, Failed 0, Errors 0, Passed 870
[success] Total time: 21 s, completed Oct 7, 2026, 6:03:55 p.m.
Test run gale.laws.BandedLawSuite started
gale.laws.BandedLawSuite: finished 0.019s
Test run gale.laws.SolverLawSuite started
gale.laws.SolverLawSuite: finished 0.019s
Test run gale.laws.SolverLawSuite finished: 0 failed, 0 ignored, 1 total 0.023s
Test run gale.laws.BandedLawSuite finished: 0 failed, 0 ignored, 2 total 0.023s
Test run gale.laws.CanonicalizationLawSuite started
gale.laws.CanonicalizationLawSuite: finished 0.021s
Test run gale.laws.CanonicalizationLawSuite finished: 0 failed, 0 ignored, 4 total 0.024s
Test run gale.laws.BandedCholeskyLawSuite started
gale.laws.BandedCholeskyLawSuite: finished 0.031s
Test run gale.laws.BandedCholeskyLawSuite finished: 0 failed, 0 ignored, 9 total 0.035s
Test run gale.laws.SpectralBackendLawSuite started
gale.laws.SpectralBackendLawSuite: finished 0.041s
Test run gale.laws.SpectralBackendLawSuite finished: 0 failed, 0 ignored, 4 total 0.044s
Test run gale.laws.AdversarialGeneratorSuite started
gale.laws.AdversarialGeneratorSuite: finished 0.028s
Test run gale.laws.AdversarialGeneratorSuite finished: 0 failed, 0 ignored, 3 total 0.028s
Test run gale.laws.MatrixMarketLawSuite started
gale.laws.MatrixMarketLawSuite: finished 0.081s
Test run gale.laws.MatrixMarketLawSuite finished: 0 failed, 0 ignored, 1 total 0.084s
Test run gale.laws.GeneralizedOperatorLawSuite started
gale.laws.GeneralizedOperatorLawSuite: finished 0.075s
Test run gale.laws.GeneralizedOperatorLawSuite finished: 0 failed, 0 ignored, 4 total 0.075s
Test run gale.laws.GeneralizedLanczosLawSuite started
gale.laws.GeneralizedLanczosLawSuite: finished 0.092s
Test run gale.laws.GeneralizedLanczosLawSuite finished: 0 failed, 0 ignored, 3 total 0.093s
Test run gale.laws.DenseLawSuite started
gale.laws.DenseLawSuite: finished 0.107s
Test run gale.laws.DenseLawSuite finished: 0 failed, 0 ignored, 11 total 0.107s
Test run gale.laws.SpectralLawSuite started
gale.laws.SpectralLawSuite: finished 0.117s
Test run gale.laws.SpectralLawSuite finished: 0 failed, 0 ignored, 12 total 0.117s
[info] Passed: Total 54, Failed 0, Errors 0, Passed 54
[success] Total time: 0 s, completed Oct 7, 2026, 6:03:56 p.m.
[info] compiling 11 Scala sources to /Users/bbuchsbaum/code/scala/gale/laws/js/target/scala-3.7.4/test-classes ...
[info] done compiling
[info] Fast optimizing /Users/bbuchsbaum/code/scala/gale/laws/js/target/scala-3.7.4/gale-laws-test-fastopt
Test run gale.laws.BandedCholeskyLawSuite started
Test run gale.laws.SpectralLawSuite started
gale.laws.BandedCholeskyLawSuite: finished 0.018s
Test run gale.laws.BandedCholeskyLawSuite finished: 0 failed, 0 ignored, 9 total 0.018s
gale.laws.SpectralLawSuite: finished 0.110s
Test run gale.laws.SpectralLawSuite finished: 0 failed, 0 ignored, 12 total 0.110s
Test run gale.laws.GeneralizedLanczosLawSuite started
Test run gale.laws.BandedLawSuite started
Test run gale.laws.MatrixMarketLawSuite started
gale.laws.BandedLawSuite: finished 0.007s
Test run gale.laws.BandedLawSuite finished: 0 failed, 0 ignored, 2 total 0.007s
gale.laws.MatrixMarketLawSuite: finished 0.045s
Test run gale.laws.MatrixMarketLawSuite finished: 0 failed, 0 ignored, 1 total 0.045s
Test run gale.laws.SolverLawSuite started
gale.laws.SolverLawSuite: finished 0.007s
Test run gale.laws.SolverLawSuite finished: 0 failed, 0 ignored, 1 total 0.007s
gale.laws.GeneralizedLanczosLawSuite: finished 0.082s
Test run gale.laws.GeneralizedLanczosLawSuite finished: 0 failed, 0 ignored, 3 total 0.082s
Test run gale.laws.CanonicalizationLawSuite started
Test run gale.laws.DenseLawSuite started
gale.laws.CanonicalizationLawSuite: finished 0.008s
Test run gale.laws.CanonicalizationLawSuite finished: 0 failed, 0 ignored, 4 total 0.008s
Test run gale.laws.SpectralBackendLawSuite started
Test run gale.laws.AdversarialGeneratorSuite started
gale.laws.SpectralBackendLawSuite: finished 0.015s
Test run gale.laws.SpectralBackendLawSuite finished: 0 failed, 0 ignored, 4 total 0.015s
gale.laws.AdversarialGeneratorSuite: finished 0.021s
Test run gale.laws.AdversarialGeneratorSuite finished: 0 failed, 0 ignored, 3 total 0.021s
Test run gale.laws.GeneralizedOperatorLawSuite started
gale.laws.DenseLawSuite: finished 0.074s
Test run gale.laws.DenseLawSuite finished: 0 failed, 0 ignored, 11 total 0.074s
gale.laws.GeneralizedOperatorLawSuite: finished 0.063s
Test run gale.laws.GeneralizedOperatorLawSuite finished: 0 failed, 0 ignored, 4 total 0.063s
[info] Passed: Total 54, Failed 0, Errors 0, Passed 54
[success] Total time: 7 s, completed Oct 7, 2026, 6:04:03 p.m.
[info] Full optimizing /Users/bbuchsbaum/code/scala/gale/core/js/target/scala-3.7.4/gale-core-test-opt
[success] Total time: 5 s, completed Oct 7, 2026, 6:04:08 p.m.
[info] Full optimizing /Users/bbuchsbaum/code/scala/gale/laws/js/target/scala-3.7.4/gale-laws-test-opt
[success] Total time: 2 s, completed Oct 7, 2026, 6:04:10 p.m.
Test run gale.parity.NearCutoffParitySuite started
gale.parity.NearCutoffParitySuite: finished 0.075s
Test run gale.parity.NearCutoffParitySuite finished: 0 failed, 0 ignored, 4 total 0.086s
Test run gale.parity.EverydayOpsParitySuite started
gale.parity.EverydayOpsParitySuite: finished 0.731s
Test run gale.parity.EverydayOpsParitySuite finished: 0 failed, 0 ignored, 7 total 0.732s
Test run gale.parity.SparseDirectParitySuite started
gale.parity.SparseDirectParitySuite: finished 0.006s
Test run gale.parity.SparseDirectParitySuite finished: 0 failed, 0 ignored, 2 total 0.006s
Oct 07, 2026 6:04:12 P.M. dev.ludovic.netlib.lapack.InstanceBuilder initializeNative
WARNING: Failed to load implementation from:dev.ludovic.netlib.lapack.JNILAPACK
Oct 07, 2026 6:04:12 P.M. dev.ludovic.netlib.blas.InstanceBuilder initializeNative
WARNING: Failed to load implementation from:dev.ludovic.netlib.blas.JNIBLAS
trying to return java 16 instance
Oct 07, 2026 6:04:12 P.M. dev.ludovic.netlib.blas.InstanceBuilder initializeJava
WARNING: Failed to load implementation from:dev.ludovic.netlib.blas.VectorBLAS
return java 11 instance
Test run gale.parity.FactorizationParitySuite started
gale.parity.FactorizationParitySuite: finished 0.132s
Test run gale.parity.FactorizationParitySuite finished: 0 failed, 0 ignored, 18 total 0.132s
Test run gale.parity.IterativeSolveParitySuite started
gale.parity.IterativeSolveParitySuite: finished 0.023s
Test run gale.parity.IterativeSolveParitySuite finished: 0 failed, 0 ignored, 5 total 0.023s
Test run gale.parity.IterativeAlgorithmParitySuite started
gale.parity.IterativeAlgorithmParitySuite: finished 0.003s
Test run gale.parity.IterativeAlgorithmParitySuite finished: 0 failed, 0 ignored, 1 total 0.004s
Test run gale.parity.FullSvdParitySuite started
gale.parity.FullSvdParitySuite: finished 0.04s
Test run gale.parity.FullSvdParitySuite finished: 0 failed, 0 ignored, 6 total 0.04s
Test run gale.parity.BandedCholeskyParitySuite started
gale.parity.BandedCholeskyParitySuite: finished 0.017s
Test run gale.parity.BandedCholeskyParitySuite finished: 0 failed, 0 ignored, 1 total 0.017s
Test run gale.parity.NonsymmetricEigenParitySuite started
gale.parity.NonsymmetricEigenParitySuite: finished 0.051s
Test run gale.parity.NonsymmetricEigenParitySuite finished: 0 failed, 0 ignored, 4 total 0.051s
Test run gale.parity.GeneralizedSpectralParitySuite started
gale.parity.GeneralizedSpectralParitySuite: finished 0.012s
Test run gale.parity.GeneralizedSpectralParitySuite finished: 0 failed, 0 ignored, 6 total 0.012s
Test run gale.parity.SpectralParitySuite started
gale.parity.SpectralParitySuite: finished 0.052s
Test run gale.parity.SpectralParitySuite finished: 0 failed, 0 ignored, 5 total 0.052s
Test run gale.parity.BandedSparseParitySuite started
gale.parity.BandedSparseParitySuite: finished 0.028s
Test run gale.parity.BandedSparseParitySuite finished: 0 failed, 0 ignored, 11 total 0.028s
Test run gale.parity.SvdQrParitySuite started
gale.parity.SvdQrParitySuite: finished 0.162s
Test run gale.parity.SvdQrParitySuite finished: 0 failed, 0 ignored, 4 total 0.162s
Test run gale.parity.DenseOpsParitySuite started
gale.parity.DenseOpsParitySuite: finished 0.038s
Test run gale.parity.DenseOpsParitySuite finished: 0 failed, 0 ignored, 11 total 0.039s
[info] Passed: Total 85, Failed 0, Errors 0, Passed 85
[success] Total time: 2 s, completed Oct 7, 2026, 6:04:12 p.m.
Oct 07, 2026 6:04:14 P.M. dev.ludovic.netlib.blas.InstanceBuilder initializeNative
WARNING: Failed to load implementation from:dev.ludovic.netlib.blas.JNIBLAS
trying to return java 16 instance
Oct 07, 2026 6:04:14 P.M. dev.ludovic.netlib.blas.InstanceBuilder initializeJava
WARNING: Failed to load implementation from:dev.ludovic.netlib.blas.VectorBLAS
return java 11 instance
Oct 07, 2026 6:04:14 P.M. dev.ludovic.netlib.lapack.InstanceBuilder initializeNative
WARNING: Failed to load implementation from:dev.ludovic.netlib.lapack.JNILAPACK
Test run userland.BreezeMigrationSuite started
userland.BreezeMigrationSuite: finished 0.857s
Test run userland.BreezeMigrationSuite finished: 0 failed, 0 ignored, 16 total 0.868s
Test run userland.BreezeConversionsSuite started
userland.BreezeConversionsSuite: finished 0.018s
Test run userland.BreezeConversionsSuite finished: 0 failed, 0 ignored, 13 total 0.018s
[info] Passed: Total 29, Failed 0, Errors 0, Passed 29
[success] Total time: 2 s, completed Oct 7, 2026, 6:04:14 p.m.
[info] Main Scala API documentation to /Users/bbuchsbaum/code/scala/gale/core/jvm/target/scala-3.7.4/api...
[info] Skipping unused scalacOptions: -Werror, -Xmax-inlines
[warn] Flag -classpath set repeatedly
[warn] -- Warning: core/shared/src/main/scala/gale/linalg/Matrix.scala:619:6 ----------
[warn] 619 |  def *(alpha: Double): DMat =
[warn]     |      ^
[warn]     |      Couldn't resolve a member for the given link query: DVec.*
[warn] -- Warning: core/shared/src/main/scala/gale/sized/Sized.scala:158:8 ------------
[warn] 158 |    def scale(alpha: Double): SMat[R, C] =
[warn]     |        ^
[warn]     |        Couldn't resolve a member for the given link query: *
[warn] three warnings found
[info] Main Scala API documentation successful.
[success] Total time: 6 s, completed Oct 7, 2026, 6:04:20 p.m.
[info] Main Scala API documentation to /Users/bbuchsbaum/code/scala/gale/core/js/target/scala-3.7.4/api...
[info] Skipping unused scalacOptions: -Werror, -Xmax-inlines, -scalajs-mapSourceURI
[warn] Flag -classpath set repeatedly
[warn] -- Warning: core/shared/src/main/scala/gale/linalg/Matrix.scala:619:6 ----------
[warn] 619 |  def *(alpha: Double): DMat =
[warn]     |      ^
[warn]     |      Couldn't resolve a member for the given link query: DVec.*
[warn] -- Warning: core/shared/src/main/scala/gale/sized/Sized.scala:158:8 ------------
[warn] 158 |    def scale(alpha: Double): SMat[R, C] =
[warn]     |        ^
[warn]     |        Couldn't resolve a member for the given link query: *
[warn] three warnings found
[info] Main Scala API documentation successful.
[success] Total time: 6 s, completed Oct 7, 2026, 6:04:27 p.m.
[info] running mdoc.SbtMain 
[34minfo[39m: Compiling 29 files to /Users/bbuchsbaum/code/scala/gale/site/target/mdoc
[33mwarning[39m: advanced/numerical-contract.md:162:21: Unknown link '../sparse-direct-future.md'.
their own spec in a [future version](../../sparse-direct-future.md). The
                    ^^^^^^^^^^^^^^^^^^^^^^^^^^^^^^^^^^^^^^^^^^^^^^^
[33mwarning[39m: advanced/numerical-contract.md:163:17: Unknown link '../sparse-direct-js.md'.
current plan is [Scala.js sparse-direct](../../sparse-direct-js.md).
                ^^^^^^^^^^^^^^^^^^^^^^^^^^^^^^^^^^^^^^^^^^^^^^^^^^^
[33mwarning[39m: guides/breeze-equivalence.md:382:1: Unknown link '../sparse-direct-future.md'.
[future version](../../sparse-direct-future.md); see
^^^^^^^^^^^^^^^^^^^^^^^^^^^^^^^^^^^^^^^^^^^^^^^
[33mwarning[39m: guides/breeze-equivalence.md:383:1: Unknown link '../sparse-direct-js.md'.
[Scala.js sparse-direct](../../sparse-direct-js.md).
^^^^^^^^^^^^^^^^^^^^^^^^^^^^^^^^^^^^^^^^^^^^^^^^^^^
[33mwarning[39m: guides/breeze-equivalence.md:518:1: Unknown link '../../parity/README.md'.
[`parity/` module](../../../parity/README.md) (`sbt parityTest`). Operations
^^^^^^^^^^^^^^^^^^^^^^^^^^^^^^^^^^^^^^^^^^^^^
[34minfo[39m: Compiled in 9.15s (0 errors, 5 warnings)
[info] Delete API dir
[info] Parsing 25 markup documents, 0 templates, 4 configurations, 0 stylesheets ...
[info] Rendering 25 html documents, copying 14 static files ...
[info] Generated html in /Users/bbuchsbaum/code/scala/gale/site/target/docs/site
[success] Total time: 12 s, completed Oct 7, 2026, 6:04:39 p.m.
[info] compiling 1 Scala source to /Users/bbuchsbaum/code/scala/gale/benchmarks/jvm/target/scala-3.7.4/classes ...
[info] done compiling
[info] running (fork) org.openjdk.jmh.generators.bytecode.JmhBytecodeGenerator /Users/bbuchsbaum/code/scala/gale/benchmarks/jvm/target/scala-3.7.4/classes /Users/bbuchsbaum/code/scala/gale/benchmarks/jvm/target/scala-3.7.4/src_managed/jmh /Users/bbuchsbaum/code/scala/gale/benchmarks/jvm/target/scala-3.7.4/resource_managed/jmh default
[info] Processing 259 classes from /Users/bbuchsbaum/code/scala/gale/benchmarks/jvm/target/scala-3.7.4/classes with "reflection" generator
[info] Writing out Java source to /Users/bbuchsbaum/code/scala/gale/benchmarks/jvm/target/scala-3.7.4/src_managed/jmh and resources to /Users/bbuchsbaum/code/scala/gale/benchmarks/jvm/target/scala-3.7.4/resource_managed/jmh
[success] Total time: 2 s, completed Oct 7, 2026, 6:04:41 p.m.
[info] compiling 5 Scala sources to /Users/bbuchsbaum/code/scala/gale/benchmarks/js/target/scala-3.7.4/classes ...
[info] done compiling
[success] Total time: 2 s, completed Oct 7, 2026, 6:04:43 p.m.
[info] Defining coreJS / scalaJSStage
[info] The new value will be used by coreJS / Compile / scalaJSLinkedFile, coreJS / Compile / scalaJSLinkerResult and 2 others.
[info] 	Run `last` for details.
[info] Reapplying settings...
[info] set current project to gale (in build file:/Users/bbuchsbaum/code/scala/gale/)
[info] compiling 78 Scala sources to /Users/bbuchsbaum/code/scala/gale/core/js/target/scala-3.7.4/classes ...
[info] done compiling
[info] compiling 116 Scala sources to /Users/bbuchsbaum/code/scala/gale/core/js/target/scala-3.7.4/test-classes ...
[info] done compiling
[info] Full optimizing /Users/bbuchsbaum/code/scala/gale/core/js/target/scala-3.7.4/gale-core-test-opt
Test run gale.optim.StandardTermsSuite started
Test run gale.optim.BoxQuasiNewtonSuite started
gale.optim.StandardTermsSuite: finished 0.007s
Test run gale.optim.StandardTermsSuite finished: 0 failed, 0 ignored, 7 total 0.007s
gale.optim.BoxQuasiNewtonSuite: finished 0.010s
Test run gale.optim.BoxQuasiNewtonSuite finished: 0 failed, 0 ignored, 10 total 0.010s
Test run gale.optim.SmoothOptimizationSuite started
Test run gale.optim.LevenbergMarquardtSuite started
Test run gale.optim.AcceleratedProximalSuite started
Test run gale.optim.OptimizationContractsSuite started
Test run gale.optim.OptimizationNumericsSuite started
gale.optim.OptimizationNumericsSuite: finished 0.006s
Test run gale.optim.OptimizationNumericsSuite finished: 0 failed, 0 ignored, 1 total 0.006s
gale.optim.OptimizationContractsSuite: finished 0.016s
Test run gale.optim.OptimizationContractsSuite finished: 0 failed, 0 ignored, 7 total 0.016s
gale.optim.LevenbergMarquardtSuite: finished 0.025s
Test run gale.optim.LevenbergMarquardtSuite finished: 0 failed, 0 ignored, 13 total 0.025s
Test run gale.optim.FirstOrderOptimizationSuite started
gale.optim.SmoothOptimizationSuite: finished 0.038s
Test run gale.optim.SmoothOptimizationSuite finished: 0 failed, 0 ignored, 9 total 0.038s
Test run gale.optim.DenseObjectivesSuite started
gale.optim.DenseObjectivesSuite: finished 0.007s
Test run gale.optim.DenseObjectivesSuite finished: 0 failed, 0 ignored, 4 total 0.007s
gale.optim.AcceleratedProximalSuite: finished 0.038s
Test run gale.optim.AcceleratedProximalSuite finished: 0 failed, 0 ignored, 11 total 0.038s
Test run gale.optim.LBFGSBSuite started
gale.optim.FirstOrderOptimizationSuite: finished 0.029s
Test run gale.optim.FirstOrderOptimizationSuite finished: 0 failed, 0 ignored, 16 total 0.029s
Test run gale.optim.ConstrainedRayleighSuite started
gale.optim.LBFGSBSuite: finished 0.019s
Test run gale.optim.LBFGSBSuite finished: 0 failed, 0 ignored, 11 total 0.019s
gale.optim.ConstrainedRayleighSuite: finished 0.063s
Test run gale.optim.ConstrainedRayleighSuite finished: 0 failed, 0 ignored, 7 total 0.063s
[info] Passed: Total 96, Failed 0, Errors 0, Passed 96
[success] Total time: 42 s, completed Oct 7, 2026, 6:05:31 p.m.
